2025-11-25 12:58:55,093 - database - INFO - Loaded 4000 rows from table: VCB_OHLCV
2025-11-25 12:58:55,118 - database - INFO - Loaded 65 rows from table: VCB_Fundamental
2025-11-25 12:58:57,158 - database - INFO - Loaded 2981 rows from table: BID_OHLCV
2025-11-25 12:58:57,166 - database - INFO - Loaded 52 rows from table: BID_Fundamental
2025-11-25 12:58:58,370 - database - INFO - Loaded 4000 rows from table: CTG_OHLCV
2025-11-25 12:58:58,379 - database - INFO - Loaded 63 rows from table: CTG_Fundamental
2025-11-25 12:58:59,673 - database - INFO - Loaded 1899 rows from table: TCB_OHLCV
2025-11-25 12:58:59,681 - database - INFO - Loaded 49 rows from table: TCB_Fundamental
2025-11-25 12:59:00,860 - database - INFO - Loaded 3544 rows from table: MBB_OHLCV
2025-11-25 12:59:00,869 - database - INFO - Loaded 54 rows from table: MBB_Fundamental
2025-11-25 12:59:02,183 - database - INFO - Loaded 2096 rows from table: VPB_OHLCV
2025-11-25 12:59:02,191 - database - INFO - Loaded 50 rows from table: VPB_Fundamental
2025-11-25 12:59:03,258 - database - INFO - Loaded 4000 rows from table: ACB_OHLCV
2025-11-25 12:59:03,266 - database - INFO - Loaded 72 rows from table: ACB_Fundamental
2025-11-25 12:59:04,580 - database - INFO - Loaded 4000 rows from table: STB_OHLCV
2025-11-25 12:59:04,588 - database - INFO - Loaded 69 rows from table: STB_Fundamental
2025-11-25 12:59:05,874 - database - INFO - Loaded 1997 rows from table: HDB_OHLCV
2025-11-25 12:59:05,881 - database - INFO - Loaded 35 rows from table: HDB_Fundamental
2025-11-25 12:59:06,912 - database - INFO - Loaded 1928 rows from table: TPB_OHLCV
2025-11-25 12:59:06,920 - database - INFO - Loaded 32 rows from table: TPB_Fundamental
2025-11-25 13:26:15,426 - database - INFO - Loaded 4000 rows from table: VCB_OHLCV
2025-11-25 13:26:15,449 - database - INFO - Loaded 65 rows from table: VCB_Fundamental
2025-11-25 13:26:16,708 - database - INFO - Loaded 2981 rows from table: BID_OHLCV
2025-11-25 13:26:16,716 - database - INFO - Loaded 52 rows from table: BID_Fundamental
2025-11-25 13:26:18,066 - database - INFO - Loaded 4000 rows from table: CTG_OHLCV
2025-11-25 13:26:18,075 - database - INFO - Loaded 63 rows from table: CTG_Fundamental
2025-11-25 13:26:19,323 - database - INFO - Loaded 1899 rows from table: TCB_OHLCV
2025-11-25 13:26:19,333 - database - INFO - Loaded 49 rows from table: TCB_Fundamental
2025-11-25 13:26:20,349 - database - INFO - Loaded 3544 rows from table: MBB_OHLCV
2025-11-25 13:26:20,358 - database - INFO - Loaded 54 rows from table: MBB_Fundamental
2025-11-25 13:26:21,664 - database - INFO - Loaded 2096 rows from table: VPB_OHLCV
2025-11-25 13:26:21,671 - database - INFO - Loaded 50 rows from table: VPB_Fundamental
2025-11-25 13:26:22,693 - database - INFO - Loaded 4000 rows from table: ACB_OHLCV
2025-11-25 13:26:22,702 - database - INFO - Loaded 72 rows from table: ACB_Fundamental
2025-11-25 13:26:23,892 - database - INFO - Loaded 4000 rows from table: STB_OHLCV
2025-11-25 13:26:23,901 - database - INFO - Loaded 69 rows from table: STB_Fundamental
2025-11-25 13:26:25,128 - database - INFO - Loaded 1997 rows from table: HDB_OHLCV
2025-11-25 13:26:25,136 - database - INFO - Loaded 35 rows from table: HDB_Fundamental
2025-11-25 13:26:26,170 - database - INFO - Loaded 1928 rows from table: TPB_OHLCV
2025-11-25 13:26:26,178 - database - INFO - Loaded 32 rows from table: TPB_Fundamental
2025-11-25 13:38:13,392 - database - INFO - Loaded 4000 rows from table: VCB_OHLCV
2025-11-25 13:38:13,414 - database - INFO - Loaded 65 rows from table: VCB_Fundamental
2025-11-25 13:38:14,705 - database - INFO - Loaded 2981 rows from table: BID_OHLCV
2025-11-25 13:38:14,713 - database - INFO - Loaded 52 rows from table: BID_Fundamental
2025-11-25 13:38:15,872 - database - INFO - Loaded 4000 rows from table: CTG_OHLCV
2025-11-25 13:38:15,881 - database - INFO - Loaded 63 rows from table: CTG_Fundamental
2025-11-25 13:38:17,116 - database - INFO - Loaded 1899 rows from table: TCB_OHLCV
2025-11-25 13:38:17,124 - database - INFO - Loaded 49 rows from table: TCB_Fundamental
2025-11-25 13:38:18,143 - database - INFO - Loaded 3544 rows from table: MBB_OHLCV
2025-11-25 13:38:18,151 - database - INFO - Loaded 54 rows from table: MBB_Fundamental
2025-11-25 13:38:19,448 - database - INFO - Loaded 2096 rows from table: VPB_OHLCV
2025-11-25 13:38:19,455 - database - INFO - Loaded 50 rows from table: VPB_Fundamental
2025-11-25 13:38:20,483 - database - INFO - Loaded 4000 rows from table: ACB_OHLCV
2025-11-25 13:38:20,491 - database - INFO - Loaded 72 rows from table: ACB_Fundamental
2025-11-25 13:38:21,679 - database - INFO - Loaded 4000 rows from table: STB_OHLCV
2025-11-25 13:38:21,690 - database - INFO - Loaded 69 rows from table: STB_Fundamental
2025-11-25 13:38:22,891 - database - INFO - Loaded 1997 rows from table: HDB_OHLCV
2025-11-25 13:38:22,899 - database - INFO - Loaded 35 rows from table: HDB_Fundamental
2025-11-25 13:38:23,915 - database - INFO - Loaded 1928 rows from table: TPB_OHLCV
2025-11-25 13:38:23,923 - database - INFO - Loaded 32 rows from table: TPB_Fundamental
2025-11-25 13:57:27,744 - database - INFO - Loaded 4000 rows from table: VCB_OHLCV
2025-11-25 13:57:27,770 - database - INFO - Loaded 65 rows from table: VCB_Fundamental
2025-11-25 13:57:29,048 - database - INFO - Loaded 2981 rows from table: BID_OHLCV
2025-11-25 13:57:29,055 - database - INFO - Loaded 52 rows from table: BID_Fundamental
2025-11-25 13:57:30,198 - database - INFO - Loaded 4000 rows from table: CTG_OHLCV
2025-11-25 13:57:30,206 - database - INFO - Loaded 63 rows from table: CTG_Fundamental
2025-11-25 13:57:31,398 - database - INFO - Loaded 1899 rows from table: TCB_OHLCV
2025-11-25 13:57:31,406 - database - INFO - Loaded 49 rows from table: TCB_Fundamental
2025-11-25 13:57:32,416 - database - INFO - Loaded 3544 rows from table: MBB_OHLCV
2025-11-25 13:57:32,424 - database - INFO - Loaded 54 rows from table: MBB_Fundamental
2025-11-25 13:57:33,708 - database - INFO - Loaded 2096 rows from table: VPB_OHLCV
2025-11-25 13:57:33,716 - database - INFO - Loaded 50 rows from table: VPB_Fundamental
2025-11-25 13:57:34,729 - database - INFO - Loaded 4000 rows from table: ACB_OHLCV
2025-11-25 13:57:34,738 - database - INFO - Loaded 72 rows from table: ACB_Fundamental
2025-11-25 13:57:35,915 - database - INFO - Loaded 4000 rows from table: STB_OHLCV
2025-11-25 13:57:35,924 - database - INFO - Loaded 69 rows from table: STB_Fundamental
2025-11-25 13:57:37,114 - database - INFO - Loaded 1997 rows from table: HDB_OHLCV
2025-11-25 13:57:37,121 - database - INFO - Loaded 35 rows from table: HDB_Fundamental
2025-11-25 13:57:38,122 - database - INFO - Loaded 1928 rows from table: TPB_OHLCV
2025-11-25 13:57:38,131 - database - INFO - Loaded 32 rows from table: TPB_Fundamental
2025-11-25 15:26:44,427 - database - INFO - Loaded 4000 rows from table: VCB_OHLCV
2025-11-25 15:26:44,450 - database - INFO - Loaded 65 rows from table: VCB_Fundamental
2025-11-25 15:26:45,708 - database - INFO - Loaded 2981 rows from table: BID_OHLCV
2025-11-25 15:26:45,716 - database - INFO - Loaded 52 rows from table: BID_Fundamental
2025-11-25 15:26:46,845 - database - INFO - Loaded 4000 rows from table: CTG_OHLCV
2025-11-25 15:26:46,853 - database - INFO - Loaded 63 rows from table: CTG_Fundamental
2025-11-25 15:26:48,074 - database - INFO - Loaded 1899 rows from table: TCB_OHLCV
2025-11-25 15:26:48,082 - database - INFO - Loaded 49 rows from table: TCB_Fundamental
2025-11-25 15:26:49,102 - database - INFO - Loaded 3544 rows from table: MBB_OHLCV
2025-11-25 15:26:49,109 - database - INFO - Loaded 54 rows from table: MBB_Fundamental
2025-11-25 15:26:50,440 - database - INFO - Loaded 2096 rows from table: VPB_OHLCV
2025-11-25 15:26:50,448 - database - INFO - Loaded 50 rows from table: VPB_Fundamental
2025-11-25 15:26:51,480 - database - INFO - Loaded 4000 rows from table: ACB_OHLCV
2025-11-25 15:26:51,487 - database - INFO - Loaded 72 rows from table: ACB_Fundamental
2025-11-25 15:26:52,721 - database - INFO - Loaded 4000 rows from table: STB_OHLCV
2025-11-25 15:26:52,729 - database - INFO - Loaded 69 rows from table: STB_Fundamental
2025-11-25 15:26:53,943 - database - INFO - Loaded 1997 rows from table: HDB_OHLCV
2025-11-25 15:26:53,950 - database - INFO - Loaded 35 rows from table: HDB_Fundamental
2025-11-25 15:26:55,076 - database - INFO - Loaded 1928 rows from table: TPB_OHLCV
2025-11-25 15:26:55,083 - database - INFO - Loaded 32 rows from table: TPB_Fundamental
2025-11-25 15:49:21,154 - database - INFO - Loaded 4000 rows from table: VCB_OHLCV
2025-11-25 15:49:21,178 - database - INFO - Loaded 65 rows from table: VCB_Fundamental
2025-11-25 15:49:22,454 - database - INFO - Loaded 2981 rows from table: BID_OHLCV
2025-11-25 15:49:22,462 - database - INFO - Loaded 52 rows from table: BID_Fundamental
2025-11-25 15:49:23,600 - database - INFO - Loaded 4000 rows from table: CTG_OHLCV
2025-11-25 15:49:23,608 - database - INFO - Loaded 63 rows from table: CTG_Fundamental
2025-11-25 15:49:24,825 - database - INFO - Loaded 1899 rows from table: TCB_OHLCV
2025-11-25 15:49:24,833 - database - INFO - Loaded 49 rows from table: TCB_Fundamental
2025-11-25 15:49:25,993 - database - INFO - Loaded 3544 rows from table: MBB_OHLCV
2025-11-25 15:49:26,000 - database - INFO - Loaded 54 rows from table: MBB_Fundamental
2025-11-25 15:49:27,292 - database - INFO - Loaded 2096 rows from table: VPB_OHLCV
2025-11-25 15:49:27,300 - database - INFO - Loaded 50 rows from table: VPB_Fundamental
2025-11-25 15:49:28,336 - database - INFO - Loaded 4000 rows from table: ACB_OHLCV
2025-11-25 15:49:28,344 - database - INFO - Loaded 72 rows from table: ACB_Fundamental
2025-11-25 15:49:29,512 - database - INFO - Loaded 4000 rows from table: STB_OHLCV
2025-11-25 15:49:29,522 - database - INFO - Loaded 69 rows from table: STB_Fundamental
2025-11-25 15:49:30,737 - database - INFO - Loaded 1997 rows from table: HDB_OHLCV
2025-11-25 15:49:30,744 - database - INFO - Loaded 35 rows from table: HDB_Fundamental
