2025-11-27 14:52:40,962 - data_collector - INFO - Starting data collection for 8 tickers
2025-11-27 14:52:40,962 - data_collector - INFO - Date range: 2010-01-01 to 2025-11-26
2025-11-27 14:52:41,075 - data_collector - ERROR - VN-Index CSV file not found. Please download from CafeF/HOSE.
2025-11-27 14:52:41,075 - data_collector - INFO - Processing batch: ['VCB', 'BID', 'CTG', 'TCB', 'MBB', 'VPB', 'ACB', 'HDB']
2025-11-27 14:52:45,213 - data_collector - INFO - Fetched OHLCV data for VCB: 4000 rows
2025-11-27 14:52:45,252 - data_collector - INFO - ⏳ Waiting 20s before fundamental request...
2025-11-27 14:53:05,266 - data_collector - INFO - Fetching fundamental data for VCB...
2025-11-27 14:53:05,537 - data_collector - INFO - Raw data: 65 rows, 31 columns
2025-11-27 14:53:05,538 - data_collector - INFO - Available columns: 31/31
2025-11-27 14:53:05,541 - data_collector - INFO - Processed fundamental data for VCB: 65 rows, 33 columns
2025-11-27 14:53:05,552 - data_collector - INFO - Successfully processed VCB
2025-11-27 14:53:05,552 - data_collector - INFO - ⏳ Waiting 30s before next ticker...
2025-11-27 14:53:39,467 - data_collector - WARNING - Missing data for BID (possible IPO or delisting)
2025-11-27 14:53:39,468 - data_collector - INFO - Fetched OHLCV data for BID: 2981 rows
2025-11-27 14:53:39,496 - data_collector - INFO - ⏳ Waiting 20s before fundamental request...
2025-11-27 14:53:59,497 - data_collector - INFO - Fetching fundamental data for BID...
2025-11-27 14:53:59,783 - data_collector - INFO - Raw data: 52 rows, 31 columns
2025-11-27 14:53:59,783 - data_collector - INFO - Available columns: 31/31
2025-11-27 14:53:59,786 - data_collector - INFO - Processed fundamental data for BID: 52 rows, 33 columns
2025-11-27 14:53:59,799 - data_collector - INFO - Successfully processed BID
2025-11-27 14:53:59,799 - data_collector - INFO - ⏳ Waiting 30s before next ticker...
2025-11-27 14:54:34,062 - data_collector - INFO - Fetched OHLCV data for CTG: 4000 rows
2025-11-27 14:54:34,096 - data_collector - INFO - ⏳ Waiting 20s before fundamental request...
2025-11-27 14:54:54,111 - data_collector - INFO - Fetching fundamental data for CTG...
2025-11-27 14:54:54,398 - data_collector - INFO - Raw data: 63 rows, 31 columns
2025-11-27 14:54:54,399 - data_collector - INFO - Available columns: 31/31
2025-11-27 14:54:54,401 - data_collector - INFO - Processed fundamental data for CTG: 63 rows, 33 columns
2025-11-27 14:54:54,415 - data_collector - INFO - Successfully processed CTG
2025-11-27 14:54:54,415 - data_collector - INFO - ⏳ Waiting 30s before next ticker...
2025-11-27 14:55:29,045 - data_collector - WARNING - Missing data for TCB (possible IPO or delisting)
2025-11-27 14:55:29,045 - data_collector - INFO - Fetched OHLCV data for TCB: 1899 rows
2025-11-27 14:55:29,076 - data_collector - INFO - ⏳ Waiting 20s before fundamental request...
2025-11-27 14:55:49,091 - data_collector - INFO - Fetching fundamental data for TCB...
2025-11-27 14:55:49,469 - data_collector - INFO - Raw data: 49 rows, 31 columns
2025-11-27 14:55:49,471 - data_collector - INFO - Available columns: 31/31
2025-11-27 14:55:49,474 - data_collector - INFO - Processed fundamental data for TCB: 49 rows, 33 columns
2025-11-27 14:55:49,499 - data_collector - INFO - Successfully processed TCB
2025-11-27 14:55:49,500 - data_collector - INFO - ⏳ Waiting 30s before next ticker...
2025-11-27 14:56:23,766 - data_collector - INFO - Fetched OHLCV data for MBB: 3544 rows
2025-11-27 14:56:23,818 - data_collector - INFO - ⏳ Waiting 20s before fundamental request...
2025-11-27 14:56:43,831 - data_collector - INFO - Fetching fundamental data for MBB...
2025-11-27 14:56:44,098 - data_collector - INFO - Raw data: 54 rows, 31 columns
2025-11-27 14:56:44,099 - data_collector - INFO - Available columns: 31/31
2025-11-27 14:56:44,102 - data_collector - INFO - Processed fundamental data for MBB: 54 rows, 33 columns
2025-11-27 14:56:44,121 - data_collector - INFO - Successfully processed MBB
2025-11-27 14:56:44,121 - data_collector - INFO - ⏳ Waiting 30s before next ticker...
2025-11-27 14:57:17,964 - data_collector - WARNING - Missing data for VPB (possible IPO or delisting)
2025-11-27 14:57:17,965 - data_collector - INFO - Fetched OHLCV data for VPB: 2096 rows
2025-11-27 14:57:18,021 - data_collector - INFO - ⏳ Waiting 20s before fundamental request...
2025-11-27 14:57:38,029 - data_collector - INFO - Fetching fundamental data for VPB...
2025-11-27 14:57:38,440 - data_collector - INFO - Raw data: 50 rows, 31 columns
2025-11-27 14:57:38,440 - data_collector - INFO - Available columns: 31/31
2025-11-27 14:57:38,443 - data_collector - INFO - Processed fundamental data for VPB: 50 rows, 33 columns
2025-11-27 14:57:38,467 - data_collector - INFO - Successfully processed VPB
2025-11-27 14:57:38,467 - data_collector - INFO - ⏳ Waiting 30s before next ticker...
2025-11-27 14:58:13,164 - data_collector - INFO - Fetched OHLCV data for ACB: 4000 rows
2025-11-27 14:58:13,221 - data_collector - INFO - ⏳ Waiting 20s before fundamental request...
2025-11-27 14:58:33,223 - data_collector - INFO - Fetching fundamental data for ACB...
2025-11-27 14:58:33,481 - data_collector - INFO - Raw data: 72 rows, 31 columns
2025-11-27 14:58:33,481 - data_collector - INFO - Available columns: 31/31
2025-11-27 14:58:33,487 - data_collector - INFO - Processed fundamental data for ACB: 72 rows, 33 columns
2025-11-27 14:58:33,509 - data_collector - INFO - Successfully processed ACB
2025-11-27 14:58:33,509 - data_collector - INFO - ⏳ Waiting 30s before next ticker...
2025-11-27 14:59:07,351 - data_collector - WARNING - Missing data for HDB (possible IPO or delisting)
2025-11-27 14:59:07,352 - data_collector - INFO - Fetched OHLCV data for HDB: 1997 rows
2025-11-27 14:59:07,392 - data_collector - INFO - ⏳ Waiting 20s before fundamental request...
2025-11-27 14:59:27,400 - data_collector - INFO - Fetching fundamental data for HDB...
2025-11-27 14:59:27,740 - data_collector - INFO - Raw data: 35 rows, 31 columns
2025-11-27 14:59:27,740 - data_collector - INFO - Available columns: 31/31
2025-11-27 14:59:27,745 - data_collector - INFO - Processed fundamental data for HDB: 35 rows, 33 columns
2025-11-27 14:59:27,761 - data_collector - INFO - Successfully processed HDB
2025-11-27 14:59:27,994 - data_collector - INFO - Created combined OHLCV data: 24517 rows
2025-11-27 14:59:27,996 - data_collector - INFO - Data collection completed. Available: 8, Failed: 0
