2025-11-21 13:58:08,948 - database - INFO - Dropped table: VCB_OHLCV
2025-11-21 13:58:08,961 - database - INFO - Dropped table: VCB_Fundamental
2025-11-21 13:58:08,974 - database - INFO - Dropped table: BID_OHLCV
2025-11-21 13:58:08,989 - database - INFO - Dropped table: BID_Fundamental
2025-11-21 13:58:09,002 - database - INFO - Dropped table: CTG_OHLCV
2025-11-21 13:58:09,015 - database - INFO - Dropped table: CTG_Fundamental
2025-11-21 13:58:09,022 - database - INFO - Dropped table: TCB_OHLCV
2025-11-21 13:58:09,024 - database - INFO - Dropped table: TCB_Fundamental
2025-11-21 13:58:09,025 - database - INFO - Dropped table: MBB_OHLCV
2025-11-21 13:58:09,026 - database - INFO - Dropped table: MBB_Fundamental
2025-11-21 13:58:09,027 - database - INFO - Dropped table: VPB_OHLCV
2025-11-21 13:58:09,028 - database - INFO - Dropped table: VPB_Fundamental
2025-11-21 13:58:09,030 - database - INFO - Dropped table: ACB_OHLCV
2025-11-21 13:58:09,031 - database - INFO - Dropped table: ACB_Fundamental
2025-11-21 13:58:09,033 - database - INFO - Dropped table: STB_OHLCV
2025-11-21 13:58:09,034 - database - INFO - Dropped table: STB_Fundamental
2025-11-21 13:58:09,036 - database - INFO - Dropped table: HDB_OHLCV
2025-11-21 13:58:09,037 - database - INFO - Dropped table: HDB_Fundamental
2025-11-21 13:58:09,038 - database - INFO - Dropped table: TPB_OHLCV
2025-11-21 13:58:09,040 - database - INFO - Dropped table: TPB_Fundamental
2025-11-21 13:58:09,041 - database - INFO - Dropped table: VNINDEX
2025-11-21 13:58:09,043 - database - INFO - Dropped table: All_OHLCV
2025-11-21 13:58:14,668 - database - INFO - Saved 4000 rows to table: VCB_OHLCV
2025-11-21 13:58:17,001 - database - INFO - Saved 65 rows to table: VCB_Fundamental
2025-11-21 13:58:27,179 - database - INFO - Saved 2981 rows to table: BID_OHLCV
2025-11-21 13:58:29,552 - database - INFO - Saved 52 rows to table: BID_Fundamental
2025-11-21 13:58:38,905 - database - INFO - Saved 4000 rows to table: CTG_OHLCV
2025-11-21 13:58:41,294 - database - INFO - Saved 63 rows to table: CTG_Fundamental
2025-11-21 14:09:01,733 - database - INFO - Dropped table: VCB_OHLCV
2025-11-21 14:09:01,779 - database - INFO - Dropped table: VCB_Fundamental
2025-11-21 14:09:01,821 - database - INFO - Dropped table: BID_OHLCV
2025-11-21 14:09:01,853 - database - INFO - Dropped table: BID_Fundamental
2025-11-21 14:09:01,901 - database - INFO - Dropped table: CTG_OHLCV
2025-11-21 14:09:01,934 - database - INFO - Dropped table: CTG_Fundamental
2025-11-21 14:09:01,948 - database - INFO - Dropped table: TCB_OHLCV
2025-11-21 14:09:01,950 - database - INFO - Dropped table: TCB_Fundamental
2025-11-21 14:09:01,951 - database - INFO - Dropped table: MBB_OHLCV
2025-11-21 14:09:01,952 - database - INFO - Dropped table: MBB_Fundamental
2025-11-21 14:09:01,954 - database - INFO - Dropped table: VPB_OHLCV
2025-11-21 14:09:01,955 - database - INFO - Dropped table: VPB_Fundamental
2025-11-21 14:09:01,957 - database - INFO - Dropped table: ACB_OHLCV
2025-11-21 14:09:01,958 - database - INFO - Dropped table: ACB_Fundamental
2025-11-21 14:09:01,959 - database - INFO - Dropped table: STB_OHLCV
2025-11-21 14:09:01,960 - database - INFO - Dropped table: STB_Fundamental
2025-11-21 14:09:01,962 - database - INFO - Dropped table: HDB_OHLCV
2025-11-21 14:09:01,964 - database - INFO - Dropped table: HDB_Fundamental
2025-11-21 14:09:01,965 - database - INFO - Dropped table: TPB_OHLCV
2025-11-21 14:09:01,967 - database - INFO - Dropped table: TPB_Fundamental
2025-11-21 14:09:01,968 - database - INFO - Dropped table: VNINDEX
2025-11-21 14:09:01,969 - database - INFO - Dropped table: All_OHLCV
2025-11-21 14:09:07,316 - database - INFO - Saved 4000 rows to table: VCB_OHLCV
2025-11-21 14:09:22,721 - database - INFO - Saved 65 rows to table: VCB_Fundamental
2025-11-21 14:09:47,883 - database - INFO - Saved 2981 rows to table: BID_OHLCV
2025-11-21 14:10:03,277 - database - INFO - Saved 52 rows to table: BID_Fundamental
2025-11-21 14:10:27,811 - database - INFO - Saved 4000 rows to table: CTG_OHLCV
2025-11-21 14:10:43,271 - database - INFO - Saved 63 rows to table: CTG_Fundamental
2025-11-21 14:11:08,333 - database - INFO - Saved 1899 rows to table: TCB_OHLCV
2025-11-21 14:11:23,716 - database - INFO - Saved 49 rows to table: TCB_Fundamental
2025-11-21 14:11:47,939 - database - INFO - Saved 3544 rows to table: MBB_OHLCV
2025-11-21 14:12:03,344 - database - INFO - Saved 54 rows to table: MBB_Fundamental
2025-11-21 14:12:27,480 - database - INFO - Saved 2096 rows to table: VPB_OHLCV
2025-11-21 14:12:42,808 - database - INFO - Saved 50 rows to table: VPB_Fundamental
2025-11-21 14:13:06,877 - database - INFO - Saved 4000 rows to table: ACB_OHLCV
2025-11-21 14:13:22,247 - database - INFO - Saved 72 rows to table: ACB_Fundamental
2025-11-21 14:13:48,831 - database - INFO - Saved 4000 rows to table: STB_OHLCV
2025-11-21 14:14:04,885 - database - INFO - Saved 69 rows to table: STB_Fundamental
2025-11-21 14:14:28,748 - database - INFO - Saved 1997 rows to table: HDB_OHLCV
2025-11-21 14:14:44,174 - database - INFO - Saved 35 rows to table: HDB_Fundamental
2025-11-21 14:15:07,964 - database - INFO - Saved 1928 rows to table: TPB_OHLCV
2025-11-21 14:15:23,349 - database - INFO - Saved 32 rows to table: TPB_Fundamental
2025-11-21 14:15:23,364 - database - INFO - Loaded 4000 rows from table: VCB_OHLCV
2025-11-21 14:15:23,373 - database - INFO - Loaded 2981 rows from table: BID_OHLCV
2025-11-21 14:15:23,386 - database - INFO - Loaded 4000 rows from table: CTG_OHLCV
2025-11-21 14:15:23,392 - database - INFO - Loaded 1899 rows from table: TCB_OHLCV
2025-11-21 14:15:23,402 - database - INFO - Loaded 3544 rows from table: MBB_OHLCV
2025-11-21 14:15:23,410 - database - INFO - Loaded 2096 rows from table: VPB_OHLCV
2025-11-21 14:15:23,421 - database - INFO - Loaded 4000 rows from table: ACB_OHLCV
2025-11-21 14:15:23,432 - database - INFO - Loaded 4000 rows from table: STB_OHLCV
2025-11-21 14:15:23,440 - database - INFO - Loaded 1997 rows from table: HDB_OHLCV
2025-11-21 14:15:23,449 - database - INFO - Loaded 1928 rows from table: TPB_OHLCV
2025-11-21 14:15:23,674 - database - INFO - Saved 30445 rows to table: All_OHLCV
2025-11-21 14:23:51,403 - database - INFO - Loaded 4000 rows from table: VCB_OHLCV
2025-11-21 14:23:51,425 - database - INFO - Loaded 65 rows from table: VCB_Fundamental
2025-11-21 14:23:52,796 - database - INFO - Loaded 2981 rows from table: BID_OHLCV
2025-11-21 14:23:52,804 - database - INFO - Loaded 52 rows from table: BID_Fundamental
2025-11-21 14:23:54,031 - database - INFO - Loaded 4000 rows from table: CTG_OHLCV
2025-11-21 14:23:54,040 - database - INFO - Loaded 63 rows from table: CTG_Fundamental
2025-11-21 14:23:55,391 - database - INFO - Loaded 1899 rows from table: TCB_OHLCV
2025-11-21 14:23:55,398 - database - INFO - Loaded 49 rows from table: TCB_Fundamental
2025-11-21 14:23:56,440 - database - INFO - Loaded 3544 rows from table: MBB_OHLCV
2025-11-21 14:23:56,450 - database - INFO - Loaded 54 rows from table: MBB_Fundamental
2025-11-21 14:23:57,715 - database - INFO - Loaded 2096 rows from table: VPB_OHLCV
2025-11-21 14:23:57,723 - database - INFO - Loaded 50 rows from table: VPB_Fundamental
2025-11-21 14:23:58,906 - database - INFO - Loaded 4000 rows from table: ACB_OHLCV
2025-11-21 14:23:58,914 - database - INFO - Loaded 72 rows from table: ACB_Fundamental
2025-11-21 14:24:00,304 - database - INFO - Loaded 4000 rows from table: STB_OHLCV
2025-11-21 14:24:00,314 - database - INFO - Loaded 69 rows from table: STB_Fundamental
2025-11-21 14:24:01,660 - database - INFO - Loaded 1997 rows from table: HDB_OHLCV
2025-11-21 14:24:01,675 - database - INFO - Loaded 35 rows from table: HDB_Fundamental
2025-11-21 14:24:02,720 - database - INFO - Loaded 1928 rows from table: TPB_OHLCV
2025-11-21 14:24:02,726 - database - INFO - Loaded 32 rows from table: TPB_Fundamental
