2025-11-21 13:58:08,940 - data_collector - INFO - Starting data collection for 10 tickers
2025-11-21 13:58:08,940 - data_collector - INFO - Date range: 2010-01-01 to 2025-11-20
2025-11-21 13:58:09,044 - data_collector - ERROR - VN-Index CSV file not found. Please download from CafeF/HOSE.
2025-11-21 13:58:09,044 - data_collector - INFO - Processing batch: ['VCB', 'BID', 'CTG', 'TCB', 'MBB', 'VPB', 'ACB', 'STB', 'HDB', 'TPB']
2025-11-21 13:58:14,631 - data_collector - INFO - Fetched OHLCV data for VCB: 4000 rows
2025-11-21 13:58:14,674 - data_collector - INFO - ⏳ Waiting 2s before fundamental request...
2025-11-21 13:58:16,683 - data_collector - INFO - Fetching fundamental data for VCB...
2025-11-21 13:58:16,982 - data_collector - INFO - Raw data: 65 rows, 31 columns
2025-11-21 13:58:16,983 - data_collector - INFO - Available columns: 31/31
2025-11-21 13:58:16,985 - data_collector - INFO - Processed fundamental data for VCB: 65 rows, 33 columns
2025-11-21 13:58:17,004 - data_collector - INFO - Successfully processed VCB
2025-11-21 13:58:17,005 - data_collector - INFO - ⏳ Waiting 5s before next ticker...
2025-11-21 13:58:27,148 - data_collector - WARNING - Missing data for BID (possible IPO or delisting)
2025-11-21 13:58:27,148 - data_collector - INFO - Fetched OHLCV data for BID: 2981 rows
2025-11-21 13:58:27,184 - data_collector - INFO - ⏳ Waiting 2s before fundamental request...
2025-11-21 13:58:29,191 - data_collector - INFO - Fetching fundamental data for BID...
2025-11-21 13:58:29,533 - data_collector - INFO - Raw data: 52 rows, 31 columns
2025-11-21 13:58:29,534 - data_collector - INFO - Available columns: 31/31
2025-11-21 13:58:29,536 - data_collector - INFO - Processed fundamental data for BID: 52 rows, 33 columns
2025-11-21 13:58:29,556 - data_collector - INFO - Successfully processed BID
2025-11-21 13:58:29,556 - data_collector - INFO - ⏳ Waiting 5s before next ticker...
2025-11-21 13:58:38,868 - data_collector - INFO - Fetched OHLCV data for CTG: 4000 rows
2025-11-21 13:58:38,911 - data_collector - INFO - ⏳ Waiting 2s before fundamental request...
2025-11-21 13:58:40,924 - data_collector - INFO - Fetching fundamental data for CTG...
2025-11-21 13:58:41,275 - data_collector - INFO - Raw data: 63 rows, 31 columns
2025-11-21 13:58:41,275 - data_collector - INFO - Available columns: 31/31
2025-11-21 13:58:41,277 - data_collector - INFO - Processed fundamental data for CTG: 63 rows, 33 columns
2025-11-21 13:58:41,299 - data_collector - INFO - Successfully processed CTG
2025-11-21 13:58:41,300 - data_collector - INFO - ⏳ Waiting 5s before next ticker...
2025-11-21 14:09:01,707 - data_collector - INFO - Starting data collection for 10 tickers
2025-11-21 14:09:01,707 - data_collector - INFO - Date range: 2010-01-01 to 2025-11-20
2025-11-21 14:09:01,970 - data_collector - ERROR - VN-Index CSV file not found. Please download from CafeF/HOSE.
2025-11-21 14:09:01,970 - data_collector - INFO - Processing batch: ['VCB', 'BID', 'CTG', 'TCB', 'MBB', 'VPB', 'ACB', 'STB', 'HDB', 'TPB']
2025-11-21 14:09:07,254 - data_collector - INFO - Fetched OHLCV data for VCB: 4000 rows
2025-11-21 14:09:07,322 - data_collector - INFO - ⏳ Waiting 15s before fundamental request...
2025-11-21 14:09:22,336 - data_collector - INFO - Fetching fundamental data for VCB...
2025-11-21 14:09:22,680 - data_collector - INFO - Raw data: 65 rows, 31 columns
2025-11-21 14:09:22,680 - data_collector - INFO - Available columns: 31/31
2025-11-21 14:09:22,683 - data_collector - INFO - Processed fundamental data for VCB: 65 rows, 33 columns
2025-11-21 14:09:22,726 - data_collector - INFO - Successfully processed VCB
2025-11-21 14:09:22,726 - data_collector - INFO - ⏳ Waiting 20s before next ticker...
2025-11-21 14:09:47,837 - data_collector - WARNING - Missing data for BID (possible IPO or delisting)
2025-11-21 14:09:47,838 - data_collector - INFO - Fetched OHLCV data for BID: 2981 rows
2025-11-21 14:09:47,897 - data_collector - INFO - ⏳ Waiting 15s before fundamental request...
2025-11-21 14:10:02,912 - data_collector - INFO - Fetching fundamental data for BID...
2025-11-21 14:10:03,232 - data_collector - INFO - Raw data: 52 rows, 31 columns
2025-11-21 14:10:03,232 - data_collector - INFO - Available columns: 31/31
2025-11-21 14:10:03,234 - data_collector - INFO - Processed fundamental data for BID: 52 rows, 33 columns
2025-11-21 14:10:03,291 - data_collector - INFO - Successfully processed BID
2025-11-21 14:10:03,291 - data_collector - INFO - ⏳ Waiting 20s before next ticker...
2025-11-21 14:10:27,751 - data_collector - INFO - Fetched OHLCV data for CTG: 4000 rows
2025-11-21 14:10:27,833 - data_collector - INFO - ⏳ Waiting 15s before fundamental request...
2025-11-21 14:10:42,840 - data_collector - INFO - Fetching fundamental data for CTG...
2025-11-21 14:10:43,225 - data_collector - INFO - Raw data: 63 rows, 31 columns
2025-11-21 14:10:43,225 - data_collector - INFO - Available columns: 31/31
2025-11-21 14:10:43,227 - data_collector - INFO - Processed fundamental data for CTG: 63 rows, 33 columns
2025-11-21 14:10:43,276 - data_collector - INFO - Successfully processed CTG
2025-11-21 14:10:43,276 - data_collector - INFO - ⏳ Waiting 20s before next ticker...
2025-11-21 14:11:08,300 - data_collector - WARNING - Missing data for TCB (possible IPO or delisting)
2025-11-21 14:11:08,300 - data_collector - INFO - Fetched OHLCV data for TCB: 1899 rows
2025-11-21 14:11:08,344 - data_collector - INFO - ⏳ Waiting 15s before fundamental request...
2025-11-21 14:11:23,354 - data_collector - INFO - Fetching fundamental data for TCB...
2025-11-21 14:11:23,677 - data_collector - INFO - Raw data: 49 rows, 31 columns
2025-11-21 14:11:23,677 - data_collector - INFO - Available columns: 31/31
2025-11-21 14:11:23,679 - data_collector - INFO - Processed fundamental data for TCB: 49 rows, 33 columns
2025-11-21 14:11:23,721 - data_collector - INFO - Successfully processed TCB
2025-11-21 14:11:23,722 - data_collector - INFO - ⏳ Waiting 20s before next ticker...
2025-11-21 14:11:47,896 - data_collector - INFO - Fetched OHLCV data for MBB: 3544 rows
2025-11-21 14:11:47,953 - data_collector - INFO - ⏳ Waiting 15s before fundamental request...
2025-11-21 14:12:02,954 - data_collector - INFO - Fetching fundamental data for MBB...
2025-11-21 14:12:03,323 - data_collector - INFO - Raw data: 54 rows, 31 columns
2025-11-21 14:12:03,323 - data_collector - INFO - Available columns: 31/31
2025-11-21 14:12:03,326 - data_collector - INFO - Processed fundamental data for MBB: 54 rows, 33 columns
2025-11-21 14:12:03,346 - data_collector - INFO - Successfully processed MBB
2025-11-21 14:12:03,347 - data_collector - INFO - ⏳ Waiting 20s before next ticker...
2025-11-21 14:12:27,455 - data_collector - WARNING - Missing data for VPB (possible IPO or delisting)
2025-11-21 14:12:27,455 - data_collector - INFO - Fetched OHLCV data for VPB: 2096 rows
2025-11-21 14:12:27,484 - data_collector - INFO - ⏳ Waiting 15s before fundamental request...
2025-11-21 14:12:42,494 - data_collector - INFO - Fetching fundamental data for VPB...
2025-11-21 14:12:42,789 - data_collector - INFO - Raw data: 50 rows, 31 columns
2025-11-21 14:12:42,790 - data_collector - INFO - Available columns: 31/31
2025-11-21 14:12:42,792 - data_collector - INFO - Processed fundamental data for VPB: 50 rows, 33 columns
2025-11-21 14:12:42,812 - data_collector - INFO - Successfully processed VPB
2025-11-21 14:12:42,812 - data_collector - INFO - ⏳ Waiting 20s before next ticker...
2025-11-21 14:13:06,841 - data_collector - INFO - Fetched OHLCV data for ACB: 4000 rows
2025-11-21 14:13:06,882 - data_collector - INFO - ⏳ Waiting 15s before fundamental request...
2025-11-21 14:13:21,888 - data_collector - INFO - Fetching fundamental data for ACB...
2025-11-21 14:13:22,228 - data_collector - INFO - Raw data: 72 rows, 31 columns
2025-11-21 14:13:22,228 - data_collector - INFO - Available columns: 31/31
2025-11-21 14:13:22,231 - data_collector - INFO - Processed fundamental data for ACB: 72 rows, 33 columns
2025-11-21 14:13:22,252 - data_collector - INFO - Successfully processed ACB
2025-11-21 14:13:22,252 - data_collector - INFO - ⏳ Waiting 20s before next ticker...
2025-11-21 14:13:48,781 - data_collector - INFO - Fetched OHLCV data for STB: 4000 rows
2025-11-21 14:13:48,842 - data_collector - INFO - ⏳ Waiting 15s before fundamental request...
2025-11-21 14:14:03,858 - data_collector - INFO - Fetching fundamental data for STB...
2025-11-21 14:14:04,861 - data_collector - INFO - Raw data: 69 rows, 31 columns
2025-11-21 14:14:04,861 - data_collector - INFO - Available columns: 31/31
2025-11-21 14:14:04,863 - data_collector - INFO - Processed fundamental data for STB: 69 rows, 33 columns
2025-11-21 14:14:04,890 - data_collector - INFO - Successfully processed STB
2025-11-21 14:14:04,891 - data_collector - INFO - ⏳ Waiting 20s before next ticker...
2025-11-21 14:14:28,711 - data_collector - WARNING - Missing data for HDB (possible IPO or delisting)
2025-11-21 14:14:28,711 - data_collector - INFO - Fetched OHLCV data for HDB: 1997 rows
2025-11-21 14:14:28,759 - data_collector - INFO - ⏳ Waiting 15s before fundamental request...
2025-11-21 14:14:43,770 - data_collector - INFO - Fetching fundamental data for HDB...
2025-11-21 14:14:44,150 - data_collector - INFO - Raw data: 35 rows, 31 columns
2025-11-21 14:14:44,150 - data_collector - INFO - Available columns: 31/31
2025-11-21 14:14:44,152 - data_collector - INFO - Processed fundamental data for HDB: 35 rows, 33 columns
2025-11-21 14:14:44,180 - data_collector - INFO - Successfully processed HDB
2025-11-21 14:14:44,180 - data_collector - INFO - ⏳ Waiting 20s before next ticker...
2025-11-21 14:15:07,932 - data_collector - WARNING - Missing data for TPB (possible IPO or delisting)
2025-11-21 14:15:07,933 - data_collector - INFO - Fetched OHLCV data for TPB: 1928 rows
2025-11-21 14:15:07,979 - data_collector - INFO - ⏳ Waiting 15s before fundamental request...
2025-11-21 14:15:22,993 - data_collector - INFO - Fetching fundamental data for TPB...
2025-11-21 14:15:23,322 - data_collector - INFO - Raw data: 32 rows, 31 columns
2025-11-21 14:15:23,322 - data_collector - INFO - Available columns: 31/31
2025-11-21 14:15:23,325 - data_collector - INFO - Processed fundamental data for TPB: 32 rows, 33 columns
2025-11-21 14:15:23,354 - data_collector - INFO - Successfully processed TPB
2025-11-21 14:15:23,745 - data_collector - INFO - Created combined OHLCV data: 30445 rows
2025-11-21 14:15:23,747 - data_collector - INFO - Data collection completed. Available: 10, Failed: 0
