2025-11-27 14:59:28,001 - feature_engineer - ERROR - Không tìm thấy file VNINDEX.csv. Bỏ qua đặc trưng thị trường.
2025-11-27 14:59:28,064 - feature_engineer - INFO - Đang merge_asof dữ liệu cơ bản cho VCB (direction='backward')...
2025-11-27 14:59:28,171 - feature_engineer - INFO - Đang tạo nhãn cho VCB với 'Asymmetric Volatility-Based Thresholding' (Balanced)...
2025-11-27 14:59:28,174 - feature_engineer - INFO - VCB t+1 thresholds: Up > 1.01%, Down < -0.83%
2025-11-27 14:59:28,183 - feature_engineer - INFO - VCB t+3 thresholds: Up > 1.75%, Down < -1.43%
2025-11-27 14:59:28,188 - feature_engineer - INFO - VCB t+5 thresholds: Up > 2.26%, Down < -1.85%
2025-11-27 14:59:28,195 - feature_engineer - INFO - VCB t+30 thresholds: Up > 5.55%, Down < -4.54%
2025-11-27 14:59:28,201 - feature_engineer - INFO - VCB t+60 thresholds: Up > 7.84%, Down < -6.42%
2025-11-27 14:59:28,208 - feature_engineer - INFO - VCB t+90 thresholds: Up > 9.61%, Down < -7.86%
2025-11-27 14:59:28,255 - feature_engineer - INFO - Đang fit scaler dựa trên 3200 mẫu (80% dữ liệu đầu).
2025-11-27 14:59:28,255 - feature_engineer - INFO - Sử dụng 'Vũ trụ Đặc trưng Ngắn hạn' cho t+1...
2025-11-27 14:59:28,255 - feature_engineer - INFO - Đang chạy lựa chọn đặc trưng cho Target_Direction_t+1 từ 18 ứng cử viên...
2025-11-27 14:59:28,531 - feature_engineer - INFO - Đã chọn 13 đặc trưng 'vàng' cho Target_Direction_t+1 (Top 3: ['RSI_14', 'Volume', 'MACD']).
2025-11-27 14:59:28,543 - feature_engineer - INFO - Sử dụng 'Vũ trụ Đặc trưng Ngắn hạn' cho t+3...
2025-11-27 14:59:28,543 - feature_engineer - INFO - Đang chạy lựa chọn đặc trưng cho Target_Direction_t+3 từ 18 ứng cử viên...
2025-11-27 14:59:28,713 - feature_engineer - INFO - Đã chọn 14 đặc trưng 'vàng' cho Target_Direction_t+3 (Top 3: ['Close_MA7', 'RSI_14', 'MACD_Signal']).
2025-11-27 14:59:28,721 - feature_engineer - INFO - Sử dụng 'Vũ trụ Đặc trưng Ngắn hạn' cho t+5...
2025-11-27 14:59:28,722 - feature_engineer - INFO - Đang chạy lựa chọn đặc trưng cho Target_Direction_t+5 từ 18 ứng cử viên...
2025-11-27 14:59:28,885 - feature_engineer - INFO - Đã chọn 13 đặc trưng 'vàng' cho Target_Direction_t+5 (Top 3: ['Close_MA7', 'MACD', 'Volatility_14']).
2025-11-27 14:59:28,893 - feature_engineer - INFO - Sử dụng 'Vũ trụ Đặc trưng Đầy đủ' cho t+30...
2025-11-27 14:59:28,893 - feature_engineer - INFO - Đang chạy lựa chọn đặc trưng cho Target_Direction_t+30 từ 64 ứng cử viên...
2025-11-27 14:59:29,071 - feature_engineer - INFO - Đã chọn 30 đặc trưng 'vàng' cho Target_Direction_t+30 (Top 3: ['Close', 'Volatility_60', 'MACD']).
2025-11-27 14:59:29,081 - feature_engineer - INFO - Sử dụng 'Vũ trụ Đặc trưng Đầy đủ' cho t+60...
2025-11-27 14:59:29,081 - feature_engineer - INFO - Đang chạy lựa chọn đặc trưng cho Target_Direction_t+60 từ 64 ứng cử viên...
2025-11-27 14:59:29,274 - feature_engineer - INFO - Đã chọn 30 đặc trưng 'vàng' cho Target_Direction_t+60 (Top 3: ['Close', 'MACD', 'BVPS (VND)']).
2025-11-27 14:59:29,284 - feature_engineer - INFO - Sử dụng 'Vũ trụ Đặc trưng Đầy đủ' cho t+90...
2025-11-27 14:59:29,284 - feature_engineer - INFO - Đang chạy lựa chọn đặc trưng cho Target_Direction_t+90 từ 64 ứng cử viên...
2025-11-27 14:59:29,472 - feature_engineer - INFO - Đã chọn 30 đặc trưng 'vàng' cho Target_Direction_t+90 (Top 3: ['Close', 'Provision_Coverage (%)', 'NPL (%)']).
2025-11-27 14:59:29,488 - feature_engineer - INFO - Fit Main Scaler trên 3200 mẫu (proxy)...
2025-11-27 14:59:29,506 - feature_engineer - INFO - Transform Main Scaler trên 4000 mẫu (toàn bộ)...
2025-11-27 14:59:29,936 - feature_engineer - INFO - Đã xử lý và lưu dữ liệu/metadata (an toàn, lọc nhiễu) cho VCB
2025-11-27 14:59:29,964 - feature_engineer - INFO - Đang merge_asof dữ liệu cơ bản cho BID (direction='backward')...
2025-11-27 14:59:30,006 - feature_engineer - INFO - Đang tạo nhãn cho BID với 'Asymmetric Volatility-Based Thresholding' (Balanced)...
2025-11-27 14:59:30,008 - feature_engineer - INFO - BID t+1 thresholds: Up > 1.19%, Down < -0.97%
2025-11-27 14:59:30,013 - feature_engineer - INFO - BID t+3 thresholds: Up > 2.05%, Down < -1.68%
2025-11-27 14:59:30,019 - feature_engineer - INFO - BID t+5 thresholds: Up > 2.65%, Down < -2.17%
2025-11-27 14:59:30,024 - feature_engineer - INFO - BID t+30 thresholds: Up > 6.50%, Down < -5.32%
2025-11-27 14:59:30,030 - feature_engineer - INFO - BID t+60 thresholds: Up > 9.19%, Down < -7.52%
2025-11-27 14:59:30,037 - feature_engineer - INFO - BID t+90 thresholds: Up > 11.25%, Down < -9.21%
2025-11-27 14:59:30,080 - feature_engineer - INFO - Đang fit scaler dựa trên 2384 mẫu (80% dữ liệu đầu).
2025-11-27 14:59:30,080 - feature_engineer - INFO - Sử dụng 'Vũ trụ Đặc trưng Ngắn hạn' cho t+1...
2025-11-27 14:59:30,081 - feature_engineer - INFO - Đang chạy lựa chọn đặc trưng cho Target_Direction_t+1 từ 18 ứng cử viên...
2025-11-27 14:59:30,250 - feature_engineer - INFO - Đã chọn 13 đặc trưng 'vàng' cho Target_Direction_t+1 (Top 3: ['Close_to_Open', 'Volatility_14', 'Volume']).
2025-11-27 14:59:30,260 - feature_engineer - INFO - Sử dụng 'Vũ trụ Đặc trưng Ngắn hạn' cho t+3...
2025-11-27 14:59:30,260 - feature_engineer - INFO - Đang chạy lựa chọn đặc trưng cho Target_Direction_t+3 từ 18 ứng cử viên...
2025-11-27 14:59:30,421 - feature_engineer - INFO - Đã chọn 13 đặc trưng 'vàng' cho Target_Direction_t+3 (Top 3: ['Close_MA7', 'MACD', 'Volatility_14']).
2025-11-27 14:59:30,429 - feature_engineer - INFO - Sử dụng 'Vũ trụ Đặc trưng Ngắn hạn' cho t+5...
2025-11-27 14:59:30,429 - feature_engineer - INFO - Đang chạy lựa chọn đặc trưng cho Target_Direction_t+5 từ 18 ứng cử viên...
2025-11-27 14:59:30,607 - feature_engineer - INFO - Đã chọn 13 đặc trưng 'vàng' cho Target_Direction_t+5 (Top 3: ['Close_MA7', 'Volatility_14', 'MACD']).
2025-11-27 14:59:30,614 - feature_engineer - INFO - Sử dụng 'Vũ trụ Đặc trưng Đầy đủ' cho t+30...
2025-11-27 14:59:30,615 - feature_engineer - INFO - Đang chạy lựa chọn đặc trưng cho Target_Direction_t+30 từ 64 ứng cử viên...
2025-11-27 14:59:30,792 - feature_engineer - INFO - Đã chọn 30 đặc trưng 'vàng' cho Target_Direction_t+30 (Top 3: ['Close', 'Volatility_60', 'time_index']).
2025-11-27 14:59:30,804 - feature_engineer - INFO - Sử dụng 'Vũ trụ Đặc trưng Đầy đủ' cho t+60...
2025-11-27 14:59:30,804 - feature_engineer - INFO - Đang chạy lựa chọn đặc trưng cho Target_Direction_t+60 từ 64 ứng cử viên...
2025-11-27 14:59:31,008 - feature_engineer - INFO - Đã chọn 30 đặc trưng 'vàng' cho Target_Direction_t+60 (Top 3: ['Close', 'Close_MA200', 'Close_lag_365']).
2025-11-27 14:59:31,019 - feature_engineer - INFO - Sử dụng 'Vũ trụ Đặc trưng Đầy đủ' cho t+90...
2025-11-27 14:59:31,020 - feature_engineer - INFO - Đang chạy lựa chọn đặc trưng cho Target_Direction_t+90 từ 64 ứng cử viên...
2025-11-27 14:59:31,193 - feature_engineer - INFO - Đã chọn 30 đặc trưng 'vàng' cho Target_Direction_t+90 (Top 3: ['Close', 'NIM_CIR_Ratio', 'CIR (%)']).
2025-11-27 14:59:31,206 - feature_engineer - INFO - Fit Main Scaler trên 2384 mẫu (proxy)...
2025-11-27 14:59:31,221 - feature_engineer - INFO - Transform Main Scaler trên 2981 mẫu (toàn bộ)...
2025-11-27 14:59:31,461 - feature_engineer - INFO - Đã xử lý và lưu dữ liệu/metadata (an toàn, lọc nhiễu) cho BID
2025-11-27 14:59:31,495 - feature_engineer - INFO - Đang merge_asof dữ liệu cơ bản cho CTG (direction='backward')...
2025-11-27 14:59:31,541 - feature_engineer - INFO - Đang tạo nhãn cho CTG với 'Asymmetric Volatility-Based Thresholding' (Balanced)...
2025-11-27 14:59:31,543 - feature_engineer - INFO - CTG t+1 thresholds: Up > 1.13%, Down < -0.92%
2025-11-27 14:59:31,551 - feature_engineer - INFO - CTG t+3 thresholds: Up > 1.96%, Down < -1.60%
2025-11-27 14:59:31,558 - feature_engineer - INFO - CTG t+5 thresholds: Up > 2.53%, Down < -2.07%
2025-11-27 14:59:31,566 - feature_engineer - INFO - CTG t+30 thresholds: Up > 6.19%, Down < -5.06%
2025-11-27 14:59:31,575 - feature_engineer - INFO - CTG t+60 thresholds: Up > 8.75%, Down < -7.16%
2025-11-27 14:59:31,585 - feature_engineer - INFO - CTG t+90 thresholds: Up > 10.72%, Down < -8.77%
2025-11-27 14:59:31,632 - feature_engineer - INFO - Đang fit scaler dựa trên 3200 mẫu (80% dữ liệu đầu).
2025-11-27 14:59:31,632 - feature_engineer - INFO - Sử dụng 'Vũ trụ Đặc trưng Ngắn hạn' cho t+1...
2025-11-27 14:59:31,633 - feature_engineer - INFO - Đang chạy lựa chọn đặc trưng cho Target_Direction_t+1 từ 18 ứng cử viên...
2025-11-27 14:59:31,813 - feature_engineer - INFO - Đã chọn 13 đặc trưng 'vàng' cho Target_Direction_t+1 (Top 3: ['Volatility_14', 'MACD', 'RSI_14']).
2025-11-27 14:59:31,824 - feature_engineer - INFO - Sử dụng 'Vũ trụ Đặc trưng Ngắn hạn' cho t+3...
2025-11-27 14:59:31,824 - feature_engineer - INFO - Đang chạy lựa chọn đặc trưng cho Target_Direction_t+3 từ 18 ứng cử viên...
2025-11-27 14:59:31,996 - feature_engineer - INFO - Đã chọn 13 đặc trưng 'vàng' cho Target_Direction_t+3 (Top 3: ['MACD', 'Close_MA7', 'Volatility_14']).
2025-11-27 14:59:32,004 - feature_engineer - INFO - Sử dụng 'Vũ trụ Đặc trưng Ngắn hạn' cho t+5...
2025-11-27 14:59:32,004 - feature_engineer - INFO - Đang chạy lựa chọn đặc trưng cho Target_Direction_t+5 từ 18 ứng cử viên...
2025-11-27 14:59:32,181 - feature_engineer - INFO - Đã chọn 13 đặc trưng 'vàng' cho Target_Direction_t+5 (Top 3: ['MACD', 'Close_MA7', 'Volatility_14']).
2025-11-27 14:59:32,189 - feature_engineer - INFO - Sử dụng 'Vũ trụ Đặc trưng Đầy đủ' cho t+30...
2025-11-27 14:59:32,190 - feature_engineer - INFO - Đang chạy lựa chọn đặc trưng cho Target_Direction_t+30 từ 64 ứng cử viên...
2025-11-27 14:59:32,383 - feature_engineer - INFO - Đã chọn 30 đặc trưng 'vàng' cho Target_Direction_t+30 (Top 3: ['Close', 'Volatility_60', 'Close_lag_365']).
2025-11-27 14:59:32,394 - feature_engineer - INFO - Sử dụng 'Vũ trụ Đặc trưng Đầy đủ' cho t+60...
2025-11-27 14:59:32,395 - feature_engineer - INFO - Đang chạy lựa chọn đặc trưng cho Target_Direction_t+60 từ 64 ứng cử viên...
2025-11-27 14:59:32,596 - feature_engineer - INFO - Đã chọn 30 đặc trưng 'vàng' cho Target_Direction_t+60 (Top 3: ['Close', 'CIR (%)', 'eps_change']).
2025-11-27 14:59:32,607 - feature_engineer - INFO - Sử dụng 'Vũ trụ Đặc trưng Đầy đủ' cho t+90...
2025-11-27 14:59:32,607 - feature_engineer - INFO - Đang chạy lựa chọn đặc trưng cho Target_Direction_t+90 từ 64 ứng cử viên...
2025-11-27 14:59:32,811 - feature_engineer - INFO - Đã chọn 30 đặc trưng 'vàng' cho Target_Direction_t+90 (Top 3: ['eps_change', 'EPS (VND)', 'P/E']).
2025-11-27 14:59:32,824 - feature_engineer - INFO - Fit Main Scaler trên 3200 mẫu (proxy)...
2025-11-27 14:59:32,847 - feature_engineer - INFO - Transform Main Scaler trên 4000 mẫu (toàn bộ)...
2025-11-27 14:59:33,186 - feature_engineer - INFO - Đã xử lý và lưu dữ liệu/metadata (an toàn, lọc nhiễu) cho CTG
2025-11-27 14:59:33,207 - feature_engineer - INFO - Đang merge_asof dữ liệu cơ bản cho TCB (direction='backward')...
2025-11-27 14:59:33,236 - feature_engineer - INFO - Đang tạo nhãn cho TCB với 'Asymmetric Volatility-Based Thresholding' (Balanced)...
2025-11-27 14:59:33,236 - feature_engineer - INFO - TCB t+1 thresholds: Up > 1.13%, Down < -0.92%
2025-11-27 14:59:33,243 - feature_engineer - INFO - TCB t+3 thresholds: Up > 1.96%, Down < -1.60%
2025-11-27 14:59:33,250 - feature_engineer - INFO - TCB t+5 thresholds: Up > 2.53%, Down < -2.07%
2025-11-27 14:59:33,256 - feature_engineer - INFO - TCB t+30 thresholds: Up > 6.19%, Down < -5.06%
2025-11-27 14:59:33,264 - feature_engineer - INFO - TCB t+60 thresholds: Up > 8.75%, Down < -7.16%
2025-11-27 14:59:33,269 - feature_engineer - INFO - TCB t+90 thresholds: Up > 10.72%, Down < -8.77%
2025-11-27 14:59:33,317 - feature_engineer - INFO - Đang fit scaler dựa trên 1519 mẫu (80% dữ liệu đầu).
2025-11-27 14:59:33,318 - feature_engineer - INFO - Sử dụng 'Vũ trụ Đặc trưng Ngắn hạn' cho t+1...
2025-11-27 14:59:33,318 - feature_engineer - INFO - Đang chạy lựa chọn đặc trưng cho Target_Direction_t+1 từ 18 ứng cử viên...
2025-11-27 14:59:34,273 - feature_engineer - INFO - Đã chọn 13 đặc trưng 'vàng' cho Target_Direction_t+1 (Top 3: ['Close_MA7', 'High_to_Low', 'Close_to_Open']).
2025-11-27 14:59:34,281 - feature_engineer - INFO - Sử dụng 'Vũ trụ Đặc trưng Ngắn hạn' cho t+3...
2025-11-27 14:59:34,281 - feature_engineer - INFO - Đang chạy lựa chọn đặc trưng cho Target_Direction_t+3 từ 18 ứng cử viên...
2025-11-27 14:59:34,443 - feature_engineer - INFO - Đã chọn 13 đặc trưng 'vàng' cho Target_Direction_t+3 (Top 3: ['Close_MA7', 'High_to_Low', 'MACD']).
2025-11-27 14:59:34,450 - feature_engineer - INFO - Sử dụng 'Vũ trụ Đặc trưng Ngắn hạn' cho t+5...
2025-11-27 14:59:34,450 - feature_engineer - INFO - Đang chạy lựa chọn đặc trưng cho Target_Direction_t+5 từ 18 ứng cử viên...
2025-11-27 14:59:34,601 - feature_engineer - INFO - Đã chọn 13 đặc trưng 'vàng' cho Target_Direction_t+5 (Top 3: ['Close_MA7', 'Volatility_14', 'MACD']).
2025-11-27 14:59:34,609 - feature_engineer - INFO - Sử dụng 'Vũ trụ Đặc trưng Đầy đủ' cho t+30...
2025-11-27 14:59:34,609 - feature_engineer - INFO - Đang chạy lựa chọn đặc trưng cho Target_Direction_t+30 từ 64 ứng cử viên...
2025-11-27 14:59:34,787 - feature_engineer - INFO - Đã chọn 30 đặc trưng 'vàng' cho Target_Direction_t+30 (Top 3: ['time_index', 'Volatility_60', 'Close']).
2025-11-27 14:59:34,796 - feature_engineer - INFO - Sử dụng 'Vũ trụ Đặc trưng Đầy đủ' cho t+60...
2025-11-27 14:59:34,796 - feature_engineer - INFO - Đang chạy lựa chọn đặc trưng cho Target_Direction_t+60 từ 64 ứng cử viên...
2025-11-27 14:59:34,969 - feature_engineer - INFO - Đã chọn 30 đặc trưng 'vàng' cho Target_Direction_t+60 (Top 3: ['time_index', 'Provision_Coverage (%)', 'Close']).
2025-11-27 14:59:34,980 - feature_engineer - INFO - Sử dụng 'Vũ trụ Đặc trưng Đầy đủ' cho t+90...
2025-11-27 14:59:34,981 - feature_engineer - INFO - Đang chạy lựa chọn đặc trưng cho Target_Direction_t+90 từ 64 ứng cử viên...
2025-11-27 14:59:35,156 - feature_engineer - INFO - Đã chọn 30 đặc trưng 'vàng' cho Target_Direction_t+90 (Top 3: ['time_index', 'Cost_of_Funds (%)', 'Provision_Coverage (%)']).
2025-11-27 14:59:35,167 - feature_engineer - INFO - Fit Main Scaler trên 1519 mẫu (proxy)...
2025-11-27 14:59:35,179 - feature_engineer - INFO - Transform Main Scaler trên 1899 mẫu (toàn bộ)...
2025-11-27 14:59:35,364 - feature_engineer - INFO - Đã xử lý và lưu dữ liệu/metadata (an toàn, lọc nhiễu) cho TCB
2025-11-27 14:59:35,392 - feature_engineer - INFO - Đang merge_asof dữ liệu cơ bản cho MBB (direction='backward')...
2025-11-27 14:59:35,432 - feature_engineer - INFO - Đang tạo nhãn cho MBB với 'Asymmetric Volatility-Based Thresholding' (Balanced)...
2025-11-27 14:59:35,434 - feature_engineer - INFO - MBB t+1 thresholds: Up > 0.98%, Down < -0.81%
2025-11-27 14:59:35,441 - feature_engineer - INFO - MBB t+3 thresholds: Up > 1.70%, Down < -1.39%
2025-11-27 14:59:35,446 - feature_engineer - INFO - MBB t+5 thresholds: Up > 2.20%, Down < -1.80%
2025-11-27 14:59:35,455 - feature_engineer - INFO - MBB t+30 thresholds: Up > 5.39%, Down < -4.41%
2025-11-27 14:59:35,460 - feature_engineer - INFO - MBB t+60 thresholds: Up > 7.62%, Down < -6.24%
2025-11-27 14:59:35,467 - feature_engineer - INFO - MBB t+90 thresholds: Up > 9.34%, Down < -7.64%
2025-11-27 14:59:35,509 - feature_engineer - INFO - Đang fit scaler dựa trên 2835 mẫu (80% dữ liệu đầu).
2025-11-27 14:59:35,509 - feature_engineer - INFO - Sử dụng 'Vũ trụ Đặc trưng Ngắn hạn' cho t+1...
2025-11-27 14:59:35,510 - feature_engineer - INFO - Đang chạy lựa chọn đặc trưng cho Target_Direction_t+1 từ 18 ứng cử viên...
2025-11-27 14:59:35,682 - feature_engineer - INFO - Đã chọn 13 đặc trưng 'vàng' cho Target_Direction_t+1 (Top 3: ['Volatility_14', 'Volume', 'Close_MA7']).
2025-11-27 14:59:35,689 - feature_engineer - INFO - Sử dụng 'Vũ trụ Đặc trưng Ngắn hạn' cho t+3...
2025-11-27 14:59:35,690 - feature_engineer - INFO - Đang chạy lựa chọn đặc trưng cho Target_Direction_t+3 từ 18 ứng cử viên...
2025-11-27 14:59:35,857 - feature_engineer - INFO - Đã chọn 13 đặc trưng 'vàng' cho Target_Direction_t+3 (Top 3: ['Close_MA7', 'Volatility_14', 'MACD']).
2025-11-27 14:59:35,866 - feature_engineer - INFO - Sử dụng 'Vũ trụ Đặc trưng Ngắn hạn' cho t+5...
2025-11-27 14:59:35,866 - feature_engineer - INFO - Đang chạy lựa chọn đặc trưng cho Target_Direction_t+5 từ 18 ứng cử viên...
2025-11-27 14:59:36,041 - feature_engineer - INFO - Đã chọn 13 đặc trưng 'vàng' cho Target_Direction_t+5 (Top 3: ['Close_MA7', 'Volatility_14', 'MACD']).
2025-11-27 14:59:36,049 - feature_engineer - INFO - Sử dụng 'Vũ trụ Đặc trưng Đầy đủ' cho t+30...
2025-11-27 14:59:36,049 - feature_engineer - INFO - Đang chạy lựa chọn đặc trưng cho Target_Direction_t+30 từ 64 ứng cử viên...
2025-11-27 14:59:36,225 - feature_engineer - INFO - Đã chọn 30 đặc trưng 'vàng' cho Target_Direction_t+30 (Top 3: ['Close', 'Volatility_60', 'time_index']).
2025-11-27 14:59:36,236 - feature_engineer - INFO - Sử dụng 'Vũ trụ Đặc trưng Đầy đủ' cho t+60...
2025-11-27 14:59:36,236 - feature_engineer - INFO - Đang chạy lựa chọn đặc trưng cho Target_Direction_t+60 từ 64 ứng cử viên...
2025-11-27 14:59:36,427 - feature_engineer - INFO - Đã chọn 30 đặc trưng 'vàng' cho Target_Direction_t+60 (Top 3: ['Close', 'eps_change', 'time_index']).
2025-11-27 14:59:36,438 - feature_engineer - INFO - Sử dụng 'Vũ trụ Đặc trưng Đầy đủ' cho t+90...
2025-11-27 14:59:36,439 - feature_engineer - INFO - Đang chạy lựa chọn đặc trưng cho Target_Direction_t+90 từ 64 ứng cử viên...
2025-11-27 14:59:36,628 - feature_engineer - INFO - Đã chọn 30 đặc trưng 'vàng' cho Target_Direction_t+90 (Top 3: ['eps_change', 'time_index', 'NIM (%)']).
2025-11-27 14:59:36,637 - feature_engineer - INFO - Fit Main Scaler trên 2835 mẫu (proxy)...
2025-11-27 14:59:36,652 - feature_engineer - INFO - Transform Main Scaler trên 3544 mẫu (toàn bộ)...
2025-11-27 14:59:36,995 - feature_engineer - INFO - Đã xử lý và lưu dữ liệu/metadata (an toàn, lọc nhiễu) cho MBB
2025-11-27 14:59:37,014 - feature_engineer - INFO - Đang merge_asof dữ liệu cơ bản cho VPB (direction='backward')...
2025-11-27 14:59:37,049 - feature_engineer - INFO - Đang tạo nhãn cho VPB với 'Asymmetric Volatility-Based Thresholding' (Balanced)...
2025-11-27 14:59:37,051 - feature_engineer - INFO - VPB t+1 thresholds: Up > 1.21%, Down < -0.99%
2025-11-27 14:59:37,055 - feature_engineer - INFO - VPB t+3 thresholds: Up > 2.10%, Down < -1.72%
2025-11-27 14:59:37,059 - feature_engineer - INFO - VPB t+5 thresholds: Up > 2.71%, Down < -2.22%
2025-11-27 14:59:37,067 - feature_engineer - INFO - VPB t+30 thresholds: Up > 6.65%, Down < -5.44%
2025-11-27 14:59:37,072 - feature_engineer - INFO - VPB t+60 thresholds: Up > 9.40%, Down < -7.69%
2025-11-27 14:59:37,077 - feature_engineer - INFO - VPB t+90 thresholds: Up > 11.52%, Down < -9.42%
2025-11-27 14:59:37,118 - feature_engineer - INFO - Đang fit scaler dựa trên 1676 mẫu (80% dữ liệu đầu).
2025-11-27 14:59:37,119 - feature_engineer - INFO - Sử dụng 'Vũ trụ Đặc trưng Ngắn hạn' cho t+1...
2025-11-27 14:59:37,119 - feature_engineer - INFO - Đang chạy lựa chọn đặc trưng cho Target_Direction_t+1 từ 18 ứng cử viên...
2025-11-27 14:59:37,276 - feature_engineer - INFO - Đã chọn 13 đặc trưng 'vàng' cho Target_Direction_t+1 (Top 3: ['RSI_14', 'High_to_Low', 'Close_Pct_Change']).
2025-11-27 14:59:37,286 - feature_engineer - INFO - Sử dụng 'Vũ trụ Đặc trưng Ngắn hạn' cho t+3...
2025-11-27 14:59:37,286 - feature_engineer - INFO - Đang chạy lựa chọn đặc trưng cho Target_Direction_t+3 từ 18 ứng cử viên...
2025-11-27 14:59:37,475 - feature_engineer - INFO - Đã chọn 13 đặc trưng 'vàng' cho Target_Direction_t+3 (Top 3: ['Close_MA7', 'MACD', 'RSI_14']).
2025-11-27 14:59:37,484 - feature_engineer - INFO - Sử dụng 'Vũ trụ Đặc trưng Ngắn hạn' cho t+5...
2025-11-27 14:59:37,484 - feature_engineer - INFO - Đang chạy lựa chọn đặc trưng cho Target_Direction_t+5 từ 18 ứng cử viên...
2025-11-27 14:59:37,642 - feature_engineer - INFO - Đã chọn 13 đặc trưng 'vàng' cho Target_Direction_t+5 (Top 3: ['Close_MA7', 'MACD', 'RSI_14']).
2025-11-27 14:59:37,650 - feature_engineer - INFO - Sử dụng 'Vũ trụ Đặc trưng Đầy đủ' cho t+30...
2025-11-27 14:59:37,651 - feature_engineer - INFO - Đang chạy lựa chọn đặc trưng cho Target_Direction_t+30 từ 64 ứng cử viên...
2025-11-27 14:59:37,824 - feature_engineer - INFO - Đã chọn 30 đặc trưng 'vàng' cho Target_Direction_t+30 (Top 3: ['Close', 'time_index', 'Close_MA200']).
2025-11-27 14:59:37,837 - feature_engineer - INFO - Sử dụng 'Vũ trụ Đặc trưng Đầy đủ' cho t+60...
2025-11-27 14:59:37,838 - feature_engineer - INFO - Đang chạy lựa chọn đặc trưng cho Target_Direction_t+60 từ 64 ứng cử viên...
2025-11-27 14:59:38,024 - feature_engineer - INFO - Đã chọn 30 đặc trưng 'vàng' cho Target_Direction_t+60 (Top 3: ['Close', 'Close_lag_90', 'Close_MA200']).
2025-11-27 14:59:38,034 - feature_engineer - INFO - Sử dụng 'Vũ trụ Đặc trưng Đầy đủ' cho t+90...
2025-11-27 14:59:38,034 - feature_engineer - INFO - Đang chạy lựa chọn đặc trưng cho Target_Direction_t+90 từ 64 ứng cử viên...
2025-11-27 14:59:38,224 - feature_engineer - INFO - Đã chọn 30 đặc trưng 'vàng' cho Target_Direction_t+90 (Top 3: ['NPL (%)', 'Provision_Coverage (%)', 'Non_Interest_Income (%)']).
2025-11-27 14:59:38,234 - feature_engineer - INFO - Fit Main Scaler trên 1676 mẫu (proxy)...
2025-11-27 14:59:38,248 - feature_engineer - INFO - Transform Main Scaler trên 2096 mẫu (toàn bộ)...
2025-11-27 14:59:38,435 - feature_engineer - INFO - Đã xử lý và lưu dữ liệu/metadata (an toàn, lọc nhiễu) cho VPB
2025-11-27 14:59:38,464 - feature_engineer - INFO - Đang merge_asof dữ liệu cơ bản cho ACB (direction='backward')...
2025-11-27 14:59:38,507 - feature_engineer - INFO - Đang tạo nhãn cho ACB với 'Asymmetric Volatility-Based Thresholding' (Balanced)...
2025-11-27 14:59:38,509 - feature_engineer - INFO - ACB t+1 thresholds: Up > 0.94%, Down < -0.77%
2025-11-27 14:59:38,515 - feature_engineer - INFO - ACB t+3 thresholds: Up > 1.63%, Down < -1.33%
2025-11-27 14:59:38,523 - feature_engineer - INFO - ACB t+5 thresholds: Up > 2.10%, Down < -1.72%
2025-11-27 14:59:38,529 - feature_engineer - INFO - ACB t+30 thresholds: Up > 5.14%, Down < -4.21%
2025-11-27 14:59:38,536 - feature_engineer - INFO - ACB t+60 thresholds: Up > 7.27%, Down < -5.95%
2025-11-27 14:59:38,542 - feature_engineer - INFO - ACB t+90 thresholds: Up > 8.90%, Down < -7.29%
2025-11-27 14:59:38,595 - feature_engineer - INFO - Đang fit scaler dựa trên 3200 mẫu (80% dữ liệu đầu).
2025-11-27 14:59:38,595 - feature_engineer - INFO - Sử dụng 'Vũ trụ Đặc trưng Ngắn hạn' cho t+1...
2025-11-27 14:59:38,596 - feature_engineer - INFO - Đang chạy lựa chọn đặc trưng cho Target_Direction_t+1 từ 18 ứng cử viên...
2025-11-27 14:59:38,768 - feature_engineer - INFO - Đã chọn 13 đặc trưng 'vàng' cho Target_Direction_t+1 (Top 3: ['Volatility_14', 'RSI_14', 'High_to_Low']).
2025-11-27 14:59:38,775 - feature_engineer - INFO - Sử dụng 'Vũ trụ Đặc trưng Ngắn hạn' cho t+3...
2025-11-27 14:59:38,776 - feature_engineer - INFO - Đang chạy lựa chọn đặc trưng cho Target_Direction_t+3 từ 18 ứng cử viên...
2025-11-27 14:59:38,955 - feature_engineer - INFO - Đã chọn 13 đặc trưng 'vàng' cho Target_Direction_t+3 (Top 3: ['Volatility_14', 'Close_MA7', 'MACD']).
2025-11-27 14:59:38,963 - feature_engineer - INFO - Sử dụng 'Vũ trụ Đặc trưng Ngắn hạn' cho t+5...
2025-11-27 14:59:38,963 - feature_engineer - INFO - Đang chạy lựa chọn đặc trưng cho Target_Direction_t+5 từ 18 ứng cử viên...
2025-11-27 14:59:39,126 - feature_engineer - INFO - Đã chọn 13 đặc trưng 'vàng' cho Target_Direction_t+5 (Top 3: ['Close_MA7', 'MACD', 'Volatility_14']).
2025-11-27 14:59:39,134 - feature_engineer - INFO - Sử dụng 'Vũ trụ Đặc trưng Đầy đủ' cho t+30...
2025-11-27 14:59:39,134 - feature_engineer - INFO - Đang chạy lựa chọn đặc trưng cho Target_Direction_t+30 từ 64 ứng cử viên...
2025-11-27 14:59:39,326 - feature_engineer - INFO - Đã chọn 30 đặc trưng 'vàng' cho Target_Direction_t+30 (Top 3: ['Close', 'time_index', 'MACD']).
2025-11-27 14:59:39,337 - feature_engineer - INFO - Sử dụng 'Vũ trụ Đặc trưng Đầy đủ' cho t+60...
2025-11-27 14:59:39,337 - feature_engineer - INFO - Đang chạy lựa chọn đặc trưng cho Target_Direction_t+60 từ 64 ứng cử viên...
2025-11-27 14:59:39,529 - feature_engineer - INFO - Đã chọn 30 đặc trưng 'vàng' cho Target_Direction_t+60 (Top 3: ['time_index', 'Close', 'cancel_debt']).
2025-11-27 14:59:39,541 - feature_engineer - INFO - Sử dụng 'Vũ trụ Đặc trưng Đầy đủ' cho t+90...
2025-11-27 14:59:39,541 - feature_engineer - INFO - Đang chạy lựa chọn đặc trưng cho Target_Direction_t+90 từ 64 ứng cử viên...
2025-11-27 14:59:39,729 - feature_engineer - INFO - Đã chọn 30 đặc trưng 'vàng' cho Target_Direction_t+90 (Top 3: ['cancel_debt', 'Close', 'time_index']).
2025-11-27 14:59:39,739 - feature_engineer - INFO - Fit Main Scaler trên 3200 mẫu (proxy)...
2025-11-27 14:59:39,756 - feature_engineer - INFO - Transform Main Scaler trên 4000 mẫu (toàn bộ)...
2025-11-27 14:59:40,091 - feature_engineer - INFO - Đã xử lý và lưu dữ liệu/metadata (an toàn, lọc nhiễu) cho ACB
2025-11-27 14:59:40,113 - feature_engineer - INFO - Đang merge_asof dữ liệu cơ bản cho HDB (direction='backward')...
2025-11-27 14:59:40,145 - feature_engineer - INFO - Đang tạo nhãn cho HDB với 'Asymmetric Volatility-Based Thresholding' (Balanced)...
2025-11-27 14:59:40,147 - feature_engineer - INFO - HDB t+1 thresholds: Up > 1.14%, Down < -0.93%
2025-11-27 14:59:40,155 - feature_engineer - INFO - HDB t+3 thresholds: Up > 1.98%, Down < -1.62%
2025-11-27 14:59:40,162 - feature_engineer - INFO - HDB t+5 thresholds: Up > 2.55%, Down < -2.09%
2025-11-27 14:59:40,167 - feature_engineer - INFO - HDB t+30 thresholds: Up > 6.25%, Down < -5.12%
2025-11-27 14:59:40,172 - feature_engineer - INFO - HDB t+60 thresholds: Up > 8.84%, Down < -7.23%
2025-11-27 14:59:40,179 - feature_engineer - INFO - HDB t+90 thresholds: Up > 10.83%, Down < -8.86%
2025-11-27 14:59:40,214 - feature_engineer - INFO - Đang fit scaler dựa trên 1597 mẫu (80% dữ liệu đầu).
2025-11-27 14:59:40,214 - feature_engineer - INFO - Sử dụng 'Vũ trụ Đặc trưng Ngắn hạn' cho t+1...
2025-11-27 14:59:40,214 - feature_engineer - INFO - Đang chạy lựa chọn đặc trưng cho Target_Direction_t+1 từ 18 ứng cử viên...
2025-11-27 14:59:40,364 - feature_engineer - INFO - Đã chọn 13 đặc trưng 'vàng' cho Target_Direction_t+1 (Top 3: ['High_to_Low', 'MACD', 'Close_MA7']).
2025-11-27 14:59:40,372 - feature_engineer - INFO - Sử dụng 'Vũ trụ Đặc trưng Ngắn hạn' cho t+3...
2025-11-27 14:59:40,373 - feature_engineer - INFO - Đang chạy lựa chọn đặc trưng cho Target_Direction_t+3 từ 18 ứng cử viên...
2025-11-27 14:59:40,521 - feature_engineer - INFO - Đã chọn 13 đặc trưng 'vàng' cho Target_Direction_t+3 (Top 3: ['Close_MA7', 'Volume', 'High_to_Low']).
2025-11-27 14:59:40,529 - feature_engineer - INFO - Sử dụng 'Vũ trụ Đặc trưng Ngắn hạn' cho t+5...
2025-11-27 14:59:40,529 - feature_engineer - INFO - Đang chạy lựa chọn đặc trưng cho Target_Direction_t+5 từ 18 ứng cử viên...
2025-11-27 14:59:40,675 - feature_engineer - INFO - Đã chọn 13 đặc trưng 'vàng' cho Target_Direction_t+5 (Top 3: ['Close_MA7', 'MACD', 'Volatility_14']).
2025-11-27 14:59:40,683 - feature_engineer - INFO - Sử dụng 'Vũ trụ Đặc trưng Đầy đủ' cho t+30...
2025-11-27 14:59:40,683 - feature_engineer - INFO - Đang chạy lựa chọn đặc trưng cho Target_Direction_t+30 từ 64 ứng cử viên...
2025-11-27 14:59:40,861 - feature_engineer - INFO - Đã chọn 30 đặc trưng 'vàng' cho Target_Direction_t+30 (Top 3: ['time_index', 'Close', 'Provision_Coverage (%)']).
2025-11-27 14:59:40,876 - feature_engineer - INFO - Sử dụng 'Vũ trụ Đặc trưng Đầy đủ' cho t+60...
2025-11-27 14:59:40,876 - feature_engineer - INFO - Đang chạy lựa chọn đặc trưng cho Target_Direction_t+60 từ 64 ứng cử viên...
2025-11-27 14:59:41,097 - feature_engineer - INFO - Đã chọn 30 đặc trưng 'vàng' cho Target_Direction_t+60 (Top 3: ['time_index', 'Close', 'NIM (%)']).
2025-11-27 14:59:41,112 - feature_engineer - INFO - Sử dụng 'Vũ trụ Đặc trưng Đầy đủ' cho t+90...
2025-11-27 14:59:41,112 - feature_engineer - INFO - Đang chạy lựa chọn đặc trưng cho Target_Direction_t+90 từ 64 ứng cử viên...
2025-11-27 14:59:41,296 - feature_engineer - INFO - Đã chọn 30 đặc trưng 'vàng' cho Target_Direction_t+90 (Top 3: ['NIM (%)', 'time_index', 'Provision_Coverage (%)']).
2025-11-27 14:59:41,306 - feature_engineer - INFO - Fit Main Scaler trên 1597 mẫu (proxy)...
2025-11-27 14:59:41,321 - feature_engineer - INFO - Transform Main Scaler trên 1997 mẫu (toàn bộ)...
2025-11-27 14:59:41,511 - feature_engineer - INFO - Đã xử lý và lưu dữ liệu/metadata (an toàn, lọc nhiễu) cho HDB
2025-11-27 16:07:10,862 - feature_engineer - WARNING - Không có cột 'year' từ fundamental, đang tự tạo từ 'time'.
2025-11-27 16:23:44,428 - feature_engineer - ERROR - Không tìm thấy file VNINDEX.csv. Bỏ qua đặc trưng thị trường.
2025-11-27 16:23:44,486 - feature_engineer - INFO - Đang merge_asof dữ liệu cơ bản cho VCB (direction='backward')...
2025-11-27 16:23:44,548 - feature_engineer - INFO - Đang tạo nhãn cho VCB với 'Asymmetric Volatility-Based Thresholding' (Balanced)...
2025-11-27 16:23:44,549 - feature_engineer - INFO - VCB t+1 thresholds: Up > 1.01%, Down < -0.83%
2025-11-27 16:23:44,556 - feature_engineer - INFO - VCB t+3 thresholds: Up > 1.75%, Down < -1.43%
2025-11-27 16:23:44,563 - feature_engineer - INFO - VCB t+5 thresholds: Up > 2.26%, Down < -1.85%
2025-11-27 16:23:44,569 - feature_engineer - INFO - VCB t+30 thresholds: Up > 5.55%, Down < -4.54%
2025-11-27 16:23:44,574 - feature_engineer - INFO - VCB t+60 thresholds: Up > 7.84%, Down < -6.42%
2025-11-27 16:23:44,580 - feature_engineer - INFO - VCB t+90 thresholds: Up > 9.61%, Down < -7.86%
2025-11-27 16:23:44,622 - feature_engineer - INFO - Đang fit scaler dựa trên 3200 mẫu (80% dữ liệu đầu).
2025-11-27 16:23:44,622 - feature_engineer - INFO - Sử dụng 'Vũ trụ Đặc trưng Ngắn hạn' cho t+1...
2025-11-27 16:23:44,622 - feature_engineer - INFO - Đang chạy lựa chọn đặc trưng cho Target_Direction_t+1 từ 18 ứng cử viên...
2025-11-27 16:23:44,778 - feature_engineer - INFO - Đã chọn 13 đặc trưng 'vàng' cho Target_Direction_t+1 (Top 3: ['RSI_14', 'Volume', 'MACD']).
2025-11-27 16:23:44,784 - feature_engineer - INFO - Sử dụng 'Vũ trụ Đặc trưng Ngắn hạn' cho t+3...
2025-11-27 16:23:44,784 - feature_engineer - INFO - Đang chạy lựa chọn đặc trưng cho Target_Direction_t+3 từ 18 ứng cử viên...
2025-11-27 16:23:44,932 - feature_engineer - INFO - Đã chọn 14 đặc trưng 'vàng' cho Target_Direction_t+3 (Top 3: ['Close_MA7', 'RSI_14', 'MACD_Signal']).
2025-11-27 16:23:44,939 - feature_engineer - INFO - Sử dụng 'Vũ trụ Đặc trưng Ngắn hạn' cho t+5...
2025-11-27 16:23:44,940 - feature_engineer - INFO - Đang chạy lựa chọn đặc trưng cho Target_Direction_t+5 từ 18 ứng cử viên...
2025-11-27 16:23:45,087 - feature_engineer - INFO - Đã chọn 13 đặc trưng 'vàng' cho Target_Direction_t+5 (Top 3: ['Close_MA7', 'MACD', 'Volatility_14']).
2025-11-27 16:23:45,093 - feature_engineer - INFO - Sử dụng 'Vũ trụ Đặc trưng Đầy đủ' cho t+30...
2025-11-27 16:23:45,093 - feature_engineer - INFO - Đang chạy lựa chọn đặc trưng cho Target_Direction_t+30 từ 64 ứng cử viên...
2025-11-27 16:23:45,258 - feature_engineer - INFO - Đã chọn 30 đặc trưng 'vàng' cho Target_Direction_t+30 (Top 3: ['Close', 'Volatility_60', 'MACD']).
2025-11-27 16:23:45,269 - feature_engineer - INFO - Sử dụng 'Vũ trụ Đặc trưng Đầy đủ' cho t+60...
2025-11-27 16:23:45,269 - feature_engineer - INFO - Đang chạy lựa chọn đặc trưng cho Target_Direction_t+60 từ 64 ứng cử viên...
2025-11-27 16:23:45,430 - feature_engineer - INFO - Đã chọn 30 đặc trưng 'vàng' cho Target_Direction_t+60 (Top 3: ['Close', 'MACD', 'BVPS (VND)']).
2025-11-27 16:23:45,439 - feature_engineer - INFO - Sử dụng 'Vũ trụ Đặc trưng Đầy đủ' cho t+90...
2025-11-27 16:23:45,439 - feature_engineer - INFO - Đang chạy lựa chọn đặc trưng cho Target_Direction_t+90 từ 64 ứng cử viên...
2025-11-27 16:23:45,602 - feature_engineer - INFO - Đã chọn 30 đặc trưng 'vàng' cho Target_Direction_t+90 (Top 3: ['Close', 'Provision_Coverage (%)', 'NPL (%)']).
2025-11-27 16:23:45,611 - feature_engineer - INFO - Fit Main Scaler trên 3200 mẫu (proxy)...
2025-11-27 16:23:45,626 - feature_engineer - INFO - Transform Main Scaler trên 4000 mẫu (toàn bộ)...
2025-11-27 16:23:45,947 - feature_engineer - INFO - Đã xử lý và lưu dữ liệu/metadata (an toàn, lọc nhiễu) cho VCB
2025-11-27 16:23:45,966 - feature_engineer - INFO - Đang merge_asof dữ liệu cơ bản cho BID (direction='backward')...
2025-11-27 16:23:45,995 - feature_engineer - INFO - Đang tạo nhãn cho BID với 'Asymmetric Volatility-Based Thresholding' (Balanced)...
2025-11-27 16:23:45,996 - feature_engineer - INFO - BID t+1 thresholds: Up > 1.19%, Down < -0.97%
2025-11-27 16:23:45,999 - feature_engineer - INFO - BID t+3 thresholds: Up > 2.05%, Down < -1.68%
2025-11-27 16:23:46,004 - feature_engineer - INFO - BID t+5 thresholds: Up > 2.65%, Down < -2.17%
2025-11-27 16:23:46,009 - feature_engineer - INFO - BID t+30 thresholds: Up > 6.50%, Down < -5.32%
2025-11-27 16:23:46,014 - feature_engineer - INFO - BID t+60 thresholds: Up > 9.19%, Down < -7.52%
2025-11-27 16:23:46,019 - feature_engineer - INFO - BID t+90 thresholds: Up > 11.25%, Down < -9.21%
2025-11-27 16:23:46,053 - feature_engineer - INFO - Đang fit scaler dựa trên 2384 mẫu (80% dữ liệu đầu).
2025-11-27 16:23:46,054 - feature_engineer - INFO - Sử dụng 'Vũ trụ Đặc trưng Ngắn hạn' cho t+1...
2025-11-27 16:23:46,054 - feature_engineer - INFO - Đang chạy lựa chọn đặc trưng cho Target_Direction_t+1 từ 18 ứng cử viên...
2025-11-27 16:23:46,196 - feature_engineer - INFO - Đã chọn 13 đặc trưng 'vàng' cho Target_Direction_t+1 (Top 3: ['Close_to_Open', 'Volatility_14', 'Volume']).
2025-11-27 16:23:46,202 - feature_engineer - INFO - Sử dụng 'Vũ trụ Đặc trưng Ngắn hạn' cho t+3...
2025-11-27 16:23:46,203 - feature_engineer - INFO - Đang chạy lựa chọn đặc trưng cho Target_Direction_t+3 từ 18 ứng cử viên...
2025-11-27 16:23:46,334 - feature_engineer - INFO - Đã chọn 13 đặc trưng 'vàng' cho Target_Direction_t+3 (Top 3: ['Close_MA7', 'MACD', 'Volatility_14']).
2025-11-27 16:23:46,341 - feature_engineer - INFO - Sử dụng 'Vũ trụ Đặc trưng Ngắn hạn' cho t+5...
2025-11-27 16:23:46,341 - feature_engineer - INFO - Đang chạy lựa chọn đặc trưng cho Target_Direction_t+5 từ 18 ứng cử viên...
2025-11-27 16:23:46,474 - feature_engineer - INFO - Đã chọn 13 đặc trưng 'vàng' cho Target_Direction_t+5 (Top 3: ['Close_MA7', 'Volatility_14', 'MACD']).
2025-11-27 16:23:46,480 - feature_engineer - INFO - Sử dụng 'Vũ trụ Đặc trưng Đầy đủ' cho t+30...
2025-11-27 16:23:46,481 - feature_engineer - INFO - Đang chạy lựa chọn đặc trưng cho Target_Direction_t+30 từ 64 ứng cử viên...
2025-11-27 16:23:46,662 - feature_engineer - INFO - Đã chọn 30 đặc trưng 'vàng' cho Target_Direction_t+30 (Top 3: ['Close', 'Volatility_60', 'time_index']).
2025-11-27 16:23:46,673 - feature_engineer - INFO - Sử dụng 'Vũ trụ Đặc trưng Đầy đủ' cho t+60...
2025-11-27 16:23:46,674 - feature_engineer - INFO - Đang chạy lựa chọn đặc trưng cho Target_Direction_t+60 từ 64 ứng cử viên...
2025-11-27 16:23:46,835 - feature_engineer - INFO - Đã chọn 30 đặc trưng 'vàng' cho Target_Direction_t+60 (Top 3: ['Close', 'Close_MA200', 'Close_lag_365']).
2025-11-27 16:23:46,845 - feature_engineer - INFO - Sử dụng 'Vũ trụ Đặc trưng Đầy đủ' cho t+90...
2025-11-27 16:23:46,845 - feature_engineer - INFO - Đang chạy lựa chọn đặc trưng cho Target_Direction_t+90 từ 64 ứng cử viên...
2025-11-27 16:23:47,005 - feature_engineer - INFO - Đã chọn 30 đặc trưng 'vàng' cho Target_Direction_t+90 (Top 3: ['Close', 'NIM_CIR_Ratio', 'CIR (%)']).
2025-11-27 16:23:47,014 - feature_engineer - INFO - Fit Main Scaler trên 2384 mẫu (proxy)...
2025-11-27 16:23:47,028 - feature_engineer - INFO - Transform Main Scaler trên 2981 mẫu (toàn bộ)...
2025-11-27 16:23:47,239 - feature_engineer - INFO - Đã xử lý và lưu dữ liệu/metadata (an toàn, lọc nhiễu) cho BID
2025-11-27 16:23:47,263 - feature_engineer - INFO - Đang merge_asof dữ liệu cơ bản cho CTG (direction='backward')...
2025-11-27 16:23:47,299 - feature_engineer - INFO - Đang tạo nhãn cho CTG với 'Asymmetric Volatility-Based Thresholding' (Balanced)...
2025-11-27 16:23:47,300 - feature_engineer - INFO - CTG t+1 thresholds: Up > 1.13%, Down < -0.92%
2025-11-27 16:23:47,306 - feature_engineer - INFO - CTG t+3 thresholds: Up > 1.96%, Down < -1.60%
2025-11-27 16:23:47,312 - feature_engineer - INFO - CTG t+5 thresholds: Up > 2.53%, Down < -2.07%
2025-11-27 16:23:47,318 - feature_engineer - INFO - CTG t+30 thresholds: Up > 6.19%, Down < -5.06%
2025-11-27 16:23:47,323 - feature_engineer - INFO - CTG t+60 thresholds: Up > 8.75%, Down < -7.16%
2025-11-27 16:23:47,329 - feature_engineer - INFO - CTG t+90 thresholds: Up > 10.72%, Down < -8.77%
2025-11-27 16:23:47,368 - feature_engineer - INFO - Đang fit scaler dựa trên 3200 mẫu (80% dữ liệu đầu).
2025-11-27 16:23:47,369 - feature_engineer - INFO - Sử dụng 'Vũ trụ Đặc trưng Ngắn hạn' cho t+1...
2025-11-27 16:23:47,369 - feature_engineer - INFO - Đang chạy lựa chọn đặc trưng cho Target_Direction_t+1 từ 18 ứng cử viên...
2025-11-27 16:23:47,520 - feature_engineer - INFO - Đã chọn 13 đặc trưng 'vàng' cho Target_Direction_t+1 (Top 3: ['Volatility_14', 'MACD', 'RSI_14']).
2025-11-27 16:23:47,527 - feature_engineer - INFO - Sử dụng 'Vũ trụ Đặc trưng Ngắn hạn' cho t+3...
2025-11-27 16:23:47,528 - feature_engineer - INFO - Đang chạy lựa chọn đặc trưng cho Target_Direction_t+3 từ 18 ứng cử viên...
2025-11-27 16:23:47,676 - feature_engineer - INFO - Đã chọn 13 đặc trưng 'vàng' cho Target_Direction_t+3 (Top 3: ['MACD', 'Close_MA7', 'Volatility_14']).
2025-11-27 16:23:47,683 - feature_engineer - INFO - Sử dụng 'Vũ trụ Đặc trưng Ngắn hạn' cho t+5...
2025-11-27 16:23:47,684 - feature_engineer - INFO - Đang chạy lựa chọn đặc trưng cho Target_Direction_t+5 từ 18 ứng cử viên...
2025-11-27 16:23:47,835 - feature_engineer - INFO - Đã chọn 13 đặc trưng 'vàng' cho Target_Direction_t+5 (Top 3: ['MACD', 'Close_MA7', 'Volatility_14']).
2025-11-27 16:23:47,841 - feature_engineer - INFO - Sử dụng 'Vũ trụ Đặc trưng Đầy đủ' cho t+30...
2025-11-27 16:23:47,842 - feature_engineer - INFO - Đang chạy lựa chọn đặc trưng cho Target_Direction_t+30 từ 64 ứng cử viên...
2025-11-27 16:23:48,007 - feature_engineer - INFO - Đã chọn 30 đặc trưng 'vàng' cho Target_Direction_t+30 (Top 3: ['Close', 'Volatility_60', 'Close_lag_365']).
2025-11-27 16:23:48,018 - feature_engineer - INFO - Sử dụng 'Vũ trụ Đặc trưng Đầy đủ' cho t+60...
2025-11-27 16:23:48,018 - feature_engineer - INFO - Đang chạy lựa chọn đặc trưng cho Target_Direction_t+60 từ 64 ứng cử viên...
2025-11-27 16:23:48,179 - feature_engineer - INFO - Đã chọn 30 đặc trưng 'vàng' cho Target_Direction_t+60 (Top 3: ['Close', 'CIR (%)', 'eps_change']).
2025-11-27 16:23:48,189 - feature_engineer - INFO - Sử dụng 'Vũ trụ Đặc trưng Đầy đủ' cho t+90...
2025-11-27 16:23:48,189 - feature_engineer - INFO - Đang chạy lựa chọn đặc trưng cho Target_Direction_t+90 từ 64 ứng cử viên...
2025-11-27 16:23:48,352 - feature_engineer - INFO - Đã chọn 30 đặc trưng 'vàng' cho Target_Direction_t+90 (Top 3: ['eps_change', 'EPS (VND)', 'P/E']).
2025-11-27 16:23:48,361 - feature_engineer - INFO - Fit Main Scaler trên 3200 mẫu (proxy)...
2025-11-27 16:23:48,375 - feature_engineer - INFO - Transform Main Scaler trên 4000 mẫu (toàn bộ)...
2025-11-27 16:23:48,644 - feature_engineer - INFO - Đã xử lý và lưu dữ liệu/metadata (an toàn, lọc nhiễu) cho CTG
2025-11-27 16:23:48,661 - feature_engineer - INFO - Đang merge_asof dữ liệu cơ bản cho TCB (direction='backward')...
2025-11-27 16:23:48,684 - feature_engineer - INFO - Đang tạo nhãn cho TCB với 'Asymmetric Volatility-Based Thresholding' (Balanced)...
2025-11-27 16:23:48,685 - feature_engineer - INFO - TCB t+1 thresholds: Up > 1.13%, Down < -0.92%
2025-11-27 16:23:48,690 - feature_engineer - INFO - TCB t+3 thresholds: Up > 1.96%, Down < -1.60%
2025-11-27 16:23:48,695 - feature_engineer - INFO - TCB t+5 thresholds: Up > 2.53%, Down < -2.07%
2025-11-27 16:23:48,699 - feature_engineer - INFO - TCB t+30 thresholds: Up > 6.19%, Down < -5.06%
2025-11-27 16:23:48,704 - feature_engineer - INFO - TCB t+60 thresholds: Up > 8.75%, Down < -7.16%
2025-11-27 16:23:48,711 - feature_engineer - INFO - TCB t+90 thresholds: Up > 10.72%, Down < -8.77%
2025-11-27 16:23:48,747 - feature_engineer - INFO - Đang fit scaler dựa trên 1519 mẫu (80% dữ liệu đầu).
2025-11-27 16:23:48,748 - feature_engineer - INFO - Sử dụng 'Vũ trụ Đặc trưng Ngắn hạn' cho t+1...
2025-11-27 16:23:48,748 - feature_engineer - INFO - Đang chạy lựa chọn đặc trưng cho Target_Direction_t+1 từ 18 ứng cử viên...
2025-11-27 16:23:48,882 - feature_engineer - INFO - Đã chọn 13 đặc trưng 'vàng' cho Target_Direction_t+1 (Top 3: ['Close_MA7', 'High_to_Low', 'Close_to_Open']).
2025-11-27 16:23:48,888 - feature_engineer - INFO - Sử dụng 'Vũ trụ Đặc trưng Ngắn hạn' cho t+3...
2025-11-27 16:23:48,889 - feature_engineer - INFO - Đang chạy lựa chọn đặc trưng cho Target_Direction_t+3 từ 18 ứng cử viên...
2025-11-27 16:23:49,023 - feature_engineer - INFO - Đã chọn 13 đặc trưng 'vàng' cho Target_Direction_t+3 (Top 3: ['Close_MA7', 'High_to_Low', 'MACD']).
2025-11-27 16:23:49,029 - feature_engineer - INFO - Sử dụng 'Vũ trụ Đặc trưng Ngắn hạn' cho t+5...
2025-11-27 16:23:49,029 - feature_engineer - INFO - Đang chạy lựa chọn đặc trưng cho Target_Direction_t+5 từ 18 ứng cử viên...
2025-11-27 16:23:49,161 - feature_engineer - INFO - Đã chọn 13 đặc trưng 'vàng' cho Target_Direction_t+5 (Top 3: ['Close_MA7', 'Volatility_14', 'MACD']).
2025-11-27 16:23:49,166 - feature_engineer - INFO - Sử dụng 'Vũ trụ Đặc trưng Đầy đủ' cho t+30...
2025-11-27 16:23:49,166 - feature_engineer - INFO - Đang chạy lựa chọn đặc trưng cho Target_Direction_t+30 từ 64 ứng cử viên...
2025-11-27 16:23:49,317 - feature_engineer - INFO - Đã chọn 30 đặc trưng 'vàng' cho Target_Direction_t+30 (Top 3: ['time_index', 'Volatility_60', 'Close']).
2025-11-27 16:23:49,326 - feature_engineer - INFO - Sử dụng 'Vũ trụ Đặc trưng Đầy đủ' cho t+60...
2025-11-27 16:23:49,326 - feature_engineer - INFO - Đang chạy lựa chọn đặc trưng cho Target_Direction_t+60 từ 64 ứng cử viên...
2025-11-27 16:23:49,473 - feature_engineer - INFO - Đã chọn 30 đặc trưng 'vàng' cho Target_Direction_t+60 (Top 3: ['time_index', 'Provision_Coverage (%)', 'Close']).
2025-11-27 16:23:49,482 - feature_engineer - INFO - Sử dụng 'Vũ trụ Đặc trưng Đầy đủ' cho t+90...
2025-11-27 16:23:49,482 - feature_engineer - INFO - Đang chạy lựa chọn đặc trưng cho Target_Direction_t+90 từ 64 ứng cử viên...
2025-11-27 16:23:49,629 - feature_engineer - INFO - Đã chọn 30 đặc trưng 'vàng' cho Target_Direction_t+90 (Top 3: ['time_index', 'Cost_of_Funds (%)', 'Provision_Coverage (%)']).
2025-11-27 16:23:49,636 - feature_engineer - INFO - Fit Main Scaler trên 1519 mẫu (proxy)...
2025-11-27 16:23:49,647 - feature_engineer - INFO - Transform Main Scaler trên 1899 mẫu (toàn bộ)...
2025-11-27 16:23:49,779 - feature_engineer - INFO - Đã xử lý và lưu dữ liệu/metadata (an toàn, lọc nhiễu) cho TCB
2025-11-27 16:23:49,802 - feature_engineer - INFO - Đang merge_asof dữ liệu cơ bản cho MBB (direction='backward')...
2025-11-27 16:23:49,835 - feature_engineer - INFO - Đang tạo nhãn cho MBB với 'Asymmetric Volatility-Based Thresholding' (Balanced)...
2025-11-27 16:23:49,837 - feature_engineer - INFO - MBB t+1 thresholds: Up > 0.98%, Down < -0.81%
2025-11-27 16:23:49,841 - feature_engineer - INFO - MBB t+3 thresholds: Up > 1.70%, Down < -1.39%
2025-11-27 16:23:49,847 - feature_engineer - INFO - MBB t+5 thresholds: Up > 2.20%, Down < -1.80%
2025-11-27 16:23:49,852 - feature_engineer - INFO - MBB t+30 thresholds: Up > 5.39%, Down < -4.41%
2025-11-27 16:23:49,856 - feature_engineer - INFO - MBB t+60 thresholds: Up > 7.62%, Down < -6.24%
2025-11-27 16:23:49,863 - feature_engineer - INFO - MBB t+90 thresholds: Up > 9.34%, Down < -7.64%
2025-11-27 16:23:49,899 - feature_engineer - INFO - Đang fit scaler dựa trên 2835 mẫu (80% dữ liệu đầu).
2025-11-27 16:23:49,899 - feature_engineer - INFO - Sử dụng 'Vũ trụ Đặc trưng Ngắn hạn' cho t+1...
2025-11-27 16:23:49,899 - feature_engineer - INFO - Đang chạy lựa chọn đặc trưng cho Target_Direction_t+1 từ 18 ứng cử viên...
2025-11-27 16:23:50,035 - feature_engineer - INFO - Đã chọn 13 đặc trưng 'vàng' cho Target_Direction_t+1 (Top 3: ['Volatility_14', 'Volume', 'Close_MA7']).
2025-11-27 16:23:50,042 - feature_engineer - INFO - Sử dụng 'Vũ trụ Đặc trưng Ngắn hạn' cho t+3...
2025-11-27 16:23:50,042 - feature_engineer - INFO - Đang chạy lựa chọn đặc trưng cho Target_Direction_t+3 từ 18 ứng cử viên...
2025-11-27 16:23:50,191 - feature_engineer - INFO - Đã chọn 13 đặc trưng 'vàng' cho Target_Direction_t+3 (Top 3: ['Close_MA7', 'Volatility_14', 'MACD']).
2025-11-27 16:23:50,199 - feature_engineer - INFO - Sử dụng 'Vũ trụ Đặc trưng Ngắn hạn' cho t+5...
2025-11-27 16:23:50,199 - feature_engineer - INFO - Đang chạy lựa chọn đặc trưng cho Target_Direction_t+5 từ 18 ứng cử viên...
2025-11-27 16:23:50,500 - feature_engineer - INFO - Đã chọn 13 đặc trưng 'vàng' cho Target_Direction_t+5 (Top 3: ['Close_MA7', 'Volatility_14', 'MACD']).
2025-11-27 16:23:50,507 - feature_engineer - INFO - Sử dụng 'Vũ trụ Đặc trưng Đầy đủ' cho t+30...
2025-11-27 16:23:50,507 - feature_engineer - INFO - Đang chạy lựa chọn đặc trưng cho Target_Direction_t+30 từ 64 ứng cử viên...
2025-11-27 16:23:50,672 - feature_engineer - INFO - Đã chọn 30 đặc trưng 'vàng' cho Target_Direction_t+30 (Top 3: ['Close', 'Volatility_60', 'time_index']).
2025-11-27 16:23:50,680 - feature_engineer - INFO - Sử dụng 'Vũ trụ Đặc trưng Đầy đủ' cho t+60...
2025-11-27 16:23:50,681 - feature_engineer - INFO - Đang chạy lựa chọn đặc trưng cho Target_Direction_t+60 từ 64 ứng cử viên...
2025-11-27 16:23:50,845 - feature_engineer - INFO - Đã chọn 30 đặc trưng 'vàng' cho Target_Direction_t+60 (Top 3: ['Close', 'eps_change', 'time_index']).
2025-11-27 16:23:50,854 - feature_engineer - INFO - Sử dụng 'Vũ trụ Đặc trưng Đầy đủ' cho t+90...
2025-11-27 16:23:50,854 - feature_engineer - INFO - Đang chạy lựa chọn đặc trưng cho Target_Direction_t+90 từ 64 ứng cử viên...
2025-11-27 16:23:51,015 - feature_engineer - INFO - Đã chọn 30 đặc trưng 'vàng' cho Target_Direction_t+90 (Top 3: ['eps_change', 'time_index', 'NIM (%)']).
2025-11-27 16:23:51,024 - feature_engineer - INFO - Fit Main Scaler trên 2835 mẫu (proxy)...
2025-11-27 16:23:51,037 - feature_engineer - INFO - Transform Main Scaler trên 3544 mẫu (toàn bộ)...
2025-11-27 16:23:51,279 - feature_engineer - INFO - Đã xử lý và lưu dữ liệu/metadata (an toàn, lọc nhiễu) cho MBB
2025-11-27 16:23:51,297 - feature_engineer - INFO - Đang merge_asof dữ liệu cơ bản cho VPB (direction='backward')...
2025-11-27 16:23:51,326 - feature_engineer - INFO - Đang tạo nhãn cho VPB với 'Asymmetric Volatility-Based Thresholding' (Balanced)...
2025-11-27 16:23:51,328 - feature_engineer - INFO - VPB t+1 thresholds: Up > 1.21%, Down < -0.99%
2025-11-27 16:23:51,332 - feature_engineer - INFO - VPB t+3 thresholds: Up > 2.10%, Down < -1.72%
2025-11-27 16:23:51,337 - feature_engineer - INFO - VPB t+5 thresholds: Up > 2.71%, Down < -2.22%
2025-11-27 16:23:51,341 - feature_engineer - INFO - VPB t+30 thresholds: Up > 6.65%, Down < -5.44%
2025-11-27 16:23:51,346 - feature_engineer - INFO - VPB t+60 thresholds: Up > 9.40%, Down < -7.69%
2025-11-27 16:23:51,349 - feature_engineer - INFO - VPB t+90 thresholds: Up > 11.52%, Down < -9.42%
2025-11-27 16:23:51,381 - feature_engineer - INFO - Đang fit scaler dựa trên 1676 mẫu (80% dữ liệu đầu).
2025-11-27 16:23:51,381 - feature_engineer - INFO - Sử dụng 'Vũ trụ Đặc trưng Ngắn hạn' cho t+1...
2025-11-27 16:23:51,382 - feature_engineer - INFO - Đang chạy lựa chọn đặc trưng cho Target_Direction_t+1 từ 18 ứng cử viên...
2025-11-27 16:23:51,513 - feature_engineer - INFO - Đã chọn 13 đặc trưng 'vàng' cho Target_Direction_t+1 (Top 3: ['RSI_14', 'High_to_Low', 'Close_Pct_Change']).
2025-11-27 16:23:51,519 - feature_engineer - INFO - Sử dụng 'Vũ trụ Đặc trưng Ngắn hạn' cho t+3...
2025-11-27 16:23:51,519 - feature_engineer - INFO - Đang chạy lựa chọn đặc trưng cho Target_Direction_t+3 từ 18 ứng cử viên...
2025-11-27 16:23:51,656 - feature_engineer - INFO - Đã chọn 13 đặc trưng 'vàng' cho Target_Direction_t+3 (Top 3: ['Close_MA7', 'MACD', 'RSI_14']).
2025-11-27 16:23:51,662 - feature_engineer - INFO - Sử dụng 'Vũ trụ Đặc trưng Ngắn hạn' cho t+5...
2025-11-27 16:23:51,662 - feature_engineer - INFO - Đang chạy lựa chọn đặc trưng cho Target_Direction_t+5 từ 18 ứng cử viên...
2025-11-27 16:23:51,797 - feature_engineer - INFO - Đã chọn 13 đặc trưng 'vàng' cho Target_Direction_t+5 (Top 3: ['Close_MA7', 'MACD', 'RSI_14']).
2025-11-27 16:23:51,803 - feature_engineer - INFO - Sử dụng 'Vũ trụ Đặc trưng Đầy đủ' cho t+30...
2025-11-27 16:23:51,804 - feature_engineer - INFO - Đang chạy lựa chọn đặc trưng cho Target_Direction_t+30 từ 64 ứng cử viên...
2025-11-27 16:23:51,952 - feature_engineer - INFO - Đã chọn 30 đặc trưng 'vàng' cho Target_Direction_t+30 (Top 3: ['Close', 'time_index', 'Close_MA200']).
2025-11-27 16:23:51,961 - feature_engineer - INFO - Sử dụng 'Vũ trụ Đặc trưng Đầy đủ' cho t+60...
2025-11-27 16:23:51,961 - feature_engineer - INFO - Đang chạy lựa chọn đặc trưng cho Target_Direction_t+60 từ 64 ứng cử viên...
2025-11-27 16:23:52,110 - feature_engineer - INFO - Đã chọn 30 đặc trưng 'vàng' cho Target_Direction_t+60 (Top 3: ['Close', 'Close_lag_90', 'Close_MA200']).
2025-11-27 16:23:52,118 - feature_engineer - INFO - Sử dụng 'Vũ trụ Đặc trưng Đầy đủ' cho t+90...
2025-11-27 16:23:52,119 - feature_engineer - INFO - Đang chạy lựa chọn đặc trưng cho Target_Direction_t+90 từ 64 ứng cử viên...
2025-11-27 16:23:52,265 - feature_engineer - INFO - Đã chọn 30 đặc trưng 'vàng' cho Target_Direction_t+90 (Top 3: ['NPL (%)', 'Provision_Coverage (%)', 'Non_Interest_Income (%)']).
2025-11-27 16:23:52,274 - feature_engineer - INFO - Fit Main Scaler trên 1676 mẫu (proxy)...
2025-11-27 16:23:52,285 - feature_engineer - INFO - Transform Main Scaler trên 2096 mẫu (toàn bộ)...
2025-11-27 16:23:52,429 - feature_engineer - INFO - Đã xử lý và lưu dữ liệu/metadata (an toàn, lọc nhiễu) cho VPB
2025-11-27 16:23:52,452 - feature_engineer - INFO - Đang merge_asof dữ liệu cơ bản cho ACB (direction='backward')...
2025-11-27 16:23:52,484 - feature_engineer - INFO - Đang tạo nhãn cho ACB với 'Asymmetric Volatility-Based Thresholding' (Balanced)...
2025-11-27 16:23:52,485 - feature_engineer - INFO - ACB t+1 thresholds: Up > 0.94%, Down < -0.77%
2025-11-27 16:23:52,490 - feature_engineer - INFO - ACB t+3 thresholds: Up > 1.63%, Down < -1.33%
2025-11-27 16:23:52,496 - feature_engineer - INFO - ACB t+5 thresholds: Up > 2.10%, Down < -1.72%
2025-11-27 16:23:52,501 - feature_engineer - INFO - ACB t+30 thresholds: Up > 5.14%, Down < -4.21%
2025-11-27 16:23:52,507 - feature_engineer - INFO - ACB t+60 thresholds: Up > 7.27%, Down < -5.95%
2025-11-27 16:23:52,513 - feature_engineer - INFO - ACB t+90 thresholds: Up > 8.90%, Down < -7.29%
2025-11-27 16:23:52,553 - feature_engineer - INFO - Đang fit scaler dựa trên 3200 mẫu (80% dữ liệu đầu).
2025-11-27 16:23:52,553 - feature_engineer - INFO - Sử dụng 'Vũ trụ Đặc trưng Ngắn hạn' cho t+1...
2025-11-27 16:23:52,553 - feature_engineer - INFO - Đang chạy lựa chọn đặc trưng cho Target_Direction_t+1 từ 18 ứng cử viên...
2025-11-27 16:23:52,686 - feature_engineer - INFO - Đã chọn 13 đặc trưng 'vàng' cho Target_Direction_t+1 (Top 3: ['Volatility_14', 'RSI_14', 'High_to_Low']).
2025-11-27 16:23:52,692 - feature_engineer - INFO - Sử dụng 'Vũ trụ Đặc trưng Ngắn hạn' cho t+3...
2025-11-27 16:23:52,693 - feature_engineer - INFO - Đang chạy lựa chọn đặc trưng cho Target_Direction_t+3 từ 18 ứng cử viên...
2025-11-27 16:23:52,839 - feature_engineer - INFO - Đã chọn 13 đặc trưng 'vàng' cho Target_Direction_t+3 (Top 3: ['Volatility_14', 'Close_MA7', 'MACD']).
2025-11-27 16:23:52,845 - feature_engineer - INFO - Sử dụng 'Vũ trụ Đặc trưng Ngắn hạn' cho t+5...
2025-11-27 16:23:52,845 - feature_engineer - INFO - Đang chạy lựa chọn đặc trưng cho Target_Direction_t+5 từ 18 ứng cử viên...
2025-11-27 16:23:52,978 - feature_engineer - INFO - Đã chọn 13 đặc trưng 'vàng' cho Target_Direction_t+5 (Top 3: ['Close_MA7', 'MACD', 'Volatility_14']).
2025-11-27 16:23:52,986 - feature_engineer - INFO - Sử dụng 'Vũ trụ Đặc trưng Đầy đủ' cho t+30...
2025-11-27 16:23:52,986 - feature_engineer - INFO - Đang chạy lựa chọn đặc trưng cho Target_Direction_t+30 từ 64 ứng cử viên...
2025-11-27 16:23:53,148 - feature_engineer - INFO - Đã chọn 30 đặc trưng 'vàng' cho Target_Direction_t+30 (Top 3: ['Close', 'time_index', 'MACD']).
2025-11-27 16:23:53,157 - feature_engineer - INFO - Sử dụng 'Vũ trụ Đặc trưng Đầy đủ' cho t+60...
2025-11-27 16:23:53,158 - feature_engineer - INFO - Đang chạy lựa chọn đặc trưng cho Target_Direction_t+60 từ 64 ứng cử viên...
2025-11-27 16:23:53,336 - feature_engineer - INFO - Đã chọn 30 đặc trưng 'vàng' cho Target_Direction_t+60 (Top 3: ['time_index', 'Close', 'cancel_debt']).
2025-11-27 16:23:53,344 - feature_engineer - INFO - Sử dụng 'Vũ trụ Đặc trưng Đầy đủ' cho t+90...
2025-11-27 16:23:53,345 - feature_engineer - INFO - Đang chạy lựa chọn đặc trưng cho Target_Direction_t+90 từ 64 ứng cử viên...
2025-11-27 16:23:53,507 - feature_engineer - INFO - Đã chọn 30 đặc trưng 'vàng' cho Target_Direction_t+90 (Top 3: ['cancel_debt', 'Close', 'time_index']).
2025-11-27 16:23:53,516 - feature_engineer - INFO - Fit Main Scaler trên 3200 mẫu (proxy)...
2025-11-27 16:23:53,530 - feature_engineer - INFO - Transform Main Scaler trên 4000 mẫu (toàn bộ)...
2025-11-27 16:23:53,802 - feature_engineer - INFO - Đã xử lý và lưu dữ liệu/metadata (an toàn, lọc nhiễu) cho ACB
2025-11-27 16:23:53,819 - feature_engineer - INFO - Đang merge_asof dữ liệu cơ bản cho HDB (direction='backward')...
2025-11-27 16:23:53,862 - feature_engineer - INFO - Đang tạo nhãn cho HDB với 'Asymmetric Volatility-Based Thresholding' (Balanced)...
2025-11-27 16:23:53,864 - feature_engineer - INFO - HDB t+1 thresholds: Up > 1.14%, Down < -0.93%
2025-11-27 16:23:53,872 - feature_engineer - INFO - HDB t+3 thresholds: Up > 1.98%, Down < -1.62%
2025-11-27 16:23:53,880 - feature_engineer - INFO - HDB t+5 thresholds: Up > 2.55%, Down < -2.09%
2025-11-27 16:23:53,887 - feature_engineer - INFO - HDB t+30 thresholds: Up > 6.25%, Down < -5.12%
2025-11-27 16:23:53,891 - feature_engineer - INFO - HDB t+60 thresholds: Up > 8.84%, Down < -7.23%
2025-11-27 16:23:53,907 - feature_engineer - INFO - HDB t+90 thresholds: Up > 10.83%, Down < -8.86%
2025-11-27 16:23:53,943 - feature_engineer - INFO - Đang fit scaler dựa trên 1597 mẫu (80% dữ liệu đầu).
2025-11-27 16:23:53,944 - feature_engineer - INFO - Sử dụng 'Vũ trụ Đặc trưng Ngắn hạn' cho t+1...
2025-11-27 16:23:53,944 - feature_engineer - INFO - Đang chạy lựa chọn đặc trưng cho Target_Direction_t+1 từ 18 ứng cử viên...
2025-11-27 16:23:54,103 - feature_engineer - INFO - Đã chọn 13 đặc trưng 'vàng' cho Target_Direction_t+1 (Top 3: ['High_to_Low', 'MACD', 'Close_MA7']).
2025-11-27 16:23:54,111 - feature_engineer - INFO - Sử dụng 'Vũ trụ Đặc trưng Ngắn hạn' cho t+3...
2025-11-27 16:23:54,111 - feature_engineer - INFO - Đang chạy lựa chọn đặc trưng cho Target_Direction_t+3 từ 18 ứng cử viên...
2025-11-27 16:23:54,241 - feature_engineer - INFO - Đã chọn 13 đặc trưng 'vàng' cho Target_Direction_t+3 (Top 3: ['Close_MA7', 'Volume', 'High_to_Low']).
2025-11-27 16:23:54,248 - feature_engineer - INFO - Sử dụng 'Vũ trụ Đặc trưng Ngắn hạn' cho t+5...
2025-11-27 16:23:54,248 - feature_engineer - INFO - Đang chạy lựa chọn đặc trưng cho Target_Direction_t+5 từ 18 ứng cử viên...
2025-11-27 16:23:54,398 - feature_engineer - INFO - Đã chọn 13 đặc trưng 'vàng' cho Target_Direction_t+5 (Top 3: ['Close_MA7', 'MACD', 'Volatility_14']).
2025-11-27 16:23:54,404 - feature_engineer - INFO - Sử dụng 'Vũ trụ Đặc trưng Đầy đủ' cho t+30...
2025-11-27 16:23:54,404 - feature_engineer - INFO - Đang chạy lựa chọn đặc trưng cho Target_Direction_t+30 từ 64 ứng cử viên...
2025-11-27 16:23:54,556 - feature_engineer - INFO - Đã chọn 30 đặc trưng 'vàng' cho Target_Direction_t+30 (Top 3: ['time_index', 'Close', 'Provision_Coverage (%)']).
2025-11-27 16:23:54,572 - feature_engineer - INFO - Sử dụng 'Vũ trụ Đặc trưng Đầy đủ' cho t+60...
2025-11-27 16:23:54,573 - feature_engineer - INFO - Đang chạy lựa chọn đặc trưng cho Target_Direction_t+60 từ 64 ứng cử viên...
2025-11-27 16:23:54,755 - feature_engineer - INFO - Đã chọn 30 đặc trưng 'vàng' cho Target_Direction_t+60 (Top 3: ['time_index', 'Close', 'NIM (%)']).
2025-11-27 16:23:54,764 - feature_engineer - INFO - Sử dụng 'Vũ trụ Đặc trưng Đầy đủ' cho t+90...
2025-11-27 16:23:54,764 - feature_engineer - INFO - Đang chạy lựa chọn đặc trưng cho Target_Direction_t+90 từ 64 ứng cử viên...
2025-11-27 16:23:54,911 - feature_engineer - INFO - Đã chọn 30 đặc trưng 'vàng' cho Target_Direction_t+90 (Top 3: ['NIM (%)', 'time_index', 'Provision_Coverage (%)']).
2025-11-27 16:23:54,919 - feature_engineer - INFO - Fit Main Scaler trên 1597 mẫu (proxy)...
2025-11-27 16:23:54,929 - feature_engineer - INFO - Transform Main Scaler trên 1997 mẫu (toàn bộ)...
2025-11-27 16:23:55,072 - feature_engineer - INFO - Đã xử lý và lưu dữ liệu/metadata (an toàn, lọc nhiễu) cho HDB
