2025-11-21 14:23:51,385 - feature_engineer - ERROR - Không tìm thấy file VNINDEX.csv. Bỏ qua đặc trưng thị trường.
2025-11-21 14:23:51,429 - feature_engineer - INFO - Đang merge_asof dữ liệu cơ bản cho VCB (direction='backward')...
2025-11-21 14:23:51,476 - feature_engineer - INFO - Đang tạo nhãn 3 lớp với ngưỡng +/- 0.005
2025-11-21 14:23:51,510 - feature_engineer - INFO - Đang fit scaler dựa trên 3200 mẫu (80% dữ liệu đầu).
2025-11-21 14:23:51,510 - feature_engineer - INFO - Sử dụng 'Vũ trụ Đặc trưng Ngắn hạn' cho t+1...
2025-11-21 14:23:51,511 - feature_engineer - INFO - Đang chạy lựa chọn đặc trưng cho Target_Direction_t+1 từ 18 ứng cử viên...
2025-11-21 14:23:51,660 - feature_engineer - INFO - Đã chọn 14 đặc trưng 'vàng' cho Target_Direction_t+1 (Top 3: ['High_to_Low', 'Close_MA7', 'Volume']).
2025-11-21 14:23:51,667 - feature_engineer - INFO - Sử dụng 'Vũ trụ Đặc trưng Ngắn hạn' cho t+3...
2025-11-21 14:23:51,667 - feature_engineer - INFO - Đang chạy lựa chọn đặc trưng cho Target_Direction_t+3 từ 18 ứng cử viên...
2025-11-21 14:23:51,817 - feature_engineer - INFO - Đã chọn 14 đặc trưng 'vàng' cho Target_Direction_t+3 (Top 3: ['Close_MA7', 'High_to_Low', 'RSI_14']).
2025-11-21 14:23:51,823 - feature_engineer - INFO - Sử dụng 'Vũ trụ Đặc trưng Ngắn hạn' cho t+5...
2025-11-21 14:23:51,823 - feature_engineer - INFO - Đang chạy lựa chọn đặc trưng cho Target_Direction_t+5 từ 18 ứng cử viên...
2025-11-21 14:23:51,973 - feature_engineer - INFO - Đã chọn 14 đặc trưng 'vàng' cho Target_Direction_t+5 (Top 3: ['Close_MA7', 'MACD', 'Volatility_14']).
2025-11-21 14:23:51,978 - feature_engineer - INFO - Sử dụng 'Vũ trụ Đặc trưng Đầy đủ' cho t+30...
2025-11-21 14:23:51,978 - feature_engineer - INFO - Đang chạy lựa chọn đặc trưng cho Target_Direction_t+30 từ 64 ứng cử viên...
2025-11-21 14:23:52,157 - feature_engineer - INFO - Đã chọn 20 đặc trưng 'vàng' cho Target_Direction_t+30 (Top 3: ['Close', 'Volatility_60', 'MACD_Signal']).
2025-11-21 14:23:52,163 - feature_engineer - INFO - Sử dụng 'Vũ trụ Đặc trưng Đầy đủ' cho t+60...
2025-11-21 14:23:52,163 - feature_engineer - INFO - Đang chạy lựa chọn đặc trưng cho Target_Direction_t+60 từ 64 ứng cử viên...
2025-11-21 14:23:52,328 - feature_engineer - INFO - Đã chọn 20 đặc trưng 'vàng' cho Target_Direction_t+60 (Top 3: ['Close', 'MACD', 'MACD_Signal']).
2025-11-21 14:23:52,334 - feature_engineer - INFO - Sử dụng 'Vũ trụ Đặc trưng Đầy đủ' cho t+90...
2025-11-21 14:23:52,334 - feature_engineer - INFO - Đang chạy lựa chọn đặc trưng cho Target_Direction_t+90 từ 64 ứng cử viên...
2025-11-21 14:23:52,515 - feature_engineer - INFO - Đã chọn 20 đặc trưng 'vàng' cho Target_Direction_t+90 (Top 3: ['Close', 'MACD_Signal', 'MACD']).
2025-11-21 14:23:52,521 - feature_engineer - INFO - Fit Main Scaler trên 3200 mẫu (proxy)...
2025-11-21 14:23:52,526 - feature_engineer - INFO - Transform Main Scaler trên 4000 mẫu (toàn bộ)...
2025-11-21 14:23:52,789 - feature_engineer - INFO - Đã xử lý và lưu dữ liệu/metadata (an toàn) cho VCB
2025-11-21 14:23:52,806 - feature_engineer - INFO - Đang merge_asof dữ liệu cơ bản cho BID (direction='backward')...
2025-11-21 14:23:52,833 - feature_engineer - INFO - Đang tạo nhãn 3 lớp với ngưỡng +/- 0.005
2025-11-21 14:23:52,865 - feature_engineer - INFO - Đang fit scaler dựa trên 2384 mẫu (80% dữ liệu đầu).
2025-11-21 14:23:52,866 - feature_engineer - INFO - Sử dụng 'Vũ trụ Đặc trưng Ngắn hạn' cho t+1...
2025-11-21 14:23:52,866 - feature_engineer - INFO - Đang chạy lựa chọn đặc trưng cho Target_Direction_t+1 từ 18 ứng cử viên...
2025-11-21 14:23:53,001 - feature_engineer - INFO - Đã chọn 13 đặc trưng 'vàng' cho Target_Direction_t+1 (Top 3: ['RSI_14', 'Volatility_14', 'High_to_Low']).
2025-11-21 14:23:53,006 - feature_engineer - INFO - Sử dụng 'Vũ trụ Đặc trưng Ngắn hạn' cho t+3...
2025-11-21 14:23:53,006 - feature_engineer - INFO - Đang chạy lựa chọn đặc trưng cho Target_Direction_t+3 từ 18 ứng cử viên...
2025-11-21 14:23:53,144 - feature_engineer - INFO - Đã chọn 13 đặc trưng 'vàng' cho Target_Direction_t+3 (Top 3: ['Close_MA7', 'Volatility_14', 'Volume']).
2025-11-21 14:23:53,149 - feature_engineer - INFO - Sử dụng 'Vũ trụ Đặc trưng Ngắn hạn' cho t+5...
2025-11-21 14:23:53,149 - feature_engineer - INFO - Đang chạy lựa chọn đặc trưng cho Target_Direction_t+5 từ 18 ứng cử viên...
2025-11-21 14:23:53,300 - feature_engineer - INFO - Đã chọn 13 đặc trưng 'vàng' cho Target_Direction_t+5 (Top 3: ['Close_MA7', 'Volatility_14', 'MACD']).
2025-11-21 14:23:53,305 - feature_engineer - INFO - Sử dụng 'Vũ trụ Đặc trưng Đầy đủ' cho t+30...
2025-11-21 14:23:53,305 - feature_engineer - INFO - Đang chạy lựa chọn đặc trưng cho Target_Direction_t+30 từ 64 ứng cử viên...
2025-11-21 14:23:53,487 - feature_engineer - INFO - Đã chọn 20 đặc trưng 'vàng' cho Target_Direction_t+30 (Top 3: ['Close', 'Volatility_60', 'RSI_30']).
2025-11-21 14:23:53,493 - feature_engineer - INFO - Sử dụng 'Vũ trụ Đặc trưng Đầy đủ' cho t+60...
2025-11-21 14:23:53,493 - feature_engineer - INFO - Đang chạy lựa chọn đặc trưng cho Target_Direction_t+60 từ 64 ứng cử viên...
2025-11-21 14:23:53,645 - feature_engineer - INFO - Đã chọn 20 đặc trưng 'vàng' cho Target_Direction_t+60 (Top 3: ['Close', 'Close_lag_365', 'MACD']).
2025-11-21 14:23:53,650 - feature_engineer - INFO - Sử dụng 'Vũ trụ Đặc trưng Đầy đủ' cho t+90...
2025-11-21 14:23:53,651 - feature_engineer - INFO - Đang chạy lựa chọn đặc trưng cho Target_Direction_t+90 từ 64 ứng cử viên...
2025-11-21 14:23:53,802 - feature_engineer - INFO - Đã chọn 20 đặc trưng 'vàng' cho Target_Direction_t+90 (Top 3: ['Close', 'Close_lag_365', 'MACD']).
2025-11-21 14:23:53,806 - feature_engineer - INFO - Fit Main Scaler trên 2384 mẫu (proxy)...
2025-11-21 14:23:53,810 - feature_engineer - INFO - Transform Main Scaler trên 2981 mẫu (toàn bộ)...
2025-11-21 14:23:54,007 - feature_engineer - INFO - Đã xử lý và lưu dữ liệu/metadata (an toàn) cho BID
2025-11-21 14:23:54,043 - feature_engineer - INFO - Đang merge_asof dữ liệu cơ bản cho CTG (direction='backward')...
2025-11-21 14:23:54,073 - feature_engineer - INFO - Đang tạo nhãn 3 lớp với ngưỡng +/- 0.005
2025-11-21 14:23:54,106 - feature_engineer - INFO - Đang fit scaler dựa trên 3200 mẫu (80% dữ liệu đầu).
2025-11-21 14:23:54,106 - feature_engineer - INFO - Sử dụng 'Vũ trụ Đặc trưng Ngắn hạn' cho t+1...
2025-11-21 14:23:54,107 - feature_engineer - INFO - Đang chạy lựa chọn đặc trưng cho Target_Direction_t+1 từ 18 ứng cử viên...
2025-11-21 14:23:54,256 - feature_engineer - INFO - Đã chọn 13 đặc trưng 'vàng' cho Target_Direction_t+1 (Top 3: ['High_to_Low', 'Volatility_14', 'Close_MA7']).
2025-11-21 14:23:54,262 - feature_engineer - INFO - Sử dụng 'Vũ trụ Đặc trưng Ngắn hạn' cho t+3...
2025-11-21 14:23:54,262 - feature_engineer - INFO - Đang chạy lựa chọn đặc trưng cho Target_Direction_t+3 từ 18 ứng cử viên...
2025-11-21 14:23:54,414 - feature_engineer - INFO - Đã chọn 13 đặc trưng 'vàng' cho Target_Direction_t+3 (Top 3: ['Close_MA7', 'MACD', 'Volatility_14']).
2025-11-21 14:23:54,420 - feature_engineer - INFO - Sử dụng 'Vũ trụ Đặc trưng Ngắn hạn' cho t+5...
2025-11-21 14:23:54,420 - feature_engineer - INFO - Đang chạy lựa chọn đặc trưng cho Target_Direction_t+5 từ 18 ứng cử viên...
2025-11-21 14:23:54,573 - feature_engineer - INFO - Đã chọn 13 đặc trưng 'vàng' cho Target_Direction_t+5 (Top 3: ['Close_MA7', 'MACD', 'Volatility_14']).
2025-11-21 14:23:54,580 - feature_engineer - INFO - Sử dụng 'Vũ trụ Đặc trưng Đầy đủ' cho t+30...
2025-11-21 14:23:54,580 - feature_engineer - INFO - Đang chạy lựa chọn đặc trưng cho Target_Direction_t+30 từ 64 ứng cử viên...
2025-11-21 14:23:54,759 - feature_engineer - INFO - Đã chọn 20 đặc trưng 'vàng' cho Target_Direction_t+30 (Top 3: ['Close', 'Volatility_60', 'Volatility_14']).
2025-11-21 14:23:54,764 - feature_engineer - INFO - Sử dụng 'Vũ trụ Đặc trưng Đầy đủ' cho t+60...
2025-11-21 14:23:54,764 - feature_engineer - INFO - Đang chạy lựa chọn đặc trưng cho Target_Direction_t+60 từ 64 ứng cử viên...
2025-11-21 14:23:54,930 - feature_engineer - INFO - Đã chọn 20 đặc trưng 'vàng' cho Target_Direction_t+60 (Top 3: ['Close', 'Close_lag_365', 'MACD']).
2025-11-21 14:23:54,935 - feature_engineer - INFO - Sử dụng 'Vũ trụ Đặc trưng Đầy đủ' cho t+90...
2025-11-21 14:23:54,936 - feature_engineer - INFO - Đang chạy lựa chọn đặc trưng cho Target_Direction_t+90 từ 64 ứng cử viên...
2025-11-21 14:23:55,117 - feature_engineer - INFO - Đã chọn 20 đặc trưng 'vàng' cho Target_Direction_t+90 (Top 3: ['Close', 'Close_lag_365', 'Volatility_60']).
2025-11-21 14:23:55,124 - feature_engineer - INFO - Fit Main Scaler trên 3200 mẫu (proxy)...
2025-11-21 14:23:55,129 - feature_engineer - INFO - Transform Main Scaler trên 4000 mẫu (toàn bộ)...
2025-11-21 14:23:55,378 - feature_engineer - INFO - Đã xử lý và lưu dữ liệu/metadata (an toàn) cho CTG
2025-11-21 14:23:55,401 - feature_engineer - INFO - Đang merge_asof dữ liệu cơ bản cho TCB (direction='backward')...
2025-11-21 14:23:55,427 - feature_engineer - INFO - Đang tạo nhãn 3 lớp với ngưỡng +/- 0.005
2025-11-21 14:23:55,456 - feature_engineer - INFO - Đang fit scaler dựa trên 1519 mẫu (80% dữ liệu đầu).
2025-11-21 14:23:55,456 - feature_engineer - INFO - Sử dụng 'Vũ trụ Đặc trưng Ngắn hạn' cho t+1...
2025-11-21 14:23:55,456 - feature_engineer - INFO - Đang chạy lựa chọn đặc trưng cho Target_Direction_t+1 từ 18 ứng cử viên...
2025-11-21 14:23:55,588 - feature_engineer - INFO - Đã chọn 13 đặc trưng 'vàng' cho Target_Direction_t+1 (Top 3: ['Volatility_14', 'MACD', 'High_to_Low']).
2025-11-21 14:23:55,594 - feature_engineer - INFO - Sử dụng 'Vũ trụ Đặc trưng Ngắn hạn' cho t+3...
2025-11-21 14:23:55,594 - feature_engineer - INFO - Đang chạy lựa chọn đặc trưng cho Target_Direction_t+3 từ 18 ứng cử viên...
2025-11-21 14:23:55,729 - feature_engineer - INFO - Đã chọn 13 đặc trưng 'vàng' cho Target_Direction_t+3 (Top 3: ['Close_MA7', 'MACD', 'Volume']).
2025-11-21 14:23:55,735 - feature_engineer - INFO - Sử dụng 'Vũ trụ Đặc trưng Ngắn hạn' cho t+5...
2025-11-21 14:23:55,735 - feature_engineer - INFO - Đang chạy lựa chọn đặc trưng cho Target_Direction_t+5 từ 18 ứng cử viên...
2025-11-21 14:23:55,854 - feature_engineer - INFO - Đã chọn 13 đặc trưng 'vàng' cho Target_Direction_t+5 (Top 3: ['Close_MA7', 'Volatility_14', 'MACD']).
2025-11-21 14:23:55,858 - feature_engineer - INFO - Sử dụng 'Vũ trụ Đặc trưng Đầy đủ' cho t+30...
2025-11-21 14:23:55,858 - feature_engineer - INFO - Đang chạy lựa chọn đặc trưng cho Target_Direction_t+30 từ 64 ứng cử viên...
2025-11-21 14:23:55,997 - feature_engineer - INFO - Đã chọn 20 đặc trưng 'vàng' cho Target_Direction_t+30 (Top 3: ['time_index', 'Close', 'Volatility_60']).
2025-11-21 14:23:56,002 - feature_engineer - INFO - Sử dụng 'Vũ trụ Đặc trưng Đầy đủ' cho t+60...
2025-11-21 14:23:56,002 - feature_engineer - INFO - Đang chạy lựa chọn đặc trưng cho Target_Direction_t+60 từ 64 ứng cử viên...
2025-11-21 14:23:56,139 - feature_engineer - INFO - Đã chọn 20 đặc trưng 'vàng' cho Target_Direction_t+60 (Top 3: ['time_index', 'Close', 'Volatility_60']).
2025-11-21 14:23:56,145 - feature_engineer - INFO - Sử dụng 'Vũ trụ Đặc trưng Đầy đủ' cho t+90...
2025-11-21 14:23:56,145 - feature_engineer - INFO - Đang chạy lựa chọn đặc trưng cho Target_Direction_t+90 từ 64 ứng cử viên...
2025-11-21 14:23:56,296 - feature_engineer - INFO - Đã chọn 20 đặc trưng 'vàng' cho Target_Direction_t+90 (Top 3: ['time_index', 'ROA (%)', 'Close']).
2025-11-21 14:23:56,300 - feature_engineer - INFO - Fit Main Scaler trên 1519 mẫu (proxy)...
2025-11-21 14:23:56,303 - feature_engineer - INFO - Transform Main Scaler trên 1899 mẫu (toàn bộ)...
2025-11-21 14:23:56,424 - feature_engineer - INFO - Đã xử lý và lưu dữ liệu/metadata (an toàn) cho TCB
2025-11-21 14:23:56,452 - feature_engineer - INFO - Đang merge_asof dữ liệu cơ bản cho MBB (direction='backward')...
2025-11-21 14:23:56,480 - feature_engineer - INFO - Đang tạo nhãn 3 lớp với ngưỡng +/- 0.005
2025-11-21 14:23:56,513 - feature_engineer - INFO - Đang fit scaler dựa trên 2835 mẫu (80% dữ liệu đầu).
2025-11-21 14:23:56,514 - feature_engineer - INFO - Sử dụng 'Vũ trụ Đặc trưng Ngắn hạn' cho t+1...
2025-11-21 14:23:56,514 - feature_engineer - INFO - Đang chạy lựa chọn đặc trưng cho Target_Direction_t+1 từ 18 ứng cử viên...
2025-11-21 14:23:56,657 - feature_engineer - INFO - Đã chọn 13 đặc trưng 'vàng' cho Target_Direction_t+1 (Top 3: ['High_to_Low', 'Volatility_14', 'Volume']).
2025-11-21 14:23:56,662 - feature_engineer - INFO - Sử dụng 'Vũ trụ Đặc trưng Ngắn hạn' cho t+3...
2025-11-21 14:23:56,662 - feature_engineer - INFO - Đang chạy lựa chọn đặc trưng cho Target_Direction_t+3 từ 18 ứng cử viên...
2025-11-21 14:23:56,799 - feature_engineer - INFO - Đã chọn 13 đặc trưng 'vàng' cho Target_Direction_t+3 (Top 3: ['Volatility_14', 'Close_MA7', 'MACD']).
2025-11-21 14:23:56,804 - feature_engineer - INFO - Sử dụng 'Vũ trụ Đặc trưng Ngắn hạn' cho t+5...
2025-11-21 14:23:56,804 - feature_engineer - INFO - Đang chạy lựa chọn đặc trưng cho Target_Direction_t+5 từ 18 ứng cử viên...
2025-11-21 14:23:56,956 - feature_engineer - INFO - Đã chọn 13 đặc trưng 'vàng' cho Target_Direction_t+5 (Top 3: ['Volatility_14', 'Close_MA7', 'MACD']).
2025-11-21 14:23:56,960 - feature_engineer - INFO - Sử dụng 'Vũ trụ Đặc trưng Đầy đủ' cho t+30...
2025-11-21 14:23:56,962 - feature_engineer - INFO - Đang chạy lựa chọn đặc trưng cho Target_Direction_t+30 từ 64 ứng cử viên...
2025-11-21 14:23:57,131 - feature_engineer - INFO - Đã chọn 20 đặc trưng 'vàng' cho Target_Direction_t+30 (Top 3: ['time_index', 'Volatility_60', 'Close']).
2025-11-21 14:23:57,136 - feature_engineer - INFO - Sử dụng 'Vũ trụ Đặc trưng Đầy đủ' cho t+60...
2025-11-21 14:23:57,136 - feature_engineer - INFO - Đang chạy lựa chọn đặc trưng cho Target_Direction_t+60 từ 64 ứng cử viên...
2025-11-21 14:23:57,302 - feature_engineer - INFO - Đã chọn 20 đặc trưng 'vàng' cho Target_Direction_t+60 (Top 3: ['Close', 'time_index', 'Volatility_60']).
2025-11-21 14:23:57,308 - feature_engineer - INFO - Sử dụng 'Vũ trụ Đặc trưng Đầy đủ' cho t+90...
2025-11-21 14:23:57,308 - feature_engineer - INFO - Đang chạy lựa chọn đặc trưng cho Target_Direction_t+90 từ 64 ứng cử viên...
2025-11-21 14:23:57,475 - feature_engineer - INFO - Đã chọn 20 đặc trưng 'vàng' cho Target_Direction_t+90 (Top 3: ['Close', 'time_index', 'Equity_on_Loan (%)']).
2025-11-21 14:23:57,480 - feature_engineer - INFO - Fit Main Scaler trên 2835 mẫu (proxy)...
2025-11-21 14:23:57,484 - feature_engineer - INFO - Transform Main Scaler trên 3544 mẫu (toàn bộ)...
2025-11-21 14:23:57,706 - feature_engineer - INFO - Đã xử lý và lưu dữ liệu/metadata (an toàn) cho MBB
2025-11-21 14:23:57,726 - feature_engineer - INFO - Đang merge_asof dữ liệu cơ bản cho VPB (direction='backward')...
2025-11-21 14:23:57,751 - feature_engineer - INFO - Đang tạo nhãn 3 lớp với ngưỡng +/- 0.005
2025-11-21 14:23:57,781 - feature_engineer - INFO - Đang fit scaler dựa trên 1676 mẫu (80% dữ liệu đầu).
2025-11-21 14:23:57,781 - feature_engineer - INFO - Sử dụng 'Vũ trụ Đặc trưng Ngắn hạn' cho t+1...
2025-11-21 14:23:57,781 - feature_engineer - INFO - Đang chạy lựa chọn đặc trưng cho Target_Direction_t+1 từ 18 ứng cử viên...
2025-11-21 14:23:57,913 - feature_engineer - INFO - Đã chọn 13 đặc trưng 'vàng' cho Target_Direction_t+1 (Top 3: ['Volatility_14', 'High_to_Low', 'Close_MA7']).
2025-11-21 14:23:57,918 - feature_engineer - INFO - Sử dụng 'Vũ trụ Đặc trưng Ngắn hạn' cho t+3...
2025-11-21 14:23:57,918 - feature_engineer - INFO - Đang chạy lựa chọn đặc trưng cho Target_Direction_t+3 từ 18 ứng cử viên...
2025-11-21 14:23:58,054 - feature_engineer - INFO - Đã chọn 13 đặc trưng 'vàng' cho Target_Direction_t+3 (Top 3: ['Close_MA7', 'MACD', 'Volatility_14']).
2025-11-21 14:23:58,058 - feature_engineer - INFO - Sử dụng 'Vũ trụ Đặc trưng Ngắn hạn' cho t+5...
2025-11-21 14:23:58,058 - feature_engineer - INFO - Đang chạy lựa chọn đặc trưng cho Target_Direction_t+5 từ 18 ứng cử viên...
2025-11-21 14:23:58,178 - feature_engineer - INFO - Đã chọn 13 đặc trưng 'vàng' cho Target_Direction_t+5 (Top 3: ['Close_MA7', 'Volatility_14', 'MACD']).
2025-11-21 14:23:58,182 - feature_engineer - INFO - Sử dụng 'Vũ trụ Đặc trưng Đầy đủ' cho t+30...
2025-11-21 14:23:58,182 - feature_engineer - INFO - Đang chạy lựa chọn đặc trưng cho Target_Direction_t+30 từ 64 ứng cử viên...
2025-11-21 14:23:58,334 - feature_engineer - INFO - Đã chọn 20 đặc trưng 'vàng' cho Target_Direction_t+30 (Top 3: ['Close', 'time_index', 'Close_MA200']).
2025-11-21 14:23:58,338 - feature_engineer - INFO - Sử dụng 'Vũ trụ Đặc trưng Đầy đủ' cho t+60...
2025-11-21 14:23:58,338 - feature_engineer - INFO - Đang chạy lựa chọn đặc trưng cho Target_Direction_t+60 từ 64 ứng cử viên...
2025-11-21 14:23:58,473 - feature_engineer - INFO - Đã chọn 20 đặc trưng 'vàng' cho Target_Direction_t+60 (Top 3: ['time_index', 'Close', 'Close_MA100']).
2025-11-21 14:23:58,478 - feature_engineer - INFO - Sử dụng 'Vũ trụ Đặc trưng Đầy đủ' cho t+90...
2025-11-21 14:23:58,478 - feature_engineer - INFO - Đang chạy lựa chọn đặc trưng cho Target_Direction_t+90 từ 64 ứng cử viên...
2025-11-21 14:23:58,745 - feature_engineer - INFO - Đã chọn 20 đặc trưng 'vàng' cho Target_Direction_t+90 (Top 3: ['time_index', 'Close', 'Close_MA100']).
2025-11-21 14:23:58,749 - feature_engineer - INFO - Fit Main Scaler trên 1676 mẫu (proxy)...
2025-11-21 14:23:58,751 - feature_engineer - INFO - Transform Main Scaler trên 2096 mẫu (toàn bộ)...
2025-11-21 14:23:58,879 - feature_engineer - INFO - Đã xử lý và lưu dữ liệu/metadata (an toàn) cho VPB
2025-11-21 14:23:58,918 - feature_engineer - INFO - Đang merge_asof dữ liệu cơ bản cho ACB (direction='backward')...
2025-11-21 14:23:58,947 - feature_engineer - INFO - Đang tạo nhãn 3 lớp với ngưỡng +/- 0.005
2025-11-21 14:23:58,979 - feature_engineer - INFO - Đang fit scaler dựa trên 3200 mẫu (80% dữ liệu đầu).
2025-11-21 14:23:58,979 - feature_engineer - INFO - Sử dụng 'Vũ trụ Đặc trưng Ngắn hạn' cho t+1...
2025-11-21 14:23:58,979 - feature_engineer - INFO - Đang chạy lựa chọn đặc trưng cho Target_Direction_t+1 từ 18 ứng cử viên...
2025-11-21 14:23:59,117 - feature_engineer - INFO - Đã chọn 14 đặc trưng 'vàng' cho Target_Direction_t+1 (Top 3: ['High_to_Low', 'Volatility_14', 'Volume']).
2025-11-21 14:23:59,123 - feature_engineer - INFO - Sử dụng 'Vũ trụ Đặc trưng Ngắn hạn' cho t+3...
2025-11-21 14:23:59,124 - feature_engineer - INFO - Đang chạy lựa chọn đặc trưng cho Target_Direction_t+3 từ 18 ứng cử viên...
2025-11-21 14:23:59,271 - feature_engineer - INFO - Đã chọn 14 đặc trưng 'vàng' cho Target_Direction_t+3 (Top 3: ['Volatility_14', 'Close_MA7', 'Volume']).
2025-11-21 14:23:59,276 - feature_engineer - INFO - Sử dụng 'Vũ trụ Đặc trưng Ngắn hạn' cho t+5...
2025-11-21 14:23:59,276 - feature_engineer - INFO - Đang chạy lựa chọn đặc trưng cho Target_Direction_t+5 từ 18 ứng cử viên...
2025-11-21 14:23:59,426 - feature_engineer - INFO - Đã chọn 14 đặc trưng 'vàng' cho Target_Direction_t+5 (Top 3: ['Volatility_14', 'Close_MA7', 'MACD_Signal']).
2025-11-21 14:23:59,432 - feature_engineer - INFO - Sử dụng 'Vũ trụ Đặc trưng Đầy đủ' cho t+30...
2025-11-21 14:23:59,432 - feature_engineer - INFO - Đang chạy lựa chọn đặc trưng cho Target_Direction_t+30 từ 64 ứng cử viên...
2025-11-21 14:23:59,614 - feature_engineer - INFO - Đã chọn 20 đặc trưng 'vàng' cho Target_Direction_t+30 (Top 3: ['time_index', 'Close', 'Volatility_60']).
2025-11-21 14:23:59,619 - feature_engineer - INFO - Sử dụng 'Vũ trụ Đặc trưng Đầy đủ' cho t+60...
2025-11-21 14:23:59,619 - feature_engineer - INFO - Đang chạy lựa chọn đặc trưng cho Target_Direction_t+60 từ 64 ứng cử viên...
2025-11-21 14:23:59,788 - feature_engineer - INFO - Đã chọn 20 đặc trưng 'vàng' cho Target_Direction_t+60 (Top 3: ['Close', 'time_index', 'Volatility_60']).
2025-11-21 14:23:59,795 - feature_engineer - INFO - Sử dụng 'Vũ trụ Đặc trưng Đầy đủ' cho t+90...
2025-11-21 14:23:59,795 - feature_engineer - INFO - Đang chạy lựa chọn đặc trưng cho Target_Direction_t+90 từ 64 ứng cử viên...
2025-11-21 14:23:59,960 - feature_engineer - INFO - Đã chọn 20 đặc trưng 'vàng' cho Target_Direction_t+90 (Top 3: ['time_index', 'Close', 'Volatility_60']).
2025-11-21 14:23:59,967 - feature_engineer - INFO - Fit Main Scaler trên 3200 mẫu (proxy)...
2025-11-21 14:23:59,971 - feature_engineer - INFO - Transform Main Scaler trên 4000 mẫu (toàn bộ)...
2025-11-21 14:24:00,280 - feature_engineer - INFO - Đã xử lý và lưu dữ liệu/metadata (an toàn) cho ACB
2025-11-21 14:24:00,317 - feature_engineer - INFO - Đang merge_asof dữ liệu cơ bản cho STB (direction='backward')...
2025-11-21 14:24:00,348 - feature_engineer - INFO - Đang tạo nhãn 3 lớp với ngưỡng +/- 0.005
2025-11-21 14:24:00,382 - feature_engineer - INFO - Đang fit scaler dựa trên 3200 mẫu (80% dữ liệu đầu).
2025-11-21 14:24:00,383 - feature_engineer - INFO - Sử dụng 'Vũ trụ Đặc trưng Ngắn hạn' cho t+1...
2025-11-21 14:24:00,383 - feature_engineer - INFO - Đang chạy lựa chọn đặc trưng cho Target_Direction_t+1 từ 18 ứng cử viên...
2025-11-21 14:24:00,541 - feature_engineer - INFO - Đã chọn 13 đặc trưng 'vàng' cho Target_Direction_t+1 (Top 3: ['Volatility_14', 'Volume', 'High_to_Low']).
2025-11-21 14:24:00,547 - feature_engineer - INFO - Sử dụng 'Vũ trụ Đặc trưng Ngắn hạn' cho t+3...
2025-11-21 14:24:00,547 - feature_engineer - INFO - Đang chạy lựa chọn đặc trưng cho Target_Direction_t+3 từ 18 ứng cử viên...
2025-11-21 14:24:00,696 - feature_engineer - INFO - Đã chọn 13 đặc trưng 'vàng' cho Target_Direction_t+3 (Top 3: ['Volatility_14', 'MACD', 'Close_MA7']).
2025-11-21 14:24:00,702 - feature_engineer - INFO - Sử dụng 'Vũ trụ Đặc trưng Ngắn hạn' cho t+5...
2025-11-21 14:24:00,702 - feature_engineer - INFO - Đang chạy lựa chọn đặc trưng cho Target_Direction_t+5 từ 18 ứng cử viên...
2025-11-21 14:24:00,853 - feature_engineer - INFO - Đã chọn 13 đặc trưng 'vàng' cho Target_Direction_t+5 (Top 3: ['Volatility_14', 'Close_MA7', 'MACD']).
2025-11-21 14:24:00,858 - feature_engineer - INFO - Sử dụng 'Vũ trụ Đặc trưng Đầy đủ' cho t+30...
2025-11-21 14:24:00,859 - feature_engineer - INFO - Đang chạy lựa chọn đặc trưng cho Target_Direction_t+30 từ 64 ứng cử viên...
2025-11-21 14:24:01,041 - feature_engineer - INFO - Đã chọn 20 đặc trưng 'vàng' cho Target_Direction_t+30 (Top 3: ['time_index', 'Close', 'Volatility_60']).
2025-11-21 14:24:01,047 - feature_engineer - INFO - Sử dụng 'Vũ trụ Đặc trưng Đầy đủ' cho t+60...
2025-11-21 14:24:01,048 - feature_engineer - INFO - Đang chạy lựa chọn đặc trưng cho Target_Direction_t+60 từ 64 ứng cử viên...
2025-11-21 14:24:01,227 - feature_engineer - INFO - Đã chọn 20 đặc trưng 'vàng' cho Target_Direction_t+60 (Top 3: ['time_index', 'Close', 'Volatility_60']).
2025-11-21 14:24:01,232 - feature_engineer - INFO - Sử dụng 'Vũ trụ Đặc trưng Đầy đủ' cho t+90...
2025-11-21 14:24:01,232 - feature_engineer - INFO - Đang chạy lựa chọn đặc trưng cho Target_Direction_t+90 từ 64 ứng cử viên...
2025-11-21 14:24:01,398 - feature_engineer - INFO - Đã chọn 20 đặc trưng 'vàng' cho Target_Direction_t+90 (Top 3: ['Close', 'time_index', 'Volatility_60']).
2025-11-21 14:24:01,403 - feature_engineer - INFO - Fit Main Scaler trên 3200 mẫu (proxy)...
2025-11-21 14:24:01,407 - feature_engineer - INFO - Transform Main Scaler trên 4000 mẫu (toàn bộ)...
2025-11-21 14:24:01,648 - feature_engineer - INFO - Đã xử lý và lưu dữ liệu/metadata (an toàn) cho STB
2025-11-21 14:24:01,678 - feature_engineer - INFO - Đang merge_asof dữ liệu cơ bản cho HDB (direction='backward')...
2025-11-21 14:24:01,701 - feature_engineer - INFO - Đang tạo nhãn 3 lớp với ngưỡng +/- 0.005
2025-11-21 14:24:01,728 - feature_engineer - INFO - Đang fit scaler dựa trên 1597 mẫu (80% dữ liệu đầu).
2025-11-21 14:24:01,729 - feature_engineer - INFO - Sử dụng 'Vũ trụ Đặc trưng Ngắn hạn' cho t+1...
2025-11-21 14:24:01,729 - feature_engineer - INFO - Đang chạy lựa chọn đặc trưng cho Target_Direction_t+1 từ 18 ứng cử viên...
2025-11-21 14:24:01,851 - feature_engineer - INFO - Đã chọn 13 đặc trưng 'vàng' cho Target_Direction_t+1 (Top 3: ['Volatility_14', 'Close_MA7', 'High_to_Low']).
2025-11-21 14:24:01,856 - feature_engineer - INFO - Sử dụng 'Vũ trụ Đặc trưng Ngắn hạn' cho t+3...
2025-11-21 14:24:01,857 - feature_engineer - INFO - Đang chạy lựa chọn đặc trưng cho Target_Direction_t+3 từ 18 ứng cử viên...
2025-11-21 14:24:01,977 - feature_engineer - INFO - Đã chọn 13 đặc trưng 'vàng' cho Target_Direction_t+3 (Top 3: ['Close_MA7', 'Volatility_14', 'MACD']).
2025-11-21 14:24:01,981 - feature_engineer - INFO - Sử dụng 'Vũ trụ Đặc trưng Ngắn hạn' cho t+5...
2025-11-21 14:24:01,981 - feature_engineer - INFO - Đang chạy lựa chọn đặc trưng cho Target_Direction_t+5 từ 18 ứng cử viên...
2025-11-21 14:24:02,117 - feature_engineer - INFO - Đã chọn 13 đặc trưng 'vàng' cho Target_Direction_t+5 (Top 3: ['Close_MA7', 'Volatility_14', 'MACD']).
2025-11-21 14:24:02,120 - feature_engineer - INFO - Sử dụng 'Vũ trụ Đặc trưng Đầy đủ' cho t+30...
2025-11-21 14:24:02,121 - feature_engineer - INFO - Đang chạy lựa chọn đặc trưng cho Target_Direction_t+30 từ 64 ứng cử viên...
2025-11-21 14:24:02,272 - feature_engineer - INFO - Đã chọn 20 đặc trưng 'vàng' cho Target_Direction_t+30 (Top 3: ['Close', 'time_index', 'MACD']).
2025-11-21 14:24:02,277 - feature_engineer - INFO - Sử dụng 'Vũ trụ Đặc trưng Đầy đủ' cho t+60...
2025-11-21 14:24:02,277 - feature_engineer - INFO - Đang chạy lựa chọn đặc trưng cho Target_Direction_t+60 từ 64 ứng cử viên...
2025-11-21 14:24:02,428 - feature_engineer - INFO - Đã chọn 20 đặc trưng 'vàng' cho Target_Direction_t+60 (Top 3: ['time_index', 'Close', 'Volatility_60']).
2025-11-21 14:24:02,434 - feature_engineer - INFO - Sử dụng 'Vũ trụ Đặc trưng Đầy đủ' cho t+90...
2025-11-21 14:24:02,434 - feature_engineer - INFO - Đang chạy lựa chọn đặc trưng cho Target_Direction_t+90 từ 64 ứng cử viên...
2025-11-21 14:24:02,570 - feature_engineer - INFO - Đã chọn 20 đặc trưng 'vàng' cho Target_Direction_t+90 (Top 3: ['time_index', 'Close', 'Close_lag_365']).
2025-11-21 14:24:02,575 - feature_engineer - INFO - Fit Main Scaler trên 1597 mẫu (proxy)...
2025-11-21 14:24:02,577 - feature_engineer - INFO - Transform Main Scaler trên 1997 mẫu (toàn bộ)...
2025-11-21 14:24:02,710 - feature_engineer - INFO - Đã xử lý và lưu dữ liệu/metadata (an toàn) cho HDB
2025-11-21 14:24:02,729 - feature_engineer - INFO - Đang merge_asof dữ liệu cơ bản cho TPB (direction='backward')...
2025-11-21 14:24:02,750 - feature_engineer - INFO - Đang tạo nhãn 3 lớp với ngưỡng +/- 0.005
2025-11-21 14:24:02,775 - feature_engineer - INFO - Đang fit scaler dựa trên 1542 mẫu (80% dữ liệu đầu).
2025-11-21 14:24:02,775 - feature_engineer - INFO - Sử dụng 'Vũ trụ Đặc trưng Ngắn hạn' cho t+1...
2025-11-21 14:24:02,775 - feature_engineer - INFO - Đang chạy lựa chọn đặc trưng cho Target_Direction_t+1 từ 18 ứng cử viên...
2025-11-21 14:24:02,898 - feature_engineer - INFO - Đã chọn 13 đặc trưng 'vàng' cho Target_Direction_t+1 (Top 3: ['High_to_Low', 'Volatility_14', 'Close_MA7']).
2025-11-21 14:24:02,909 - feature_engineer - INFO - Sử dụng 'Vũ trụ Đặc trưng Ngắn hạn' cho t+3...
2025-11-21 14:24:02,909 - feature_engineer - INFO - Đang chạy lựa chọn đặc trưng cho Target_Direction_t+3 từ 18 ứng cử viên...
2025-11-21 14:24:03,039 - feature_engineer - INFO - Đã chọn 13 đặc trưng 'vàng' cho Target_Direction_t+3 (Top 3: ['Close_MA7', 'Volatility_14', 'MACD']).
2025-11-21 14:24:03,044 - feature_engineer - INFO - Sử dụng 'Vũ trụ Đặc trưng Ngắn hạn' cho t+5...
2025-11-21 14:24:03,044 - feature_engineer - INFO - Đang chạy lựa chọn đặc trưng cho Target_Direction_t+5 từ 18 ứng cử viên...
2025-11-21 14:24:03,164 - feature_engineer - INFO - Đã chọn 13 đặc trưng 'vàng' cho Target_Direction_t+5 (Top 3: ['Close_MA7', 'Volatility_14', 'MACD']).
2025-11-21 14:24:03,169 - feature_engineer - INFO - Sử dụng 'Vũ trụ Đặc trưng Đầy đủ' cho t+30...
2025-11-21 14:24:03,170 - feature_engineer - INFO - Đang chạy lựa chọn đặc trưng cho Target_Direction_t+30 từ 64 ứng cử viên...
2025-11-21 14:24:03,320 - feature_engineer - INFO - Đã chọn 20 đặc trưng 'vàng' cho Target_Direction_t+30 (Top 3: ['Close_MA100', 'time_index', 'Close']).
2025-11-21 14:24:03,325 - feature_engineer - INFO - Sử dụng 'Vũ trụ Đặc trưng Đầy đủ' cho t+60...
2025-11-21 14:24:03,326 - feature_engineer - INFO - Đang chạy lựa chọn đặc trưng cho Target_Direction_t+60 từ 64 ứng cử viên...
2025-11-21 14:24:03,462 - feature_engineer - INFO - Đã chọn 20 đặc trưng 'vàng' cho Target_Direction_t+60 (Top 3: ['Close_MA100', 'Close', 'time_index']).
2025-11-21 14:24:03,467 - feature_engineer - INFO - Sử dụng 'Vũ trụ Đặc trưng Đầy đủ' cho t+90...
2025-11-21 14:24:03,467 - feature_engineer - INFO - Đang chạy lựa chọn đặc trưng cho Target_Direction_t+90 từ 64 ứng cử viên...
2025-11-21 14:24:03,604 - feature_engineer - INFO - Đã chọn 20 đặc trưng 'vàng' cho Target_Direction_t+90 (Top 3: ['Close', 'time_index', 'BVPS (VND)']).
2025-11-21 14:24:03,608 - feature_engineer - INFO - Fit Main Scaler trên 1542 mẫu (proxy)...
2025-11-21 14:24:03,611 - feature_engineer - INFO - Transform Main Scaler trên 1928 mẫu (toàn bộ)...
2025-11-21 14:24:03,735 - feature_engineer - INFO - Đã xử lý và lưu dữ liệu/metadata (an toàn) cho TPB
