2025-11-21 15:17:18,854 - trainer - INFO - Horizons initialized in ModelTrainingPipeline: [1, 3, 5, 30, 60, 90] (type: <class 'list'>)
2025-11-21 15:17:18,855 - trainer - INFO - ===== BẮT ĐẦU HUẤN LUYỆN: ACB_cnn_bilstm_t+1 =====
2025-11-21 15:17:18,904 - trainer - INFO - Đã tải 4000 mẫu cho ACB t+1
2025-11-21 15:17:18,915 - trainer - INFO - DataLoaders created: Train=2779, Val=595, Test=596
2025-11-21 15:17:21,070 - trainer - INFO - 📊 Class Distribution: Class 0=798, Class 1=1183, Class 2=798
2025-11-21 15:17:21,071 - trainer - INFO - ⚖️  Balanced Weights (Standard): Class 0=1.1608, Class 1=0.7830, Class 2=1.1608
2025-11-21 15:17:21,071 - trainer - INFO - 🚀 Bắt đầu huấn luyện: ACB (LR=0.001)
2025-11-21 15:17:22,309 - trainer - INFO - Epoch 1/120 | Train Loss: 0.4980 | Val Loss: 0.5075 | Val F1: 0.1691 | LR: 0.001000
2025-11-21 15:17:22,964 - trainer - INFO - Epoch 2/120 | Train Loss: 0.4902 | Val Loss: 0.5396 | Val F1: 0.1691 | LR: 0.001000
2025-11-21 15:17:23,535 - trainer - INFO - Epoch 3/120 | Train Loss: 0.4889 | Val Loss: 0.5127 | Val F1: 0.1691 | LR: 0.001000
2025-11-21 15:17:24,115 - trainer - INFO - Epoch 4/120 | Train Loss: 0.4848 | Val Loss: 0.5095 | Val F1: 0.1691 | LR: 0.001000
2025-11-21 15:17:24,695 - trainer - INFO - Epoch 5/120 | Train Loss: 0.4850 | Val Loss: 0.5147 | Val F1: 0.1691 | LR: 0.001000
2025-11-21 15:17:25,246 - trainer - INFO - Epoch 6/120 | Train Loss: 0.4853 | Val Loss: 0.5083 | Val F1: 0.2057 | LR: 0.001000
2025-11-21 15:17:25,829 - trainer - INFO - Epoch 7/120 | Train Loss: 0.4838 | Val Loss: 0.5106 | Val F1: 0.1691 | LR: 0.001000
2025-11-21 15:17:26,420 - trainer - INFO - Epoch 8/120 | Train Loss: 0.4842 | Val Loss: 0.5281 | Val F1: 0.1691 | LR: 0.001000
2025-11-21 15:17:26,912 - trainer - INFO - Epoch 9/120 | Train Loss: 0.4835 | Val Loss: 0.5061 | Val F1: 0.1691 | LR: 0.001000
2025-11-21 15:17:31,264 - trainer - INFO - Epoch 10/120 | Train Loss: 0.4815 | Val Loss: 0.5541 | Val F1: 0.1691 | LR: 0.001000
2025-11-21 15:17:31,777 - trainer - INFO - Epoch 11/120 | Train Loss: 0.4841 | Val Loss: 0.5218 | Val F1: 0.1691 | LR: 0.001000
2025-11-21 15:17:32,328 - trainer - INFO - Epoch 12/120 | Train Loss: 0.4822 | Val Loss: 0.5056 | Val F1: 0.1827 | LR: 0.001000
2025-11-21 15:17:32,871 - trainer - INFO - Epoch 13/120 | Train Loss: 0.4857 | Val Loss: 0.5124 | Val F1: 0.1691 | LR: 0.001000
2025-11-21 15:17:33,408 - trainer - INFO - Epoch 14/120 | Train Loss: 0.4848 | Val Loss: 0.5075 | Val F1: 0.1857 | LR: 0.001000
2025-11-21 15:17:33,953 - trainer - INFO - Epoch 15/120 | Train Loss: 0.4815 | Val Loss: 0.5012 | Val F1: 0.1691 | LR: 0.001000
2025-11-21 15:17:34,509 - trainer - INFO - Epoch 16/120 | Train Loss: 0.4857 | Val Loss: 0.5204 | Val F1: 0.1691 | LR: 0.001000
2025-11-21 15:17:35,093 - trainer - INFO - Epoch 17/120 | Train Loss: 0.4834 | Val Loss: 0.5061 | Val F1: 0.1691 | LR: 0.001000
2025-11-21 15:17:35,640 - trainer - INFO - Epoch 18/120 | Train Loss: 0.4825 | Val Loss: 0.5234 | Val F1: 0.2134 | LR: 0.001000
2025-11-21 15:17:36,152 - trainer - INFO - Epoch 19/120 | Train Loss: 0.4823 | Val Loss: 0.5103 | Val F1: 0.1691 | LR: 0.001000
2025-11-21 15:17:36,709 - trainer - INFO - Epoch 20/120 | Train Loss: 0.4839 | Val Loss: 0.5053 | Val F1: 0.2508 | LR: 0.001000
2025-11-21 15:17:37,300 - trainer - INFO - Epoch 21/120 | Train Loss: 0.4833 | Val Loss: 0.5162 | Val F1: 0.1691 | LR: 0.001000
2025-11-21 15:17:37,828 - trainer - INFO - Epoch 22/120 | Train Loss: 0.4819 | Val Loss: 0.5151 | Val F1: 0.1691 | LR: 0.001000
2025-11-21 15:17:38,317 - trainer - INFO - Epoch 23/120 | Train Loss: 0.4824 | Val Loss: 0.5030 | Val F1: 0.2165 | LR: 0.001000
2025-11-21 15:17:38,848 - trainer - INFO - Epoch 24/120 | Train Loss: 0.4853 | Val Loss: 0.5057 | Val F1: 0.1691 | LR: 0.001000
2025-11-21 15:17:39,357 - trainer - INFO - Epoch 25/120 | Train Loss: 0.4812 | Val Loss: 0.5117 | Val F1: 0.1691 | LR: 0.000500
2025-11-21 15:17:39,851 - trainer - INFO - Epoch 26/120 | Train Loss: 0.4815 | Val Loss: 0.5083 | Val F1: 0.1691 | LR: 0.000500
2025-11-21 15:17:40,365 - trainer - INFO - Epoch 27/120 | Train Loss: 0.4803 | Val Loss: 0.5097 | Val F1: 0.1891 | LR: 0.000500
2025-11-21 15:17:40,879 - trainer - INFO - Epoch 28/120 | Train Loss: 0.4804 | Val Loss: 0.5062 | Val F1: 0.1924 | LR: 0.000500
2025-11-21 15:17:41,424 - trainer - INFO - Epoch 29/120 | Train Loss: 0.4815 | Val Loss: 0.5219 | Val F1: 0.1691 | LR: 0.000500
2025-11-21 15:17:41,933 - trainer - INFO - Epoch 30/120 | Train Loss: 0.4814 | Val Loss: 0.5180 | Val F1: 0.1691 | LR: 0.000500
2025-11-21 15:17:42,454 - trainer - INFO - Epoch 31/120 | Train Loss: 0.4812 | Val Loss: 0.5049 | Val F1: 0.2118 | LR: 0.000500
2025-11-21 15:17:43,015 - trainer - INFO - Epoch 32/120 | Train Loss: 0.4811 | Val Loss: 0.5090 | Val F1: 0.1727 | LR: 0.000500
2025-11-21 15:17:43,561 - trainer - INFO - Epoch 33/120 | Train Loss: 0.4806 | Val Loss: 0.5112 | Val F1: 0.1691 | LR: 0.000500
2025-11-21 15:17:44,071 - trainer - INFO - Epoch 34/120 | Train Loss: 0.4805 | Val Loss: 0.5095 | Val F1: 0.1691 | LR: 0.000250
2025-11-21 15:17:44,604 - trainer - INFO - Epoch 35/120 | Train Loss: 0.4809 | Val Loss: 0.5112 | Val F1: 0.1691 | LR: 0.000250
2025-11-21 15:17:45,107 - trainer - INFO - Epoch 36/120 | Train Loss: 0.4805 | Val Loss: 0.5085 | Val F1: 0.1691 | LR: 0.000250
2025-11-21 15:17:45,601 - trainer - INFO - Epoch 37/120 | Train Loss: 0.4798 | Val Loss: 0.5132 | Val F1: 0.1691 | LR: 0.000250
2025-11-21 15:17:46,136 - trainer - INFO - Epoch 38/120 | Train Loss: 0.4805 | Val Loss: 0.5144 | Val F1: 0.1691 | LR: 0.000250
2025-11-21 15:17:46,900 - trainer - INFO - Epoch 39/120 | Train Loss: 0.4798 | Val Loss: 0.5081 | Val F1: 0.1691 | LR: 0.000250
2025-11-21 15:17:47,462 - trainer - INFO - Epoch 40/120 | Train Loss: 0.4792 | Val Loss: 0.5154 | Val F1: 0.1691 | LR: 0.000250
2025-11-21 15:17:47,462 - trainer - INFO - 🛑 Early stopping tại epoch 40
2025-11-21 15:17:47,825 - trainer - INFO - 📉 Đã lưu biểu đồ tại: outputs/ACB_history.png
2025-11-21 15:17:47,859 - trainer - INFO - 
--- Kết quả Test cho ACB - Model: CNN_BILSTM - Horizon: t+1 ---
      - Accuracy: 28.86%
      - Balanced Accuracy: 33.33%
      - Precision (Weighted): 8.33%
      - Recall (Weighted): 28.86%
      - F1-Score (Weighted): 12.93%
      - Confusion Matrix:
[[  0   0 147]
 [  0   0 277]
 [  0   0 172]]
2025-11-21 15:17:47,863 - trainer - INFO - Đã lưu model tại: models/ACB_cnn_bilstm_t+1_best.pt
2025-11-21 15:17:47,863 - trainer - INFO - ===== BẮT ĐẦU HUẤN LUYỆN: ACB_cnn_bilstm_t+3 =====
2025-11-21 15:17:47,919 - trainer - INFO - Đã tải 4000 mẫu cho ACB t+3
2025-11-21 15:17:47,929 - trainer - INFO - DataLoaders created: Train=2779, Val=595, Test=596
2025-11-21 15:17:47,961 - trainer - INFO - 📊 Class Distribution: Class 0=977, Class 1=759, Class 2=1043
2025-11-21 15:17:47,962 - trainer - INFO - ⚖️  Balanced Weights (Standard): Class 0=0.9481, Class 1=1.2205, Class 2=0.8881
2025-11-21 15:17:47,962 - trainer - INFO - 🚀 Bắt đầu huấn luyện: ACB (LR=0.001)
2025-11-21 15:17:48,537 - trainer - INFO - Epoch 1/120 | Train Loss: 0.4926 | Val Loss: 0.4769 | Val F1: 0.1663 | LR: 0.001000
2025-11-21 15:17:49,069 - trainer - INFO - Epoch 2/120 | Train Loss: 0.4760 | Val Loss: 0.4951 | Val F1: 0.2123 | LR: 0.001000
2025-11-21 15:17:49,622 - trainer - INFO - Epoch 3/120 | Train Loss: 0.4721 | Val Loss: 0.4974 | Val F1: 0.2385 | LR: 0.001000
2025-11-21 15:17:50,164 - trainer - INFO - Epoch 4/120 | Train Loss: 0.4690 | Val Loss: 0.4995 | Val F1: 0.2385 | LR: 0.001000
2025-11-21 15:17:50,669 - trainer - INFO - Epoch 5/120 | Train Loss: 0.4679 | Val Loss: 0.5004 | Val F1: 0.2385 | LR: 0.001000
2025-11-21 15:17:51,164 - trainer - INFO - Epoch 6/120 | Train Loss: 0.4668 | Val Loss: 0.4955 | Val F1: 0.2385 | LR: 0.001000
2025-11-21 15:17:51,695 - trainer - INFO - Epoch 7/120 | Train Loss: 0.4663 | Val Loss: 0.4942 | Val F1: 0.2385 | LR: 0.001000
2025-11-21 15:17:52,218 - trainer - INFO - Epoch 8/120 | Train Loss: 0.4657 | Val Loss: 0.4907 | Val F1: 0.3131 | LR: 0.001000
2025-11-21 15:17:52,755 - trainer - INFO - Epoch 9/120 | Train Loss: 0.4688 | Val Loss: 0.4781 | Val F1: 0.2385 | LR: 0.001000
2025-11-21 15:17:53,291 - trainer - INFO - Epoch 10/120 | Train Loss: 0.4664 | Val Loss: 0.5156 | Val F1: 0.2385 | LR: 0.001000
2025-11-21 15:17:53,841 - trainer - INFO - Epoch 11/120 | Train Loss: 0.4635 | Val Loss: 0.5117 | Val F1: 0.2385 | LR: 0.000500
2025-11-21 15:17:54,403 - trainer - INFO - Epoch 12/120 | Train Loss: 0.4620 | Val Loss: 0.5026 | Val F1: 0.2385 | LR: 0.000500
2025-11-21 15:17:54,927 - trainer - INFO - Epoch 13/120 | Train Loss: 0.4644 | Val Loss: 0.5123 | Val F1: 0.2385 | LR: 0.000500
2025-11-21 15:17:55,434 - trainer - INFO - Epoch 14/120 | Train Loss: 0.4644 | Val Loss: 0.5062 | Val F1: 0.2385 | LR: 0.000500
2025-11-21 15:17:55,934 - trainer - INFO - Epoch 15/120 | Train Loss: 0.4627 | Val Loss: 0.4889 | Val F1: 0.2385 | LR: 0.000500
2025-11-21 15:17:56,440 - trainer - INFO - Epoch 16/120 | Train Loss: 0.4627 | Val Loss: 0.5004 | Val F1: 0.2385 | LR: 0.000500
2025-11-21 15:17:56,952 - trainer - INFO - Epoch 17/120 | Train Loss: 0.4619 | Val Loss: 0.4997 | Val F1: 0.2385 | LR: 0.000500
2025-11-21 15:17:57,499 - trainer - INFO - Epoch 18/120 | Train Loss: 0.4636 | Val Loss: 0.4946 | Val F1: 0.2385 | LR: 0.000500
2025-11-21 15:17:58,007 - trainer - INFO - Epoch 19/120 | Train Loss: 0.4627 | Val Loss: 0.4997 | Val F1: 0.2385 | LR: 0.000500
2025-11-21 15:17:58,549 - trainer - INFO - Epoch 20/120 | Train Loss: 0.4647 | Val Loss: 0.4955 | Val F1: 0.2385 | LR: 0.000250
2025-11-21 15:17:59,068 - trainer - INFO - Epoch 21/120 | Train Loss: 0.4612 | Val Loss: 0.5108 | Val F1: 0.2385 | LR: 0.000250
2025-11-21 15:17:59,625 - trainer - INFO - Epoch 22/120 | Train Loss: 0.4626 | Val Loss: 0.5042 | Val F1: 0.2385 | LR: 0.000250
2025-11-21 15:18:00,139 - trainer - INFO - Epoch 23/120 | Train Loss: 0.4614 | Val Loss: 0.5046 | Val F1: 0.2385 | LR: 0.000250
2025-11-21 15:18:00,684 - trainer - INFO - Epoch 24/120 | Train Loss: 0.4615 | Val Loss: 0.5054 | Val F1: 0.2385 | LR: 0.000250
2025-11-21 15:18:01,218 - trainer - INFO - Epoch 25/120 | Train Loss: 0.4615 | Val Loss: 0.4975 | Val F1: 0.2385 | LR: 0.000250
2025-11-21 15:18:01,743 - trainer - INFO - Epoch 26/120 | Train Loss: 0.4610 | Val Loss: 0.5104 | Val F1: 0.2385 | LR: 0.000250
2025-11-21 15:18:01,743 - trainer - INFO - 🛑 Early stopping tại epoch 26
2025-11-21 15:18:01,941 - trainer - INFO - 📉 Đã lưu biểu đồ tại: outputs/ACB_history.png
2025-11-21 15:18:01,972 - trainer - INFO - 
--- Kết quả Test cho ACB - Model: CNN_BILSTM - Horizon: t+3 ---
      - Accuracy: 32.38%
      - Balanced Accuracy: 35.26%
      - Precision (Weighted): 24.18%
      - Recall (Weighted): 32.38%
      - F1-Score (Weighted): 22.86%
      - Confusion Matrix:
[[  0 155  41]
 [  0 151  22]
 [  1 184  42]]
2025-11-21 15:18:01,975 - trainer - INFO - Đã lưu model tại: models/ACB_cnn_bilstm_t+3_best.pt
2025-11-21 15:18:01,975 - trainer - INFO - ===== BẮT ĐẦU HUẤN LUYỆN: ACB_cnn_bilstm_t+5 =====
2025-11-21 15:18:02,021 - trainer - INFO - Đã tải 4000 mẫu cho ACB t+5
2025-11-21 15:18:02,030 - trainer - INFO - DataLoaders created: Train=2779, Val=595, Test=596
2025-11-21 15:18:02,065 - trainer - INFO - 📊 Class Distribution: Class 0=1023, Class 1=624, Class 2=1132
2025-11-21 15:18:02,065 - trainer - INFO - ⚖️  Balanced Weights (Standard): Class 0=0.9055, Class 1=1.4845, Class 2=0.8183
2025-11-21 15:18:02,065 - trainer - INFO - 🚀 Bắt đầu huấn luyện: ACB (LR=0.001)
2025-11-21 15:18:02,627 - trainer - INFO - Epoch 1/120 | Train Loss: 0.4968 | Val Loss: 0.4735 | Val F1: 0.2623 | LR: 0.001000
2025-11-21 15:18:03,166 - trainer - INFO - Epoch 2/120 | Train Loss: 0.4739 | Val Loss: 0.5033 | Val F1: 0.2623 | LR: 0.001000
2025-11-21 15:18:03,710 - trainer - INFO - Epoch 3/120 | Train Loss: 0.4688 | Val Loss: 0.4892 | Val F1: 0.3574 | LR: 0.001000
2025-11-21 15:18:04,277 - trainer - INFO - Epoch 4/120 | Train Loss: 0.4663 | Val Loss: 0.4998 | Val F1: 0.2623 | LR: 0.001000
2025-11-21 15:18:04,848 - trainer - INFO - Epoch 5/120 | Train Loss: 0.4663 | Val Loss: 0.4955 | Val F1: 0.2623 | LR: 0.001000
2025-11-21 15:18:05,354 - trainer - INFO - Epoch 6/120 | Train Loss: 0.4640 | Val Loss: 0.4788 | Val F1: 0.2512 | LR: 0.001000
2025-11-21 15:18:05,900 - trainer - INFO - Epoch 7/120 | Train Loss: 0.4642 | Val Loss: 0.4913 | Val F1: 0.2623 | LR: 0.001000
2025-11-21 15:18:06,425 - trainer - INFO - Epoch 8/120 | Train Loss: 0.4661 | Val Loss: 0.5217 | Val F1: 0.2623 | LR: 0.001000
2025-11-21 15:18:06,963 - trainer - INFO - Epoch 9/120 | Train Loss: 0.4605 | Val Loss: 0.4879 | Val F1: 0.3700 | LR: 0.001000
2025-11-21 15:18:07,478 - trainer - INFO - Epoch 10/120 | Train Loss: 0.4642 | Val Loss: 0.4861 | Val F1: 0.3643 | LR: 0.001000
2025-11-21 15:18:08,008 - trainer - INFO - Epoch 11/120 | Train Loss: 0.4618 | Val Loss: 0.4937 | Val F1: 0.3387 | LR: 0.000500
2025-11-21 15:18:08,600 - trainer - INFO - Epoch 12/120 | Train Loss: 0.4601 | Val Loss: 0.4976 | Val F1: 0.3218 | LR: 0.000500
2025-11-21 15:18:09,136 - trainer - INFO - Epoch 13/120 | Train Loss: 0.4585 | Val Loss: 0.5057 | Val F1: 0.2623 | LR: 0.000500
2025-11-21 15:18:09,648 - trainer - INFO - Epoch 14/120 | Train Loss: 0.4627 | Val Loss: 0.5101 | Val F1: 0.3317 | LR: 0.000500
2025-11-21 15:18:10,170 - trainer - INFO - Epoch 15/120 | Train Loss: 0.4594 | Val Loss: 0.5108 | Val F1: 0.2623 | LR: 0.000500
2025-11-21 15:18:10,675 - trainer - INFO - Epoch 16/120 | Train Loss: 0.4586 | Val Loss: 0.4904 | Val F1: 0.2623 | LR: 0.000500
2025-11-21 15:18:11,159 - trainer - INFO - Epoch 17/120 | Train Loss: 0.4613 | Val Loss: 0.4852 | Val F1: 0.3444 | LR: 0.000500
2025-11-21 15:18:11,667 - trainer - INFO - Epoch 18/120 | Train Loss: 0.4598 | Val Loss: 0.5138 | Val F1: 0.2623 | LR: 0.000500
2025-11-21 15:18:12,186 - trainer - INFO - Epoch 19/120 | Train Loss: 0.4583 | Val Loss: 0.5014 | Val F1: 0.3127 | LR: 0.000500
2025-11-21 15:18:12,685 - trainer - INFO - Epoch 20/120 | Train Loss: 0.4605 | Val Loss: 0.4977 | Val F1: 0.3349 | LR: 0.000250
2025-11-21 15:18:13,223 - trainer - INFO - Epoch 21/120 | Train Loss: 0.4615 | Val Loss: 0.5008 | Val F1: 0.3370 | LR: 0.000250
2025-11-21 15:18:13,761 - trainer - INFO - Epoch 22/120 | Train Loss: 0.4558 | Val Loss: 0.5088 | Val F1: 0.3196 | LR: 0.000250
2025-11-21 15:18:14,259 - trainer - INFO - Epoch 23/120 | Train Loss: 0.4580 | Val Loss: 0.4976 | Val F1: 0.3383 | LR: 0.000250
2025-11-21 15:18:14,766 - trainer - INFO - Epoch 24/120 | Train Loss: 0.4581 | Val Loss: 0.4960 | Val F1: 0.3287 | LR: 0.000250
2025-11-21 15:18:15,292 - trainer - INFO - Epoch 25/120 | Train Loss: 0.4596 | Val Loss: 0.4977 | Val F1: 0.2908 | LR: 0.000250
2025-11-21 15:18:15,837 - trainer - INFO - Epoch 26/120 | Train Loss: 0.4574 | Val Loss: 0.4994 | Val F1: 0.3197 | LR: 0.000250
2025-11-21 15:18:15,838 - trainer - INFO - 🛑 Early stopping tại epoch 26
2025-11-21 15:18:16,035 - trainer - INFO - 📉 Đã lưu biểu đồ tại: outputs/ACB_history.png
2025-11-21 15:18:16,065 - trainer - INFO - 
--- Kết quả Test cho ACB - Model: CNN_BILSTM - Horizon: t+5 ---
      - Accuracy: 45.30%
      - Balanced Accuracy: 33.33%
      - Precision (Weighted): 20.52%
      - Recall (Weighted): 45.30%
      - F1-Score (Weighted): 28.25%
      - Confusion Matrix:
[[  0   0 207]
 [  0   0 119]
 [  0   0 270]]
2025-11-21 15:18:16,068 - trainer - INFO - Đã lưu model tại: models/ACB_cnn_bilstm_t+5_best.pt
2025-11-21 15:18:16,068 - trainer - INFO - ===== BẮT ĐẦU HUẤN LUYỆN: ACB_cnn_bilstm_t+30 =====
2025-11-21 15:18:16,118 - trainer - INFO - Đã tải 4000 mẫu cho ACB t+30
2025-11-21 15:18:16,130 - trainer - INFO - DataLoaders created: Train=2779, Val=595, Test=596
2025-11-21 15:18:16,162 - trainer - INFO - 📊 Class Distribution: Class 0=1189, Class 1=234, Class 2=1356
2025-11-21 15:18:16,162 - trainer - INFO - ⚖️  Balanced Weights (Standard): Class 0=0.7791, Class 1=3.9587, Class 2=0.6831
2025-11-21 15:18:16,162 - trainer - INFO - 🚀 Bắt đầu huấn luyện: ACB (LR=0.001)
2025-11-21 15:18:16,730 - trainer - INFO - Epoch 1/120 | Train Loss: 0.5515 | Val Loss: 0.5150 | Val F1: 0.3665 | LR: 0.001000
2025-11-21 15:18:17,301 - trainer - INFO - Epoch 2/120 | Train Loss: 0.5221 | Val Loss: 0.5097 | Val F1: 0.3665 | LR: 0.001000
2025-11-21 15:18:17,920 - trainer - INFO - Epoch 3/120 | Train Loss: 0.5183 | Val Loss: 0.5341 | Val F1: 0.3665 | LR: 0.001000
2025-11-21 15:18:18,438 - trainer - INFO - Epoch 4/120 | Train Loss: 0.5166 | Val Loss: 0.5597 | Val F1: 0.3665 | LR: 0.001000
2025-11-21 15:18:18,978 - trainer - INFO - Epoch 5/120 | Train Loss: 0.5087 | Val Loss: 0.5652 | Val F1: 0.3665 | LR: 0.001000
2025-11-21 15:18:19,529 - trainer - INFO - Epoch 6/120 | Train Loss: 0.5079 | Val Loss: 0.5460 | Val F1: 0.3665 | LR: 0.001000
2025-11-21 15:18:20,035 - trainer - INFO - Epoch 7/120 | Train Loss: 0.5052 | Val Loss: 0.5875 | Val F1: 0.3665 | LR: 0.001000
2025-11-21 15:18:20,581 - trainer - INFO - Epoch 8/120 | Train Loss: 0.5045 | Val Loss: 0.5543 | Val F1: 0.3665 | LR: 0.001000
2025-11-21 15:18:21,156 - trainer - INFO - Epoch 9/120 | Train Loss: 0.4994 | Val Loss: 0.5547 | Val F1: 0.3665 | LR: 0.001000
2025-11-21 15:18:21,656 - trainer - INFO - Epoch 10/120 | Train Loss: 0.4942 | Val Loss: 0.6289 | Val F1: 0.3665 | LR: 0.001000
2025-11-21 15:18:22,155 - trainer - INFO - Epoch 11/120 | Train Loss: 0.5008 | Val Loss: 0.5687 | Val F1: 0.3665 | LR: 0.001000
2025-11-21 15:18:22,684 - trainer - INFO - Epoch 12/120 | Train Loss: 0.4943 | Val Loss: 0.6060 | Val F1: 0.3665 | LR: 0.000500
2025-11-21 15:18:23,230 - trainer - INFO - Epoch 13/120 | Train Loss: 0.4778 | Val Loss: 0.6169 | Val F1: 0.4456 | LR: 0.000500
2025-11-21 15:18:23,760 - trainer - INFO - Epoch 14/120 | Train Loss: 0.4697 | Val Loss: 0.6118 | Val F1: 0.4939 | LR: 0.000500
2025-11-21 15:18:24,277 - trainer - INFO - Epoch 15/120 | Train Loss: 0.4818 | Val Loss: 0.5591 | Val F1: 0.5395 | LR: 0.000500
2025-11-21 15:18:24,801 - trainer - INFO - Epoch 16/120 | Train Loss: 0.4671 | Val Loss: 0.5804 | Val F1: 0.4968 | LR: 0.000500
2025-11-21 15:18:25,388 - trainer - INFO - Epoch 17/120 | Train Loss: 0.4630 | Val Loss: 0.6254 | Val F1: 0.4336 | LR: 0.000500
2025-11-21 15:18:26,012 - trainer - INFO - Epoch 18/120 | Train Loss: 0.4696 | Val Loss: 0.6256 | Val F1: 0.3665 | LR: 0.000500
2025-11-21 15:18:26,635 - trainer - INFO - Epoch 19/120 | Train Loss: 0.4492 | Val Loss: 0.6163 | Val F1: 0.4531 | LR: 0.000500
2025-11-21 15:18:27,208 - trainer - INFO - Epoch 20/120 | Train Loss: 0.4512 | Val Loss: 0.5931 | Val F1: 0.5125 | LR: 0.000500
2025-11-21 15:18:27,788 - trainer - INFO - Epoch 21/120 | Train Loss: 0.4381 | Val Loss: 0.6224 | Val F1: 0.4303 | LR: 0.000250
2025-11-21 15:18:28,375 - trainer - INFO - Epoch 22/120 | Train Loss: 0.4401 | Val Loss: 0.5987 | Val F1: 0.5451 | LR: 0.000250
2025-11-21 15:18:28,980 - trainer - INFO - Epoch 23/120 | Train Loss: 0.4371 | Val Loss: 0.6141 | Val F1: 0.4719 | LR: 0.000250
2025-11-21 15:18:29,619 - trainer - INFO - Epoch 24/120 | Train Loss: 0.4361 | Val Loss: 0.6052 | Val F1: 0.5372 | LR: 0.000250
2025-11-21 15:18:30,232 - trainer - INFO - Epoch 25/120 | Train Loss: 0.4365 | Val Loss: 0.6059 | Val F1: 0.5714 | LR: 0.000250
2025-11-21 15:18:30,880 - trainer - INFO - Epoch 26/120 | Train Loss: 0.4398 | Val Loss: 0.6114 | Val F1: 0.4531 | LR: 0.000250
2025-11-21 15:18:31,546 - trainer - INFO - Epoch 27/120 | Train Loss: 0.4246 | Val Loss: 0.6230 | Val F1: 0.4675 | LR: 0.000250
2025-11-21 15:18:31,546 - trainer - INFO - 🛑 Early stopping tại epoch 27
2025-11-21 15:18:31,780 - trainer - INFO - 📉 Đã lưu biểu đồ tại: outputs/ACB_history.png
2025-11-21 15:18:31,819 - trainer - INFO - 
--- Kết quả Test cho ACB - Model: CNN_BILSTM - Horizon: t+30 ---
      - Accuracy: 56.71%
      - Balanced Accuracy: 33.33%
      - Precision (Weighted): 32.16%
      - Recall (Weighted): 56.71%
      - F1-Score (Weighted): 41.05%
      - Confusion Matrix:
[[  0   0 186]
 [  0   0  72]
 [  0   0 338]]
2025-11-21 15:18:31,823 - trainer - INFO - Đã lưu model tại: models/ACB_cnn_bilstm_t+30_best.pt
2025-11-21 15:18:31,823 - trainer - INFO - ===== BẮT ĐẦU HUẤN LUYỆN: ACB_cnn_bilstm_t+60 =====
2025-11-21 15:18:31,881 - trainer - INFO - Đã tải 4000 mẫu cho ACB t+60
2025-11-21 15:18:31,896 - trainer - INFO - DataLoaders created: Train=2779, Val=595, Test=596
2025-11-21 15:18:31,935 - trainer - INFO - 📊 Class Distribution: Class 0=1120, Class 1=129, Class 2=1530
2025-11-21 15:18:31,935 - trainer - INFO - ⚖️  Balanced Weights (Standard): Class 0=0.8271, Class 1=7.1809, Class 2=0.6054
2025-11-21 15:18:31,936 - trainer - INFO - 🚀 Bắt đầu huấn luyện: ACB (LR=0.001)
2025-11-21 15:18:32,592 - trainer - INFO - Epoch 1/120 | Train Loss: 0.5709 | Val Loss: 0.5036 | Val F1: 0.0024 | LR: 0.001000
2025-11-21 15:18:33,224 - trainer - INFO - Epoch 2/120 | Train Loss: 0.5381 | Val Loss: 0.5087 | Val F1: 0.2660 | LR: 0.001000
2025-11-21 15:18:33,864 - trainer - INFO - Epoch 3/120 | Train Loss: 0.5334 | Val Loss: 0.5096 | Val F1: 0.4664 | LR: 0.001000
2025-11-21 15:18:34,453 - trainer - INFO - Epoch 4/120 | Train Loss: 0.5242 | Val Loss: 0.5055 | Val F1: 0.3655 | LR: 0.001000
2025-11-21 15:18:34,989 - trainer - INFO - Epoch 5/120 | Train Loss: 0.5120 | Val Loss: 0.5319 | Val F1: 0.4121 | LR: 0.001000
2025-11-21 15:18:35,579 - trainer - INFO - Epoch 6/120 | Train Loss: 0.5136 | Val Loss: 0.5722 | Val F1: 0.3701 | LR: 0.001000
2025-11-21 15:18:36,087 - trainer - INFO - Epoch 7/120 | Train Loss: 0.5112 | Val Loss: 0.5027 | Val F1: 0.3685 | LR: 0.001000
2025-11-21 15:18:36,600 - trainer - INFO - Epoch 8/120 | Train Loss: 0.4924 | Val Loss: 0.5825 | Val F1: 0.2695 | LR: 0.001000
2025-11-21 15:18:37,172 - trainer - INFO - Epoch 9/120 | Train Loss: 0.4895 | Val Loss: 0.5515 | Val F1: 0.4047 | LR: 0.001000
2025-11-21 15:18:37,718 - trainer - INFO - Epoch 10/120 | Train Loss: 0.4800 | Val Loss: 0.5072 | Val F1: 0.3899 | LR: 0.001000
2025-11-21 15:18:38,281 - trainer - INFO - Epoch 11/120 | Train Loss: 0.4720 | Val Loss: 0.5532 | Val F1: 0.2843 | LR: 0.001000
2025-11-21 15:18:38,873 - trainer - INFO - Epoch 12/120 | Train Loss: 0.4698 | Val Loss: 0.6084 | Val F1: 0.4051 | LR: 0.001000
2025-11-21 15:18:39,433 - trainer - INFO - Epoch 13/120 | Train Loss: 0.4767 | Val Loss: 0.5631 | Val F1: 0.4183 | LR: 0.001000
2025-11-21 15:18:39,946 - trainer - INFO - Epoch 14/120 | Train Loss: 0.4809 | Val Loss: 0.5363 | Val F1: 0.3400 | LR: 0.001000
2025-11-21 15:18:40,490 - trainer - INFO - Epoch 15/120 | Train Loss: 0.4752 | Val Loss: 0.5255 | Val F1: 0.3983 | LR: 0.001000
2025-11-21 15:18:41,056 - trainer - INFO - Epoch 16/120 | Train Loss: 0.4678 | Val Loss: 0.5556 | Val F1: 0.4139 | LR: 0.001000
2025-11-21 15:18:41,609 - trainer - INFO - Epoch 17/120 | Train Loss: 0.4561 | Val Loss: 0.6348 | Val F1: 0.3357 | LR: 0.000500
2025-11-21 15:18:42,140 - trainer - INFO - Epoch 18/120 | Train Loss: 0.4537 | Val Loss: 0.5669 | Val F1: 0.3182 | LR: 0.000500
2025-11-21 15:18:42,679 - trainer - INFO - Epoch 19/120 | Train Loss: 0.4613 | Val Loss: 0.6394 | Val F1: 0.4187 | LR: 0.000500
2025-11-21 15:18:43,207 - trainer - INFO - Epoch 20/120 | Train Loss: 0.4490 | Val Loss: 0.6021 | Val F1: 0.2840 | LR: 0.000500
2025-11-21 15:18:43,736 - trainer - INFO - Epoch 21/120 | Train Loss: 0.4491 | Val Loss: 0.6081 | Val F1: 0.3184 | LR: 0.000500
2025-11-21 15:18:44,261 - trainer - INFO - Epoch 22/120 | Train Loss: 0.4515 | Val Loss: 0.6672 | Val F1: 0.3014 | LR: 0.000500
2025-11-21 15:18:44,821 - trainer - INFO - Epoch 23/120 | Train Loss: 0.4510 | Val Loss: 0.6319 | Val F1: 0.2625 | LR: 0.000500
2025-11-21 15:18:45,370 - trainer - INFO - Epoch 24/120 | Train Loss: 0.4651 | Val Loss: 0.5878 | Val F1: 0.3557 | LR: 0.000500
2025-11-21 15:18:45,905 - trainer - INFO - Epoch 25/120 | Train Loss: 0.4489 | Val Loss: 0.6077 | Val F1: 0.4430 | LR: 0.000500
2025-11-21 15:18:46,458 - trainer - INFO - Epoch 26/120 | Train Loss: 0.4274 | Val Loss: 0.6519 | Val F1: 0.2698 | LR: 0.000250
2025-11-21 15:18:47,016 - trainer - INFO - Epoch 27/120 | Train Loss: 0.4347 | Val Loss: 0.6521 | Val F1: 0.2734 | LR: 0.000250
2025-11-21 15:18:47,541 - trainer - INFO - Epoch 28/120 | Train Loss: 0.4327 | Val Loss: 0.6499 | Val F1: 0.3395 | LR: 0.000250
2025-11-21 15:18:48,092 - trainer - INFO - Epoch 29/120 | Train Loss: 0.4267 | Val Loss: 0.6488 | Val F1: 0.2734 | LR: 0.000250
2025-11-21 15:18:48,673 - trainer - INFO - Epoch 30/120 | Train Loss: 0.4304 | Val Loss: 0.6049 | Val F1: 0.3688 | LR: 0.000250
2025-11-21 15:18:49,231 - trainer - INFO - Epoch 31/120 | Train Loss: 0.4334 | Val Loss: 0.5975 | Val F1: 0.2961 | LR: 0.000250
2025-11-21 15:18:49,755 - trainer - INFO - Epoch 32/120 | Train Loss: 0.4255 | Val Loss: 0.6226 | Val F1: 0.2734 | LR: 0.000250
2025-11-21 15:18:49,755 - trainer - INFO - 🛑 Early stopping tại epoch 32
2025-11-21 15:18:49,950 - trainer - INFO - 📉 Đã lưu biểu đồ tại: outputs/ACB_history.png
2025-11-21 15:18:49,981 - trainer - INFO - 
--- Kết quả Test cho ACB - Model: CNN_BILSTM - Horizon: t+60 ---
      - Accuracy: 13.93%
      - Balanced Accuracy: 18.14%
      - Precision (Weighted): 24.24%
      - Recall (Weighted): 13.93%
      - F1-Score (Weighted): 14.33%
      - Confusion Matrix:
[[ 20  91  17]
 [ 11  29  58]
 [ 89 247  34]]
2025-11-21 15:18:49,984 - trainer - INFO - Đã lưu model tại: models/ACB_cnn_bilstm_t+60_best.pt
2025-11-21 15:18:49,986 - trainer - INFO - ===== BẮT ĐẦU HUẤN LUYỆN: ACB_cnn_bilstm_t+90 =====
2025-11-21 15:18:50,035 - trainer - INFO - Đã tải 4000 mẫu cho ACB t+90
2025-11-21 15:18:50,048 - trainer - INFO - DataLoaders created: Train=2779, Val=595, Test=596
2025-11-21 15:18:50,082 - trainer - INFO - 📊 Class Distribution: Class 0=1100, Class 1=150, Class 2=1529
2025-11-21 15:18:50,082 - trainer - INFO - ⚖️  Balanced Weights (Standard): Class 0=0.8421, Class 1=6.1756, Class 2=0.6058
2025-11-21 15:18:50,082 - trainer - INFO - 🚀 Bắt đầu huấn luyện: ACB (LR=0.001)
2025-11-21 15:18:50,631 - trainer - INFO - Epoch 1/120 | Train Loss: 0.5763 | Val Loss: 0.4591 | Val F1: 0.2780 | LR: 0.001000
2025-11-21 15:18:51,175 - trainer - INFO - Epoch 2/120 | Train Loss: 0.5583 | Val Loss: 0.4644 | Val F1: 0.2780 | LR: 0.001000
2025-11-21 15:18:51,795 - trainer - INFO - Epoch 3/120 | Train Loss: 0.5488 | Val Loss: 0.4590 | Val F1: 0.2780 | LR: 0.001000
2025-11-21 15:18:52,351 - trainer - INFO - Epoch 4/120 | Train Loss: 0.5424 | Val Loss: 0.4596 | Val F1: 0.2780 | LR: 0.001000
2025-11-21 15:18:52,906 - trainer - INFO - Epoch 5/120 | Train Loss: 0.5353 | Val Loss: 0.4566 | Val F1: 0.4405 | LR: 0.001000
2025-11-21 15:18:53,457 - trainer - INFO - Epoch 6/120 | Train Loss: 0.5301 | Val Loss: 0.4836 | Val F1: 0.6154 | LR: 0.001000
2025-11-21 15:18:54,053 - trainer - INFO - Epoch 7/120 | Train Loss: 0.5189 | Val Loss: 0.5139 | Val F1: 0.4212 | LR: 0.001000
2025-11-21 15:18:54,632 - trainer - INFO - Epoch 8/120 | Train Loss: 0.5142 | Val Loss: 0.5223 | Val F1: 0.5427 | LR: 0.001000
2025-11-21 15:18:55,196 - trainer - INFO - Epoch 9/120 | Train Loss: 0.5082 | Val Loss: 0.6753 | Val F1: 0.4161 | LR: 0.001000
2025-11-21 15:18:55,752 - trainer - INFO - Epoch 10/120 | Train Loss: 0.5044 | Val Loss: 0.5361 | Val F1: 0.4126 | LR: 0.001000
2025-11-21 15:18:56,289 - trainer - INFO - Epoch 11/120 | Train Loss: 0.5028 | Val Loss: 0.4810 | Val F1: 0.3102 | LR: 0.001000
2025-11-21 15:18:56,819 - trainer - INFO - Epoch 12/120 | Train Loss: 0.4924 | Val Loss: 0.4728 | Val F1: 0.5560 | LR: 0.001000
2025-11-21 15:18:57,387 - trainer - INFO - Epoch 13/120 | Train Loss: 0.4909 | Val Loss: 0.5034 | Val F1: 0.4506 | LR: 0.001000
2025-11-21 15:18:57,932 - trainer - INFO - Epoch 14/120 | Train Loss: 0.4820 | Val Loss: 0.5014 | Val F1: 0.6975 | LR: 0.001000
2025-11-21 15:18:58,441 - trainer - INFO - Epoch 15/120 | Train Loss: 0.4673 | Val Loss: 0.5217 | Val F1: 0.5656 | LR: 0.000500
2025-11-21 15:18:59,004 - trainer - INFO - Epoch 16/120 | Train Loss: 0.4644 | Val Loss: 0.5578 | Val F1: 0.6185 | LR: 0.000500
2025-11-21 15:18:59,530 - trainer - INFO - Epoch 17/120 | Train Loss: 0.4691 | Val Loss: 0.5105 | Val F1: 0.5220 | LR: 0.000500
2025-11-21 15:19:00,091 - trainer - INFO - Epoch 18/120 | Train Loss: 0.4665 | Val Loss: 0.5197 | Val F1: 0.4192 | LR: 0.000500
2025-11-21 15:19:00,637 - trainer - INFO - Epoch 19/120 | Train Loss: 0.4571 | Val Loss: 0.5598 | Val F1: 0.5277 | LR: 0.000500
2025-11-21 15:19:01,218 - trainer - INFO - Epoch 20/120 | Train Loss: 0.4621 | Val Loss: 0.5287 | Val F1: 0.4673 | LR: 0.000500
2025-11-21 15:19:01,728 - trainer - INFO - Epoch 21/120 | Train Loss: 0.4610 | Val Loss: 0.5540 | Val F1: 0.5554 | LR: 0.000500
2025-11-21 15:19:02,263 - trainer - INFO - Epoch 22/120 | Train Loss: 0.4604 | Val Loss: 0.5489 | Val F1: 0.6592 | LR: 0.000500
2025-11-21 15:19:02,778 - trainer - INFO - Epoch 23/120 | Train Loss: 0.4558 | Val Loss: 0.5245 | Val F1: 0.3504 | LR: 0.000500
2025-11-21 15:19:03,342 - trainer - INFO - Epoch 24/120 | Train Loss: 0.4525 | Val Loss: 0.5394 | Val F1: 0.4691 | LR: 0.000250
2025-11-21 15:19:03,870 - trainer - INFO - Epoch 25/120 | Train Loss: 0.4407 | Val Loss: 0.5565 | Val F1: 0.5360 | LR: 0.000250
2025-11-21 15:19:04,407 - trainer - INFO - Epoch 26/120 | Train Loss: 0.4457 | Val Loss: 0.5716 | Val F1: 0.5411 | LR: 0.000250
2025-11-21 15:19:04,937 - trainer - INFO - Epoch 27/120 | Train Loss: 0.4385 | Val Loss: 0.5471 | Val F1: 0.5911 | LR: 0.000250
2025-11-21 15:19:05,474 - trainer - INFO - Epoch 28/120 | Train Loss: 0.4455 | Val Loss: 0.5404 | Val F1: 0.4418 | LR: 0.000250
2025-11-21 15:19:06,008 - trainer - INFO - Epoch 29/120 | Train Loss: 0.4394 | Val Loss: 0.5534 | Val F1: 0.4731 | LR: 0.000250
2025-11-21 15:19:06,605 - trainer - INFO - Epoch 30/120 | Train Loss: 0.4355 | Val Loss: 0.5669 | Val F1: 0.4576 | LR: 0.000250
2025-11-21 15:19:06,605 - trainer - INFO - 🛑 Early stopping tại epoch 30
2025-11-21 15:19:06,800 - trainer - INFO - 📉 Đã lưu biểu đồ tại: outputs/ACB_history.png
2025-11-21 15:19:06,830 - trainer - INFO - 
--- Kết quả Test cho ACB - Model: CNN_BILSTM - Horizon: t+90 ---
      - Accuracy: 58.72%
      - Balanced Accuracy: 29.33%
      - Precision (Weighted): 48.11%
      - Recall (Weighted): 58.72%
      - F1-Score (Weighted): 52.89%
      - Confusion Matrix:
[[  4   0  65]
 [  3   0 103]
 [ 75   0 346]]
2025-11-21 15:19:06,834 - trainer - INFO - Đã lưu model tại: models/ACB_cnn_bilstm_t+90_best.pt
2025-11-21 15:19:06,834 - trainer - INFO - ===== BẮT ĐẦU HUẤN LUYỆN: ACB_transformer_t+1 =====
2025-11-21 15:19:06,880 - trainer - INFO - Đã tải 4000 mẫu cho ACB t+1
2025-11-21 15:19:06,890 - trainer - INFO - DataLoaders created: Train=2779, Val=595, Test=596
2025-11-21 15:19:06,948 - trainer - INFO - 📊 Class Distribution: Class 0=798, Class 1=1183, Class 2=798
2025-11-21 15:19:06,948 - trainer - INFO - ⚖️  Balanced Weights (Standard): Class 0=1.1608, Class 1=0.7830, Class 2=1.1608
2025-11-21 15:19:06,948 - trainer - INFO - 🚀 Bắt đầu huấn luyện: ACB (LR=0.001)
2025-11-21 15:19:08,687 - trainer - INFO - Epoch 1/120 | Train Loss: 0.8500 | Val Loss: 0.5453 | Val F1: 0.1574 | LR: 0.001000
2025-11-21 15:19:09,547 - trainer - INFO - Epoch 2/120 | Train Loss: 0.5728 | Val Loss: 0.5104 | Val F1: 0.1574 | LR: 0.001000
2025-11-21 15:19:10,388 - trainer - INFO - Epoch 3/120 | Train Loss: 0.5158 | Val Loss: 0.5151 | Val F1: 0.1574 | LR: 0.001000
2025-11-21 15:19:11,269 - trainer - INFO - Epoch 4/120 | Train Loss: 0.5112 | Val Loss: 0.5114 | Val F1: 0.2150 | LR: 0.001000
2025-11-21 15:19:12,171 - trainer - INFO - Epoch 5/120 | Train Loss: 0.5075 | Val Loss: 0.5132 | Val F1: 0.1691 | LR: 0.001000
2025-11-21 15:19:13,002 - trainer - INFO - Epoch 6/120 | Train Loss: 0.5003 | Val Loss: 0.5172 | Val F1: 0.1691 | LR: 0.001000
2025-11-21 15:19:13,823 - trainer - INFO - Epoch 7/120 | Train Loss: 0.5007 | Val Loss: 0.5105 | Val F1: 0.2531 | LR: 0.001000
2025-11-21 15:19:14,620 - trainer - INFO - Epoch 8/120 | Train Loss: 0.5047 | Val Loss: 0.5126 | Val F1: 0.1687 | LR: 0.001000
2025-11-21 15:19:15,491 - trainer - INFO - Epoch 9/120 | Train Loss: 0.5019 | Val Loss: 0.5118 | Val F1: 0.1687 | LR: 0.001000
2025-11-21 15:19:16,405 - trainer - INFO - Epoch 10/120 | Train Loss: 0.5017 | Val Loss: 0.5239 | Val F1: 0.1574 | LR: 0.001000
2025-11-21 15:19:17,273 - trainer - INFO - Epoch 11/120 | Train Loss: 0.5000 | Val Loss: 0.5194 | Val F1: 0.1691 | LR: 0.001000
2025-11-21 15:19:18,134 - trainer - INFO - Epoch 12/120 | Train Loss: 0.5003 | Val Loss: 0.5168 | Val F1: 0.1691 | LR: 0.000500
2025-11-21 15:19:18,976 - trainer - INFO - Epoch 13/120 | Train Loss: 0.4977 | Val Loss: 0.5131 | Val F1: 0.1732 | LR: 0.000500
2025-11-21 15:19:19,768 - trainer - INFO - Epoch 14/120 | Train Loss: 0.4998 | Val Loss: 0.5138 | Val F1: 0.2497 | LR: 0.000500
2025-11-21 15:19:20,677 - trainer - INFO - Epoch 15/120 | Train Loss: 0.4980 | Val Loss: 0.5110 | Val F1: 0.2030 | LR: 0.000500
2025-11-21 15:19:21,480 - trainer - INFO - Epoch 16/120 | Train Loss: 0.4975 | Val Loss: 0.5108 | Val F1: 0.2033 | LR: 0.000500
2025-11-21 15:19:22,369 - trainer - INFO - Epoch 17/120 | Train Loss: 0.4970 | Val Loss: 0.5099 | Val F1: 0.2367 | LR: 0.000500
2025-11-21 15:19:23,238 - trainer - INFO - Epoch 18/120 | Train Loss: 0.4950 | Val Loss: 0.5090 | Val F1: 0.1691 | LR: 0.000500
2025-11-21 15:19:24,051 - trainer - INFO - Epoch 19/120 | Train Loss: 0.4952 | Val Loss: 0.5074 | Val F1: 0.2036 | LR: 0.000500
2025-11-21 15:19:24,961 - trainer - INFO - Epoch 20/120 | Train Loss: 0.4958 | Val Loss: 0.5074 | Val F1: 0.1691 | LR: 0.000500
2025-11-21 15:19:25,822 - trainer - INFO - Epoch 21/120 | Train Loss: 0.4926 | Val Loss: 0.5158 | Val F1: 0.1691 | LR: 0.000500
2025-11-21 15:19:26,678 - trainer - INFO - Epoch 22/120 | Train Loss: 0.4907 | Val Loss: 0.5116 | Val F1: 0.1574 | LR: 0.000500
2025-11-21 15:19:27,534 - trainer - INFO - Epoch 23/120 | Train Loss: 0.4937 | Val Loss: 0.5173 | Val F1: 0.1691 | LR: 0.000500
2025-11-21 15:19:28,388 - trainer - INFO - Epoch 24/120 | Train Loss: 0.4899 | Val Loss: 0.5252 | Val F1: 0.1691 | LR: 0.000500
2025-11-21 15:19:29,275 - trainer - INFO - Epoch 25/120 | Train Loss: 0.4898 | Val Loss: 0.5235 | Val F1: 0.1691 | LR: 0.000500
2025-11-21 15:19:30,126 - trainer - INFO - Epoch 26/120 | Train Loss: 0.4882 | Val Loss: 0.5208 | Val F1: 0.1691 | LR: 0.000500
2025-11-21 15:19:30,979 - trainer - INFO - Epoch 27/120 | Train Loss: 0.4895 | Val Loss: 0.5222 | Val F1: 0.1691 | LR: 0.000500
2025-11-21 15:19:31,822 - trainer - INFO - Epoch 28/120 | Train Loss: 0.4898 | Val Loss: 0.5222 | Val F1: 0.1691 | LR: 0.000500
2025-11-21 15:19:32,739 - trainer - INFO - Epoch 29/120 | Train Loss: 0.4876 | Val Loss: 0.5242 | Val F1: 0.1691 | LR: 0.000250
2025-11-21 15:19:33,575 - trainer - INFO - Epoch 30/120 | Train Loss: 0.4877 | Val Loss: 0.5256 | Val F1: 0.1691 | LR: 0.000250
2025-11-21 15:19:34,422 - trainer - INFO - Epoch 31/120 | Train Loss: 0.4868 | Val Loss: 0.5248 | Val F1: 0.1691 | LR: 0.000250
2025-11-21 15:19:35,245 - trainer - INFO - Epoch 32/120 | Train Loss: 0.4866 | Val Loss: 0.5209 | Val F1: 0.1691 | LR: 0.000250
2025-11-21 15:19:36,030 - trainer - INFO - Epoch 33/120 | Train Loss: 0.4871 | Val Loss: 0.5222 | Val F1: 0.1691 | LR: 0.000250
2025-11-21 15:19:36,822 - trainer - INFO - Epoch 34/120 | Train Loss: 0.4850 | Val Loss: 0.5229 | Val F1: 0.1691 | LR: 0.000250
2025-11-21 15:19:37,723 - trainer - INFO - Epoch 35/120 | Train Loss: 0.4868 | Val Loss: 0.5246 | Val F1: 0.1691 | LR: 0.000250
2025-11-21 15:19:38,521 - trainer - INFO - Epoch 36/120 | Train Loss: 0.4888 | Val Loss: 0.5233 | Val F1: 0.1691 | LR: 0.000250
2025-11-21 15:19:39,358 - trainer - INFO - Epoch 37/120 | Train Loss: 0.4884 | Val Loss: 0.5225 | Val F1: 0.1691 | LR: 0.000250
2025-11-21 15:19:40,165 - trainer - INFO - Epoch 38/120 | Train Loss: 0.4881 | Val Loss: 0.5218 | Val F1: 0.1691 | LR: 0.000125
2025-11-21 15:19:41,035 - trainer - INFO - Epoch 39/120 | Train Loss: 0.4836 | Val Loss: 0.5237 | Val F1: 0.1691 | LR: 0.000125
2025-11-21 15:19:41,845 - trainer - INFO - Epoch 40/120 | Train Loss: 0.4839 | Val Loss: 0.5265 | Val F1: 0.1691 | LR: 0.000125
2025-11-21 15:19:42,712 - trainer - INFO - Epoch 41/120 | Train Loss: 0.4849 | Val Loss: 0.5272 | Val F1: 0.1691 | LR: 0.000125
2025-11-21 15:19:43,570 - trainer - INFO - Epoch 42/120 | Train Loss: 0.4854 | Val Loss: 0.5272 | Val F1: 0.1691 | LR: 0.000125
2025-11-21 15:19:44,462 - trainer - INFO - Epoch 43/120 | Train Loss: 0.4858 | Val Loss: 0.5273 | Val F1: 0.1691 | LR: 0.000125
2025-11-21 15:19:45,305 - trainer - INFO - Epoch 44/120 | Train Loss: 0.4844 | Val Loss: 0.5270 | Val F1: 0.1691 | LR: 0.000125
2025-11-21 15:19:46,192 - trainer - INFO - Epoch 45/120 | Train Loss: 0.4861 | Val Loss: 0.5259 | Val F1: 0.1691 | LR: 0.000125
2025-11-21 15:19:46,193 - trainer - INFO - 🛑 Early stopping tại epoch 45
2025-11-21 15:19:47,127 - trainer - INFO - 📉 Đã lưu biểu đồ tại: outputs/ACB_history.png
2025-11-21 15:19:47,180 - trainer - INFO - 
--- Kết quả Test cho ACB - Model: TRANSFORMER - Horizon: t+1 ---
      - Accuracy: 28.86%
      - Balanced Accuracy: 33.33%
      - Precision (Weighted): 8.33%
      - Recall (Weighted): 28.86%
      - F1-Score (Weighted): 12.93%
      - Confusion Matrix:
[[  0   0 147]
 [  0   0 277]
 [  0   0 172]]
2025-11-21 15:19:47,185 - trainer - INFO - Đã lưu model tại: models/ACB_transformer_t+1_best.pt
2025-11-21 15:19:47,186 - trainer - INFO - ===== BẮT ĐẦU HUẤN LUYỆN: ACB_transformer_t+3 =====
2025-11-21 15:19:47,233 - trainer - INFO - Đã tải 4000 mẫu cho ACB t+3
2025-11-21 15:19:47,241 - trainer - INFO - DataLoaders created: Train=2779, Val=595, Test=596
2025-11-21 15:19:47,273 - trainer - INFO - 📊 Class Distribution: Class 0=977, Class 1=759, Class 2=1043
2025-11-21 15:19:47,273 - trainer - INFO - ⚖️  Balanced Weights (Standard): Class 0=0.9481, Class 1=1.2205, Class 2=0.8881
2025-11-21 15:19:47,274 - trainer - INFO - 🚀 Bắt đầu huấn luyện: ACB (LR=0.001)
2025-11-21 15:19:48,090 - trainer - INFO - Epoch 1/120 | Train Loss: 0.7333 | Val Loss: 0.4940 | Val F1: 0.2269 | LR: 0.001000
2025-11-21 15:19:49,071 - trainer - INFO - Epoch 2/120 | Train Loss: 0.5429 | Val Loss: 0.4759 | Val F1: 0.2582 | LR: 0.001000
2025-11-21 15:19:49,858 - trainer - INFO - Epoch 3/120 | Train Loss: 0.5045 | Val Loss: 0.4925 | Val F1: 0.0977 | LR: 0.001000
2025-11-21 15:19:50,781 - trainer - INFO - Epoch 4/120 | Train Loss: 0.5012 | Val Loss: 0.4859 | Val F1: 0.0708 | LR: 0.001000
2025-11-21 15:19:51,638 - trainer - INFO - Epoch 5/120 | Train Loss: 0.4958 | Val Loss: 0.4860 | Val F1: 0.0708 | LR: 0.001000
2025-11-21 15:19:52,420 - trainer - INFO - Epoch 6/120 | Train Loss: 0.4977 | Val Loss: 0.4862 | Val F1: 0.0708 | LR: 0.001000
2025-11-21 15:19:53,183 - trainer - INFO - Epoch 7/120 | Train Loss: 0.4964 | Val Loss: 0.4859 | Val F1: 0.1641 | LR: 0.001000
2025-11-21 15:19:53,969 - trainer - INFO - Epoch 8/120 | Train Loss: 0.4956 | Val Loss: 0.4746 | Val F1: 0.2704 | LR: 0.001000
2025-11-21 15:19:54,860 - trainer - INFO - Epoch 9/120 | Train Loss: 0.4894 | Val Loss: 0.4783 | Val F1: 0.2123 | LR: 0.001000
2025-11-21 15:19:55,706 - trainer - INFO - Epoch 10/120 | Train Loss: 0.4849 | Val Loss: 0.5062 | Val F1: 0.2385 | LR: 0.001000
2025-11-21 15:19:56,515 - trainer - INFO - Epoch 11/120 | Train Loss: 0.4853 | Val Loss: 0.5053 | Val F1: 0.2385 | LR: 0.001000
2025-11-21 15:19:57,345 - trainer - INFO - Epoch 12/120 | Train Loss: 0.4828 | Val Loss: 0.5032 | Val F1: 0.2385 | LR: 0.001000
2025-11-21 15:19:58,173 - trainer - INFO - Epoch 13/120 | Train Loss: 0.4789 | Val Loss: 0.5039 | Val F1: 0.2385 | LR: 0.001000
2025-11-21 15:19:59,028 - trainer - INFO - Epoch 14/120 | Train Loss: 0.4777 | Val Loss: 0.5018 | Val F1: 0.2123 | LR: 0.001000
2025-11-21 15:19:59,815 - trainer - INFO - Epoch 15/120 | Train Loss: 0.4789 | Val Loss: 0.4991 | Val F1: 0.2385 | LR: 0.001000
2025-11-21 15:20:00,734 - trainer - INFO - Epoch 16/120 | Train Loss: 0.4768 | Val Loss: 0.4947 | Val F1: 0.2385 | LR: 0.001000
2025-11-21 15:20:01,609 - trainer - INFO - Epoch 17/120 | Train Loss: 0.4792 | Val Loss: 0.4943 | Val F1: 0.2123 | LR: 0.001000
2025-11-21 15:20:02,445 - trainer - INFO - Epoch 18/120 | Train Loss: 0.4766 | Val Loss: 0.4915 | Val F1: 0.2385 | LR: 0.000500
2025-11-21 15:20:03,278 - trainer - INFO - Epoch 19/120 | Train Loss: 0.4740 | Val Loss: 0.4948 | Val F1: 0.2385 | LR: 0.000500
2025-11-21 15:20:04,117 - trainer - INFO - Epoch 20/120 | Train Loss: 0.4720 | Val Loss: 0.4959 | Val F1: 0.2385 | LR: 0.000500
2025-11-21 15:20:04,988 - trainer - INFO - Epoch 21/120 | Train Loss: 0.4735 | Val Loss: 0.4944 | Val F1: 0.2385 | LR: 0.000500
2025-11-21 15:20:05,897 - trainer - INFO - Epoch 22/120 | Train Loss: 0.4718 | Val Loss: 0.4987 | Val F1: 0.2385 | LR: 0.000500
2025-11-21 15:20:06,778 - trainer - INFO - Epoch 23/120 | Train Loss: 0.4741 | Val Loss: 0.4994 | Val F1: 0.2385 | LR: 0.000500
2025-11-21 15:20:07,685 - trainer - INFO - Epoch 24/120 | Train Loss: 0.4750 | Val Loss: 0.4952 | Val F1: 0.2385 | LR: 0.000500
2025-11-21 15:20:08,593 - trainer - INFO - Epoch 25/120 | Train Loss: 0.4704 | Val Loss: 0.5008 | Val F1: 0.2385 | LR: 0.000500
2025-11-21 15:20:09,517 - trainer - INFO - Epoch 26/120 | Train Loss: 0.4711 | Val Loss: 0.4967 | Val F1: 0.2385 | LR: 0.000500
2025-11-21 15:20:10,405 - trainer - INFO - Epoch 27/120 | Train Loss: 0.4686 | Val Loss: 0.4981 | Val F1: 0.2385 | LR: 0.000250
2025-11-21 15:20:11,246 - trainer - INFO - Epoch 28/120 | Train Loss: 0.4698 | Val Loss: 0.4981 | Val F1: 0.2385 | LR: 0.000250
2025-11-21 15:20:12,080 - trainer - INFO - Epoch 29/120 | Train Loss: 0.4694 | Val Loss: 0.4971 | Val F1: 0.2385 | LR: 0.000250
2025-11-21 15:20:12,935 - trainer - INFO - Epoch 30/120 | Train Loss: 0.4699 | Val Loss: 0.4970 | Val F1: 0.2385 | LR: 0.000250
2025-11-21 15:20:13,822 - trainer - INFO - Epoch 31/120 | Train Loss: 0.4702 | Val Loss: 0.4971 | Val F1: 0.2385 | LR: 0.000250
2025-11-21 15:20:14,668 - trainer - INFO - Epoch 32/120 | Train Loss: 0.4700 | Val Loss: 0.4956 | Val F1: 0.2385 | LR: 0.000250
2025-11-21 15:20:15,550 - trainer - INFO - Epoch 33/120 | Train Loss: 0.4706 | Val Loss: 0.4982 | Val F1: 0.2385 | LR: 0.000250
2025-11-21 15:20:15,550 - trainer - INFO - 🛑 Early stopping tại epoch 33
2025-11-21 15:20:15,752 - trainer - INFO - 📉 Đã lưu biểu đồ tại: outputs/ACB_history.png
2025-11-21 15:20:15,797 - trainer - INFO - 
--- Kết quả Test cho ACB - Model: TRANSFORMER - Horizon: t+3 ---
      - Accuracy: 37.92%
      - Balanced Accuracy: 33.19%
      - Precision (Weighted): 14.47%
      - Recall (Weighted): 37.92%
      - F1-Score (Weighted): 20.94%
      - Confusion Matrix:
[[  0   0 196]
 [  0   0 173]
 [  0   1 226]]
2025-11-21 15:20:15,801 - trainer - INFO - Đã lưu model tại: models/ACB_transformer_t+3_best.pt
2025-11-21 15:20:15,801 - trainer - INFO - ===== BẮT ĐẦU HUẤN LUYỆN: ACB_transformer_t+5 =====
2025-11-21 15:20:15,849 - trainer - INFO - Đã tải 4000 mẫu cho ACB t+5
2025-11-21 15:20:15,860 - trainer - INFO - DataLoaders created: Train=2779, Val=595, Test=596
2025-11-21 15:20:15,893 - trainer - INFO - 📊 Class Distribution: Class 0=1023, Class 1=624, Class 2=1132
2025-11-21 15:20:15,893 - trainer - INFO - ⚖️  Balanced Weights (Standard): Class 0=0.9055, Class 1=1.4845, Class 2=0.8183
2025-11-21 15:20:15,893 - trainer - INFO - 🚀 Bắt đầu huấn luyện: ACB (LR=0.001)
2025-11-21 15:20:16,768 - trainer - INFO - Epoch 1/120 | Train Loss: 0.8083 | Val Loss: 0.4760 | Val F1: 0.0810 | LR: 0.001000
2025-11-21 15:20:17,607 - trainer - INFO - Epoch 2/120 | Train Loss: 0.5658 | Val Loss: 0.4839 | Val F1: 0.0431 | LR: 0.001000
2025-11-21 15:20:18,494 - trainer - INFO - Epoch 3/120 | Train Loss: 0.5234 | Val Loss: 0.4843 | Val F1: 0.0431 | LR: 0.001000
2025-11-21 15:20:19,395 - trainer - INFO - Epoch 4/120 | Train Loss: 0.5128 | Val Loss: 0.4811 | Val F1: 0.0431 | LR: 0.001000
2025-11-21 15:20:20,274 - trainer - INFO - Epoch 5/120 | Train Loss: 0.5081 | Val Loss: 0.4748 | Val F1: 0.0431 | LR: 0.001000
2025-11-21 15:20:21,152 - trainer - INFO - Epoch 6/120 | Train Loss: 0.5098 | Val Loss: 0.4845 | Val F1: 0.0431 | LR: 0.001000
2025-11-21 15:20:22,015 - trainer - INFO - Epoch 7/120 | Train Loss: 0.5069 | Val Loss: 0.4729 | Val F1: 0.1211 | LR: 0.001000
2025-11-21 15:20:22,837 - trainer - INFO - Epoch 8/120 | Train Loss: 0.5032 | Val Loss: 0.4681 | Val F1: 0.3864 | LR: 0.001000
2025-11-21 15:20:23,751 - trainer - INFO - Epoch 9/120 | Train Loss: 0.5003 | Val Loss: 0.4886 | Val F1: 0.2623 | LR: 0.001000
2025-11-21 15:20:24,615 - trainer - INFO - Epoch 10/120 | Train Loss: 0.4905 | Val Loss: 0.5067 | Val F1: 0.2623 | LR: 0.001000
2025-11-21 15:20:25,477 - trainer - INFO - Epoch 11/120 | Train Loss: 0.4855 | Val Loss: 0.5094 | Val F1: 0.2369 | LR: 0.001000
2025-11-21 15:20:26,358 - trainer - INFO - Epoch 12/120 | Train Loss: 0.4828 | Val Loss: 0.5382 | Val F1: 0.2623 | LR: 0.001000
2025-11-21 15:20:27,269 - trainer - INFO - Epoch 13/120 | Train Loss: 0.4853 | Val Loss: 0.5053 | Val F1: 0.2623 | LR: 0.001000
2025-11-21 15:20:28,172 - trainer - INFO - Epoch 14/120 | Train Loss: 0.4782 | Val Loss: 0.4848 | Val F1: 0.2369 | LR: 0.001000
2025-11-21 15:20:29,093 - trainer - INFO - Epoch 15/120 | Train Loss: 0.4789 | Val Loss: 0.4956 | Val F1: 0.2623 | LR: 0.001000
2025-11-21 15:20:29,994 - trainer - INFO - Epoch 16/120 | Train Loss: 0.4740 | Val Loss: 0.5067 | Val F1: 0.2369 | LR: 0.001000
2025-11-21 15:20:30,927 - trainer - INFO - Epoch 17/120 | Train Loss: 0.4742 | Val Loss: 0.5100 | Val F1: 0.2369 | LR: 0.001000
2025-11-21 15:20:31,750 - trainer - INFO - Epoch 18/120 | Train Loss: 0.4725 | Val Loss: 0.5167 | Val F1: 0.2623 | LR: 0.000500
2025-11-21 15:20:32,592 - trainer - INFO - Epoch 19/120 | Train Loss: 0.4720 | Val Loss: 0.5164 | Val F1: 0.2369 | LR: 0.000500
2025-11-21 15:20:33,520 - trainer - INFO - Epoch 20/120 | Train Loss: 0.4731 | Val Loss: 0.5079 | Val F1: 0.2623 | LR: 0.000500
2025-11-21 15:20:34,408 - trainer - INFO - Epoch 21/120 | Train Loss: 0.4691 | Val Loss: 0.5024 | Val F1: 0.2623 | LR: 0.000500
2025-11-21 15:20:35,399 - trainer - INFO - Epoch 22/120 | Train Loss: 0.4682 | Val Loss: 0.5026 | Val F1: 0.2623 | LR: 0.000500
2025-11-21 15:20:36,328 - trainer - INFO - Epoch 23/120 | Train Loss: 0.4663 | Val Loss: 0.5139 | Val F1: 0.2623 | LR: 0.000500
2025-11-21 15:20:37,234 - trainer - INFO - Epoch 24/120 | Train Loss: 0.4666 | Val Loss: 0.5127 | Val F1: 0.2623 | LR: 0.000500
2025-11-21 15:20:38,158 - trainer - INFO - Epoch 25/120 | Train Loss: 0.4667 | Val Loss: 0.5169 | Val F1: 0.2623 | LR: 0.000500
2025-11-21 15:20:39,086 - trainer - INFO - Epoch 26/120 | Train Loss: 0.4696 | Val Loss: 0.5098 | Val F1: 0.2623 | LR: 0.000500
2025-11-21 15:20:40,066 - trainer - INFO - Epoch 27/120 | Train Loss: 0.4638 | Val Loss: 0.5108 | Val F1: 0.2623 | LR: 0.000250
2025-11-21 15:20:40,946 - trainer - INFO - Epoch 28/120 | Train Loss: 0.4624 | Val Loss: 0.5106 | Val F1: 0.3518 | LR: 0.000250
2025-11-21 15:20:41,765 - trainer - INFO - Epoch 29/120 | Train Loss: 0.4685 | Val Loss: 0.5075 | Val F1: 0.3406 | LR: 0.000250
2025-11-21 15:20:42,683 - trainer - INFO - Epoch 30/120 | Train Loss: 0.4646 | Val Loss: 0.5091 | Val F1: 0.2623 | LR: 0.000250
2025-11-21 15:20:43,661 - trainer - INFO - Epoch 31/120 | Train Loss: 0.4649 | Val Loss: 0.5099 | Val F1: 0.2995 | LR: 0.000250
2025-11-21 15:20:44,513 - trainer - INFO - Epoch 32/120 | Train Loss: 0.4605 | Val Loss: 0.5126 | Val F1: 0.2623 | LR: 0.000250
2025-11-21 15:20:45,331 - trainer - INFO - Epoch 33/120 | Train Loss: 0.4641 | Val Loss: 0.5083 | Val F1: 0.2623 | LR: 0.000250
2025-11-21 15:20:45,331 - trainer - INFO - 🛑 Early stopping tại epoch 33
2025-11-21 15:20:45,547 - trainer - INFO - 📉 Đã lưu biểu đồ tại: outputs/ACB_history.png
2025-11-21 15:20:45,596 - trainer - INFO - 
--- Kết quả Test cho ACB - Model: TRANSFORMER - Horizon: t+5 ---
      - Accuracy: 40.60%
      - Balanced Accuracy: 32.43%
      - Precision (Weighted): 31.76%
      - Recall (Weighted): 40.60%
      - F1-Score (Weighted): 35.25%
      - Confusion Matrix:
[[ 68   0 139]
 [ 32   0  87]
 [ 96   0 174]]
2025-11-21 15:20:45,601 - trainer - INFO - Đã lưu model tại: models/ACB_transformer_t+5_best.pt
2025-11-21 15:20:45,601 - trainer - INFO - ===== BẮT ĐẦU HUẤN LUYỆN: ACB_transformer_t+30 =====
2025-11-21 15:20:45,651 - trainer - INFO - Đã tải 4000 mẫu cho ACB t+30
2025-11-21 15:20:45,664 - trainer - INFO - DataLoaders created: Train=2779, Val=595, Test=596
2025-11-21 15:20:45,706 - trainer - INFO - 📊 Class Distribution: Class 0=1189, Class 1=234, Class 2=1356
2025-11-21 15:20:45,707 - trainer - INFO - ⚖️  Balanced Weights (Standard): Class 0=0.7791, Class 1=3.9587, Class 2=0.6831
2025-11-21 15:20:45,707 - trainer - INFO - 🚀 Bắt đầu huấn luyện: ACB (LR=0.001)
2025-11-21 15:20:46,573 - trainer - INFO - Epoch 1/120 | Train Loss: 0.8483 | Val Loss: 0.4883 | Val F1: 0.2385 | LR: 0.001000
2025-11-21 15:20:47,527 - trainer - INFO - Epoch 2/120 | Train Loss: 0.6891 | Val Loss: 0.4781 | Val F1: 0.2089 | LR: 0.001000
2025-11-21 15:20:48,393 - trainer - INFO - Epoch 3/120 | Train Loss: 0.6095 | Val Loss: 0.4842 | Val F1: 0.2385 | LR: 0.001000
2025-11-21 15:20:49,288 - trainer - INFO - Epoch 4/120 | Train Loss: 0.5838 | Val Loss: 0.4800 | Val F1: 0.2385 | LR: 0.001000
2025-11-21 15:20:50,158 - trainer - INFO - Epoch 5/120 | Train Loss: 0.5786 | Val Loss: 0.4836 | Val F1: 0.2385 | LR: 0.001000
2025-11-21 15:20:51,041 - trainer - INFO - Epoch 6/120 | Train Loss: 0.5739 | Val Loss: 0.5167 | Val F1: 0.2385 | LR: 0.001000
2025-11-21 15:20:51,849 - trainer - INFO - Epoch 7/120 | Train Loss: 0.5666 | Val Loss: 0.5318 | Val F1: 0.2385 | LR: 0.001000
2025-11-21 15:20:52,638 - trainer - INFO - Epoch 8/120 | Train Loss: 0.5524 | Val Loss: 0.5670 | Val F1: 0.3665 | LR: 0.001000
2025-11-21 15:20:53,518 - trainer - INFO - Epoch 9/120 | Train Loss: 0.5401 | Val Loss: 0.5795 | Val F1: 0.2385 | LR: 0.001000
2025-11-21 15:20:54,360 - trainer - INFO - Epoch 10/120 | Train Loss: 0.5483 | Val Loss: 0.5242 | Val F1: 0.2385 | LR: 0.001000
2025-11-21 15:20:55,280 - trainer - INFO - Epoch 11/120 | Train Loss: 0.5488 | Val Loss: 0.5474 | Val F1: 0.3665 | LR: 0.001000
2025-11-21 15:20:56,160 - trainer - INFO - Epoch 12/120 | Train Loss: 0.5397 | Val Loss: 0.5405 | Val F1: 0.2385 | LR: 0.000500
2025-11-21 15:20:56,999 - trainer - INFO - Epoch 13/120 | Train Loss: 0.5431 | Val Loss: 0.5357 | Val F1: 0.3665 | LR: 0.000500
2025-11-21 15:20:57,883 - trainer - INFO - Epoch 14/120 | Train Loss: 0.5299 | Val Loss: 0.5386 | Val F1: 0.2385 | LR: 0.000500
2025-11-21 15:20:58,739 - trainer - INFO - Epoch 15/120 | Train Loss: 0.5337 | Val Loss: 0.5511 | Val F1: 0.2385 | LR: 0.000500
2025-11-21 15:20:59,665 - trainer - INFO - Epoch 16/120 | Train Loss: 0.5358 | Val Loss: 0.5372 | Val F1: 0.2385 | LR: 0.000500
2025-11-21 15:21:00,509 - trainer - INFO - Epoch 17/120 | Train Loss: 0.5340 | Val Loss: 0.5357 | Val F1: 0.2385 | LR: 0.000500
2025-11-21 15:21:01,389 - trainer - INFO - Epoch 18/120 | Train Loss: 0.5371 | Val Loss: 0.5392 | Val F1: 0.2385 | LR: 0.000500
2025-11-21 15:21:02,302 - trainer - INFO - Epoch 19/120 | Train Loss: 0.5360 | Val Loss: 0.5338 | Val F1: 0.2385 | LR: 0.000500
2025-11-21 15:21:03,109 - trainer - INFO - Epoch 20/120 | Train Loss: 0.5345 | Val Loss: 0.5350 | Val F1: 0.2385 | LR: 0.000500
2025-11-21 15:21:04,040 - trainer - INFO - Epoch 21/120 | Train Loss: 0.5276 | Val Loss: 0.5390 | Val F1: 0.2385 | LR: 0.000250
2025-11-21 15:21:04,896 - trainer - INFO - Epoch 22/120 | Train Loss: 0.5263 | Val Loss: 0.5440 | Val F1: 0.2385 | LR: 0.000250
2025-11-21 15:21:05,731 - trainer - INFO - Epoch 23/120 | Train Loss: 0.5209 | Val Loss: 0.5461 | Val F1: 0.2385 | LR: 0.000250
2025-11-21 15:21:06,580 - trainer - INFO - Epoch 24/120 | Train Loss: 0.5312 | Val Loss: 0.5421 | Val F1: 0.2385 | LR: 0.000250
2025-11-21 15:21:07,463 - trainer - INFO - Epoch 25/120 | Train Loss: 0.5275 | Val Loss: 0.5428 | Val F1: 0.2385 | LR: 0.000250
2025-11-21 15:21:08,308 - trainer - INFO - Epoch 26/120 | Train Loss: 0.5236 | Val Loss: 0.5419 | Val F1: 0.2385 | LR: 0.000250
2025-11-21 15:21:09,228 - trainer - INFO - Epoch 27/120 | Train Loss: 0.5279 | Val Loss: 0.5364 | Val F1: 0.2385 | LR: 0.000250
2025-11-21 15:21:09,228 - trainer - INFO - 🛑 Early stopping tại epoch 27
2025-11-21 15:21:09,435 - trainer - INFO - 📉 Đã lưu biểu đồ tại: outputs/ACB_history.png
2025-11-21 15:21:09,477 - trainer - INFO - 
--- Kết quả Test cho ACB - Model: TRANSFORMER - Horizon: t+30 ---
      - Accuracy: 22.32%
      - Balanced Accuracy: 29.23%
      - Precision (Weighted): 11.00%
      - Recall (Weighted): 22.32%
      - F1-Score (Weighted): 14.64%
      - Confusion Matrix:
[[114  72   0]
 [ 53  19   0]
 [187 151   0]]
2025-11-21 15:21:09,482 - trainer - INFO - Đã lưu model tại: models/ACB_transformer_t+30_best.pt
2025-11-21 15:21:09,482 - trainer - INFO - ===== BẮT ĐẦU HUẤN LUYỆN: ACB_transformer_t+60 =====
2025-11-21 15:21:09,533 - trainer - INFO - Đã tải 4000 mẫu cho ACB t+60
2025-11-21 15:21:09,546 - trainer - INFO - DataLoaders created: Train=2779, Val=595, Test=596
2025-11-21 15:21:09,578 - trainer - INFO - 📊 Class Distribution: Class 0=1120, Class 1=129, Class 2=1530
2025-11-21 15:21:09,578 - trainer - INFO - ⚖️  Balanced Weights (Standard): Class 0=0.8271, Class 1=7.1809, Class 2=0.6054
2025-11-21 15:21:09,578 - trainer - INFO - 🚀 Bắt đầu huấn luyện: ACB (LR=0.001)
2025-11-21 15:21:10,520 - trainer - INFO - Epoch 1/120 | Train Loss: 0.8263 | Val Loss: 0.5121 | Val F1: 0.2589 | LR: 0.001000
2025-11-21 15:21:11,402 - trainer - INFO - Epoch 2/120 | Train Loss: 0.6674 | Val Loss: 0.5074 | Val F1: 0.2589 | LR: 0.001000
2025-11-21 15:21:12,313 - trainer - INFO - Epoch 3/120 | Train Loss: 0.6264 | Val Loss: 0.5082 | Val F1: 0.2589 | LR: 0.001000
2025-11-21 15:21:13,138 - trainer - INFO - Epoch 4/120 | Train Loss: 0.6089 | Val Loss: 0.5193 | Val F1: 0.2589 | LR: 0.001000
2025-11-21 15:21:13,981 - trainer - INFO - Epoch 5/120 | Train Loss: 0.6311 | Val Loss: 0.5104 | Val F1: 0.2589 | LR: 0.001000
2025-11-21 15:21:14,884 - trainer - INFO - Epoch 6/120 | Train Loss: 0.6174 | Val Loss: 0.5216 | Val F1: 0.2589 | LR: 0.001000
2025-11-21 15:21:15,715 - trainer - INFO - Epoch 7/120 | Train Loss: 0.6107 | Val Loss: 0.5195 | Val F1: 0.2589 | LR: 0.001000
2025-11-21 15:21:16,594 - trainer - INFO - Epoch 8/120 | Train Loss: 0.5738 | Val Loss: 0.5267 | Val F1: 0.2589 | LR: 0.001000
2025-11-21 15:21:17,531 - trainer - INFO - Epoch 9/120 | Train Loss: 0.5864 | Val Loss: 0.5638 | Val F1: 0.2589 | LR: 0.001000
2025-11-21 15:21:18,487 - trainer - INFO - Epoch 10/120 | Train Loss: 0.5870 | Val Loss: 0.6225 | Val F1: 0.2589 | LR: 0.001000
2025-11-21 15:21:19,325 - trainer - INFO - Epoch 11/120 | Train Loss: 0.5975 | Val Loss: 0.5583 | Val F1: 0.2589 | LR: 0.001000
2025-11-21 15:21:20,243 - trainer - INFO - Epoch 12/120 | Train Loss: 0.5764 | Val Loss: 0.5768 | Val F1: 0.2589 | LR: 0.000500
2025-11-21 15:21:21,094 - trainer - INFO - Epoch 13/120 | Train Loss: 0.5851 | Val Loss: 0.5596 | Val F1: 0.2589 | LR: 0.000500
2025-11-21 15:21:22,043 - trainer - INFO - Epoch 14/120 | Train Loss: 0.5589 | Val Loss: 0.5442 | Val F1: 0.2589 | LR: 0.000500
2025-11-21 15:21:22,947 - trainer - INFO - Epoch 15/120 | Train Loss: 0.5722 | Val Loss: 0.5982 | Val F1: 0.2589 | LR: 0.000500
2025-11-21 15:21:23,868 - trainer - INFO - Epoch 16/120 | Train Loss: 0.5849 | Val Loss: 0.5868 | Val F1: 0.2589 | LR: 0.000500
2025-11-21 15:21:24,768 - trainer - INFO - Epoch 17/120 | Train Loss: 0.5794 | Val Loss: 0.5697 | Val F1: 0.2589 | LR: 0.000500
2025-11-21 15:21:25,643 - trainer - INFO - Epoch 18/120 | Train Loss: 0.5835 | Val Loss: 0.5571 | Val F1: 0.2589 | LR: 0.000500
2025-11-21 15:21:26,537 - trainer - INFO - Epoch 19/120 | Train Loss: 0.5692 | Val Loss: 0.5384 | Val F1: 0.2589 | LR: 0.000500
2025-11-21 15:21:27,467 - trainer - INFO - Epoch 20/120 | Train Loss: 0.5672 | Val Loss: 0.5578 | Val F1: 0.2589 | LR: 0.000500
2025-11-21 15:21:28,404 - trainer - INFO - Epoch 21/120 | Train Loss: 0.5715 | Val Loss: 0.5618 | Val F1: 0.2589 | LR: 0.000250
2025-11-21 15:21:29,276 - trainer - INFO - Epoch 22/120 | Train Loss: 0.5499 | Val Loss: 0.5580 | Val F1: 0.2589 | LR: 0.000250
2025-11-21 15:21:30,218 - trainer - INFO - Epoch 23/120 | Train Loss: 0.5592 | Val Loss: 0.5597 | Val F1: 0.2589 | LR: 0.000250
2025-11-21 15:21:31,077 - trainer - INFO - Epoch 24/120 | Train Loss: 0.5611 | Val Loss: 0.5573 | Val F1: 0.2589 | LR: 0.000250
2025-11-21 15:21:31,946 - trainer - INFO - Epoch 25/120 | Train Loss: 0.5606 | Val Loss: 0.5539 | Val F1: 0.2589 | LR: 0.000250
2025-11-21 15:21:32,784 - trainer - INFO - Epoch 26/120 | Train Loss: 0.5538 | Val Loss: 0.5516 | Val F1: 0.2589 | LR: 0.000250
2025-11-21 15:21:33,683 - trainer - INFO - Epoch 27/120 | Train Loss: 0.5492 | Val Loss: 0.5552 | Val F1: 0.2589 | LR: 0.000250
2025-11-21 15:21:33,683 - trainer - INFO - 🛑 Early stopping tại epoch 27
2025-11-21 15:21:33,886 - trainer - INFO - 📉 Đã lưu biểu đồ tại: outputs/ACB_history.png
2025-11-21 15:21:33,935 - trainer - INFO - 
--- Kết quả Test cho ACB - Model: TRANSFORMER - Horizon: t+60 ---
      - Accuracy: 21.48%
      - Balanced Accuracy: 33.33%
      - Precision (Weighted): 4.61%
      - Recall (Weighted): 21.48%
      - F1-Score (Weighted): 7.59%
      - Confusion Matrix:
[[128   0   0]
 [ 98   0   0]
 [370   0   0]]
2025-11-21 15:21:33,940 - trainer - INFO - Đã lưu model tại: models/ACB_transformer_t+60_best.pt
2025-11-21 15:21:33,940 - trainer - INFO - ===== BẮT ĐẦU HUẤN LUYỆN: ACB_transformer_t+90 =====
2025-11-21 15:21:33,991 - trainer - INFO - Đã tải 4000 mẫu cho ACB t+90
2025-11-21 15:21:34,003 - trainer - INFO - DataLoaders created: Train=2779, Val=595, Test=596
2025-11-21 15:21:34,036 - trainer - INFO - 📊 Class Distribution: Class 0=1100, Class 1=150, Class 2=1529
2025-11-21 15:21:34,037 - trainer - INFO - ⚖️  Balanced Weights (Standard): Class 0=0.8421, Class 1=6.1756, Class 2=0.6058
2025-11-21 15:21:34,037 - trainer - INFO - 🚀 Bắt đầu huấn luyện: ACB (LR=0.001)
2025-11-21 15:21:35,053 - trainer - INFO - Epoch 1/120 | Train Loss: 0.8430 | Val Loss: 0.4807 | Val F1: 0.5861 | LR: 0.001000
2025-11-21 15:21:35,962 - trainer - INFO - Epoch 2/120 | Train Loss: 0.6807 | Val Loss: 0.5292 | Val F1: 0.2780 | LR: 0.001000
2025-11-21 15:21:36,804 - trainer - INFO - Epoch 3/120 | Train Loss: 0.6455 | Val Loss: 0.4777 | Val F1: 0.2780 | LR: 0.001000
2025-11-21 15:21:37,730 - trainer - INFO - Epoch 4/120 | Train Loss: 0.6143 | Val Loss: 0.4953 | Val F1: 0.2780 | LR: 0.001000
2025-11-21 15:21:38,624 - trainer - INFO - Epoch 5/120 | Train Loss: 0.5982 | Val Loss: 0.4676 | Val F1: 0.2780 | LR: 0.001000
2025-11-21 15:21:39,491 - trainer - INFO - Epoch 6/120 | Train Loss: 0.5822 | Val Loss: 0.5118 | Val F1: 0.2780 | LR: 0.001000
2025-11-21 15:21:40,447 - trainer - INFO - Epoch 7/120 | Train Loss: 0.5834 | Val Loss: 0.5119 | Val F1: 0.2780 | LR: 0.001000
2025-11-21 15:21:41,368 - trainer - INFO - Epoch 8/120 | Train Loss: 0.5850 | Val Loss: 0.5113 | Val F1: 0.2780 | LR: 0.001000
2025-11-21 15:21:42,275 - trainer - INFO - Epoch 9/120 | Train Loss: 0.5792 | Val Loss: 0.5471 | Val F1: 0.2780 | LR: 0.001000
2025-11-21 15:21:43,165 - trainer - INFO - Epoch 10/120 | Train Loss: 0.5843 | Val Loss: 0.5195 | Val F1: 0.2780 | LR: 0.001000
2025-11-21 15:21:44,045 - trainer - INFO - Epoch 11/120 | Train Loss: 0.5798 | Val Loss: 0.5081 | Val F1: 0.2780 | LR: 0.001000
2025-11-21 15:21:44,929 - trainer - INFO - Epoch 12/120 | Train Loss: 0.5693 | Val Loss: 0.5095 | Val F1: 0.2780 | LR: 0.001000
2025-11-21 15:21:45,848 - trainer - INFO - Epoch 13/120 | Train Loss: 0.5808 | Val Loss: 0.5041 | Val F1: 0.2780 | LR: 0.001000
2025-11-21 15:21:46,836 - trainer - INFO - Epoch 14/120 | Train Loss: 0.5761 | Val Loss: 0.5158 | Val F1: 0.2780 | LR: 0.001000
2025-11-21 15:21:47,769 - trainer - INFO - Epoch 15/120 | Train Loss: 0.5650 | Val Loss: 0.5088 | Val F1: 0.2780 | LR: 0.000500
2025-11-21 15:21:48,636 - trainer - INFO - Epoch 16/120 | Train Loss: 0.5696 | Val Loss: 0.5000 | Val F1: 0.2780 | LR: 0.000500
2025-11-21 15:21:49,465 - trainer - INFO - Epoch 17/120 | Train Loss: 0.5548 | Val Loss: 0.5043 | Val F1: 0.2780 | LR: 0.000500
2025-11-21 15:21:50,309 - trainer - INFO - Epoch 18/120 | Train Loss: 0.5503 | Val Loss: 0.5119 | Val F1: 0.2780 | LR: 0.000500
2025-11-21 15:21:51,238 - trainer - INFO - Epoch 19/120 | Train Loss: 0.5668 | Val Loss: 0.4977 | Val F1: 0.2780 | LR: 0.000500
2025-11-21 15:21:52,019 - trainer - INFO - Epoch 20/120 | Train Loss: 0.5484 | Val Loss: 0.5039 | Val F1: 0.2780 | LR: 0.000500
2025-11-21 15:21:52,874 - trainer - INFO - Epoch 21/120 | Train Loss: 0.5541 | Val Loss: 0.5188 | Val F1: 0.2780 | LR: 0.000500
2025-11-21 15:21:53,789 - trainer - INFO - Epoch 22/120 | Train Loss: 0.5621 | Val Loss: 0.5052 | Val F1: 0.2780 | LR: 0.000500
2025-11-21 15:21:54,686 - trainer - INFO - Epoch 23/120 | Train Loss: 0.5610 | Val Loss: 0.4970 | Val F1: 0.2780 | LR: 0.000500
2025-11-21 15:21:55,495 - trainer - INFO - Epoch 24/120 | Train Loss: 0.5563 | Val Loss: 0.4989 | Val F1: 0.2780 | LR: 0.000250
2025-11-21 15:21:56,377 - trainer - INFO - Epoch 25/120 | Train Loss: 0.5538 | Val Loss: 0.4982 | Val F1: 0.2780 | LR: 0.000250
2025-11-21 15:21:57,379 - trainer - INFO - Epoch 26/120 | Train Loss: 0.5620 | Val Loss: 0.5010 | Val F1: 0.2780 | LR: 0.000250
2025-11-21 15:21:58,260 - trainer - INFO - Epoch 27/120 | Train Loss: 0.5528 | Val Loss: 0.5038 | Val F1: 0.2780 | LR: 0.000250
2025-11-21 15:21:59,139 - trainer - INFO - Epoch 28/120 | Train Loss: 0.5724 | Val Loss: 0.4969 | Val F1: 0.2780 | LR: 0.000250
2025-11-21 15:22:00,053 - trainer - INFO - Epoch 29/120 | Train Loss: 0.5666 | Val Loss: 0.4966 | Val F1: 0.2780 | LR: 0.000250
2025-11-21 15:22:00,927 - trainer - INFO - Epoch 30/120 | Train Loss: 0.5495 | Val Loss: 0.4993 | Val F1: 0.2780 | LR: 0.000250
2025-11-21 15:22:00,927 - trainer - INFO - 🛑 Early stopping tại epoch 30
2025-11-21 15:22:01,141 - trainer - INFO - 📉 Đã lưu biểu đồ tại: outputs/ACB_history.png
2025-11-21 15:22:01,182 - trainer - INFO - 
--- Kết quả Test cho ACB - Model: TRANSFORMER - Horizon: t+90 ---
      - Accuracy: 11.58%
      - Balanced Accuracy: 33.33%
      - Precision (Weighted): 1.34%
      - Recall (Weighted): 11.58%
      - F1-Score (Weighted): 2.40%
      - Confusion Matrix:
[[ 69   0   0]
 [106   0   0]
 [421   0   0]]
2025-11-21 15:22:01,187 - trainer - INFO - Đã lưu model tại: models/ACB_transformer_t+90_best.pt
